<?xml version="1.0"?>
<link_info>
   <banner>TI ARM Linker PC v5.2.9</banner>
   <copyright>Copyright (c) 1996-2017 Texas Instruments Incorporated</copyright>
   <link_time>0x598aec8a</link_time>
   <link_errors>0x0</link_errors>
   <output_file>distance_with_infrared.out</output_file>
   <entry_point>
      <name>_c_int00</name>
      <address>0x200106a9</address>
   </entry_point>
   <input_file_list>
      <input_file id="fl-2">
         <path>.\</path>
         <kind>object</kind>
         <file>device_status.obj</file>
         <name>device_status.obj</name>
      </input_file>
      <input_file id="fl-3">
         <path>.\</path>
         <kind>object</kind>
         <file>gpio_if.obj</file>
         <name>gpio_if.obj</name>
      </input_file>
      <input_file id="fl-4">
         <path>.\</path>
         <kind>object</kind>
         <file>i2c_if.obj</file>
         <name>i2c_if.obj</name>
      </input_file>
      <input_file id="fl-5">
         <path>.\</path>
         <kind>object</kind>
         <file>main.obj</file>
         <name>main.obj</name>
      </input_file>
      <input_file id="fl-6">
         <path>.\</path>
         <kind>object</kind>
         <file>pinmux.obj</file>
         <name>pinmux.obj</name>
      </input_file>
      <input_file id="fl-7">
         <path>.\</path>
         <kind>object</kind>
         <file>smartconfig.obj</file>
         <name>smartconfig.obj</name>
      </input_file>
      <input_file id="fl-8">
         <path>.\</path>
         <kind>object</kind>
         <file>startup_ccs.obj</file>
         <name>startup_ccs.obj</name>
      </input_file>
      <input_file id="fl-9">
         <path>.\</path>
         <kind>object</kind>
         <file>uart_if.obj</file>
         <name>uart_if.obj</name>
      </input_file>
      <input_file id="fl-a">
         <path>.\rotate\</path>
         <kind>object</kind>
         <file>move.obj</file>
         <name>move.obj</name>
      </input_file>
      <input_file id="fl-b">
         <path>.\rotate\</path>
         <kind>object</kind>
         <file>rotate.obj</file>
         <name>rotate.obj</name>
      </input_file>
      <input_file id="fl-134">
         <path>C:\ti\ccsv6\tools\compiler\ti-cgt-arm_5.2.9\lib\</path>
         <kind>archive</kind>
         <file>rtsv7M4_T_le_eabi.lib</file>
         <name>boot.obj</name>
      </input_file>
      <input_file id="fl-135">
         <path>C:\ti\ccsv6\tools\compiler\ti-cgt-arm_5.2.9\lib\</path>
         <kind>archive</kind>
         <file>rtsv7M4_T_le_eabi.lib</file>
         <name>copy_decompress_none.obj</name>
      </input_file>
      <input_file id="fl-136">
         <path>C:\ti\ccsv6\tools\compiler\ti-cgt-arm_5.2.9\lib\</path>
         <kind>archive</kind>
         <file>rtsv7M4_T_le_eabi.lib</file>
         <name>copy_decompress_rle.obj</name>
      </input_file>
      <input_file id="fl-137">
         <path>C:\ti\ccsv6\tools\compiler\ti-cgt-arm_5.2.9\lib\</path>
         <kind>archive</kind>
         <file>rtsv7M4_T_le_eabi.lib</file>
         <name>copy_zero_init.obj</name>
      </input_file>
      <input_file id="fl-138">
         <path>C:\ti\ccsv6\tools\compiler\ti-cgt-arm_5.2.9\lib\</path>
         <kind>archive</kind>
         <file>rtsv7M4_T_le_eabi.lib</file>
         <name>exit.obj</name>
      </input_file>
      <input_file id="fl-139">
         <path>C:\ti\ccsv6\tools\compiler\ti-cgt-arm_5.2.9\lib\</path>
         <kind>archive</kind>
         <file>rtsv7M4_T_le_eabi.lib</file>
         <name>fs_cmp_t2.obj</name>
      </input_file>
      <input_file id="fl-13a">
         <path>C:\ti\ccsv6\tools\compiler\ti-cgt-arm_5.2.9\lib\</path>
         <kind>archive</kind>
         <file>rtsv7M4_T_le_eabi.lib</file>
         <name>fs_div_t2.obj</name>
      </input_file>
      <input_file id="fl-13b">
         <path>C:\ti\ccsv6\tools\compiler\ti-cgt-arm_5.2.9\lib\</path>
         <kind>archive</kind>
         <file>rtsv7M4_T_le_eabi.lib</file>
         <name>fs_mul_t2.obj</name>
      </input_file>
      <input_file id="fl-13c">
         <path>C:\ti\ccsv6\tools\compiler\ti-cgt-arm_5.2.9\lib\</path>
         <kind>archive</kind>
         <file>rtsv7M4_T_le_eabi.lib</file>
         <name>fs_tod_t2.obj</name>
      </input_file>
      <input_file id="fl-13d">
         <path>C:\ti\ccsv6\tools\compiler\ti-cgt-arm_5.2.9\lib\</path>
         <kind>archive</kind>
         <file>rtsv7M4_T_le_eabi.lib</file>
         <name>fs_tou_t2.obj</name>
      </input_file>
      <input_file id="fl-13e">
         <path>C:\ti\ccsv6\tools\compiler\ti-cgt-arm_5.2.9\lib\</path>
         <kind>archive</kind>
         <file>rtsv7M4_T_le_eabi.lib</file>
         <name>ll_div_t2.obj</name>
      </input_file>
      <input_file id="fl-13f">
         <path>C:\ti\ccsv6\tools\compiler\ti-cgt-arm_5.2.9\lib\</path>
         <kind>archive</kind>
         <file>rtsv7M4_T_le_eabi.lib</file>
         <name>memcpy_t2.obj</name>
      </input_file>
      <input_file id="fl-140">
         <path>C:\ti\ccsv6\tools\compiler\ti-cgt-arm_5.2.9\lib\</path>
         <kind>archive</kind>
         <file>rtsv7M4_T_le_eabi.lib</file>
         <name>memmov.obj</name>
      </input_file>
      <input_file id="fl-141">
         <path>C:\ti\ccsv6\tools\compiler\ti-cgt-arm_5.2.9\lib\</path>
         <kind>archive</kind>
         <file>rtsv7M4_T_le_eabi.lib</file>
         <name>memory.obj</name>
      </input_file>
      <input_file id="fl-142">
         <path>C:\ti\ccsv6\tools\compiler\ti-cgt-arm_5.2.9\lib\</path>
         <kind>archive</kind>
         <file>rtsv7M4_T_le_eabi.lib</file>
         <name>memset_t2.obj</name>
      </input_file>
      <input_file id="fl-143">
         <path>C:\ti\ccsv6\tools\compiler\ti-cgt-arm_5.2.9\lib\</path>
         <kind>archive</kind>
         <file>rtsv7M4_T_le_eabi.lib</file>
         <name>pre_init.obj</name>
      </input_file>
      <input_file id="fl-144">
         <path>C:\ti\ccsv6\tools\compiler\ti-cgt-arm_5.2.9\lib\</path>
         <kind>archive</kind>
         <file>rtsv7M4_T_le_eabi.lib</file>
         <name>sprintf.obj</name>
      </input_file>
      <input_file id="fl-145">
         <path>C:\ti\ccsv6\tools\compiler\ti-cgt-arm_5.2.9\lib\</path>
         <kind>archive</kind>
         <file>rtsv7M4_T_le_eabi.lib</file>
         <name>sscanf.obj</name>
      </input_file>
      <input_file id="fl-146">
         <path>C:\ti\ccsv6\tools\compiler\ti-cgt-arm_5.2.9\lib\</path>
         <kind>archive</kind>
         <file>rtsv7M4_T_le_eabi.lib</file>
         <name>stkdepth_vars.obj</name>
      </input_file>
      <input_file id="fl-147">
         <path>C:\ti\ccsv6\tools\compiler\ti-cgt-arm_5.2.9\lib\</path>
         <kind>archive</kind>
         <file>rtsv7M4_T_le_eabi.lib</file>
         <name>strcmp.obj</name>
      </input_file>
      <input_file id="fl-148">
         <path>C:\ti\ccsv6\tools\compiler\ti-cgt-arm_5.2.9\lib\</path>
         <kind>archive</kind>
         <file>rtsv7M4_T_le_eabi.lib</file>
         <name>strlen.obj</name>
      </input_file>
      <input_file id="fl-149">
         <path>C:\ti\ccsv6\tools\compiler\ti-cgt-arm_5.2.9\lib\</path>
         <kind>archive</kind>
         <file>rtsv7M4_T_le_eabi.lib</file>
         <name>strtok.obj</name>
      </input_file>
      <input_file id="fl-14a">
         <path>C:\ti\ccsv6\tools\compiler\ti-cgt-arm_5.2.9\lib\</path>
         <kind>archive</kind>
         <file>rtsv7M4_T_le_eabi.lib</file>
         <name>strtoul.obj</name>
      </input_file>
      <input_file id="fl-14b">
         <path>C:\ti\ccsv6\tools\compiler\ti-cgt-arm_5.2.9\lib\</path>
         <kind>archive</kind>
         <file>rtsv7M4_T_le_eabi.lib</file>
         <name>vsnprintf.obj</name>
      </input_file>
      <input_file id="fl-14c">
         <path>C:\ti\ccsv6\tools\compiler\ti-cgt-arm_5.2.9\lib\</path>
         <kind>archive</kind>
         <file>rtsv7M4_T_le_eabi.lib</file>
         <name>_lock.obj</name>
      </input_file>
      <input_file id="fl-14d">
         <path>C:\ti\ccsv6\tools\compiler\ti-cgt-arm_5.2.9\lib\</path>
         <kind>archive</kind>
         <file>rtsv7M4_T_le_eabi.lib</file>
         <name>_printfi.obj</name>
      </input_file>
      <input_file id="fl-14e">
         <path>C:\ti\ccsv6\tools\compiler\ti-cgt-arm_5.2.9\lib\</path>
         <kind>archive</kind>
         <file>rtsv7M4_T_le_eabi.lib</file>
         <name>_scanfi.obj</name>
      </input_file>
      <input_file id="fl-14f">
         <path>C:\ti\ccsv6\tools\compiler\ti-cgt-arm_5.2.9\lib\</path>
         <kind>archive</kind>
         <file>rtsv7M4_T_le_eabi.lib</file>
         <name>args_main.obj</name>
      </input_file>
      <input_file id="fl-150">
         <path>C:\ti\ccsv6\tools\compiler\ti-cgt-arm_5.2.9\lib\</path>
         <kind>archive</kind>
         <file>rtsv7M4_T_le_eabi.lib</file>
         <name>atoi.obj</name>
      </input_file>
      <input_file id="fl-151">
         <path>C:\ti\ccsv6\tools\compiler\ti-cgt-arm_5.2.9\lib\</path>
         <kind>archive</kind>
         <file>rtsv7M4_T_le_eabi.lib</file>
         <name>autoinit.obj</name>
      </input_file>
      <input_file id="fl-152">
         <path>C:\ti\ccsv6\tools\compiler\ti-cgt-arm_5.2.9\lib\</path>
         <kind>archive</kind>
         <file>rtsv7M4_T_le_eabi.lib</file>
         <name>cpy_tbl.obj</name>
      </input_file>
      <input_file id="fl-153">
         <path>C:\ti\ccsv6\tools\compiler\ti-cgt-arm_5.2.9\lib\</path>
         <kind>archive</kind>
         <file>rtsv7M4_T_le_eabi.lib</file>
         <name>ctype.obj</name>
      </input_file>
      <input_file id="fl-154">
         <path>C:\ti\ccsv6\tools\compiler\ti-cgt-arm_5.2.9\lib\</path>
         <kind>archive</kind>
         <file>rtsv7M4_T_le_eabi.lib</file>
         <name>errno.obj</name>
      </input_file>
      <input_file id="fl-155">
         <path>C:\ti\ccsv6\tools\compiler\ti-cgt-arm_5.2.9\lib\</path>
         <kind>archive</kind>
         <file>rtsv7M4_T_le_eabi.lib</file>
         <name>fd_add_t2.obj</name>
      </input_file>
      <input_file id="fl-156">
         <path>C:\ti\ccsv6\tools\compiler\ti-cgt-arm_5.2.9\lib\</path>
         <kind>archive</kind>
         <file>rtsv7M4_T_le_eabi.lib</file>
         <name>fd_cmp_t2.obj</name>
      </input_file>
      <input_file id="fl-157">
         <path>C:\ti\ccsv6\tools\compiler\ti-cgt-arm_5.2.9\lib\</path>
         <kind>archive</kind>
         <file>rtsv7M4_T_le_eabi.lib</file>
         <name>fd_div_t2.obj</name>
      </input_file>
      <input_file id="fl-158">
         <path>C:\ti\ccsv6\tools\compiler\ti-cgt-arm_5.2.9\lib\</path>
         <kind>archive</kind>
         <file>rtsv7M4_T_le_eabi.lib</file>
         <name>fd_mul_t2.obj</name>
      </input_file>
      <input_file id="fl-159">
         <path>C:\ti\ccsv6\tools\compiler\ti-cgt-arm_5.2.9\lib\</path>
         <kind>archive</kind>
         <file>rtsv7M4_T_le_eabi.lib</file>
         <name>fd_toi_t2.obj</name>
      </input_file>
      <input_file id="fl-15a">
         <path>C:\ti\ccsv6\tools\compiler\ti-cgt-arm_5.2.9\lib\</path>
         <kind>archive</kind>
         <file>rtsv7M4_T_le_eabi.lib</file>
         <name>fd_tos_t2.obj</name>
      </input_file>
      <input_file id="fl-15b">
         <path>C:\ti\ccsv6\tools\compiler\ti-cgt-arm_5.2.9\lib\</path>
         <kind>archive</kind>
         <file>rtsv7M4_T_le_eabi.lib</file>
         <name>frexp.obj</name>
      </input_file>
      <input_file id="fl-15c">
         <path>C:\ti\ccsv6\tools\compiler\ti-cgt-arm_5.2.9\lib\</path>
         <kind>archive</kind>
         <file>rtsv7M4_T_le_eabi.lib</file>
         <name>fs_toi_t2.obj</name>
      </input_file>
      <input_file id="fl-15d">
         <path>C:\ti\ccsv6\tools\compiler\ti-cgt-arm_5.2.9\lib\</path>
         <kind>archive</kind>
         <file>rtsv7M4_T_le_eabi.lib</file>
         <name>i_tofd_t2.obj</name>
      </input_file>
      <input_file id="fl-15e">
         <path>C:\ti\ccsv6\tools\compiler\ti-cgt-arm_5.2.9\lib\</path>
         <kind>archive</kind>
         <file>rtsv7M4_T_le_eabi.lib</file>
         <name>l_div0.obj</name>
      </input_file>
      <input_file id="fl-15f">
         <path>C:\ti\ccsv6\tools\compiler\ti-cgt-arm_5.2.9\lib\</path>
         <kind>archive</kind>
         <file>rtsv7M4_T_le_eabi.lib</file>
         <name>ldexp.obj</name>
      </input_file>
      <input_file id="fl-160">
         <path>C:\ti\ccsv6\tools\compiler\ti-cgt-arm_5.2.9\lib\</path>
         <kind>archive</kind>
         <file>rtsv7M4_T_le_eabi.lib</file>
         <name>ltoa.obj</name>
      </input_file>
      <input_file id="fl-161">
         <path>C:\ti\ccsv6\tools\compiler\ti-cgt-arm_5.2.9\lib\</path>
         <kind>archive</kind>
         <file>rtsv7M4_T_le_eabi.lib</file>
         <name>memccpy.obj</name>
      </input_file>
      <input_file id="fl-162">
         <path>C:\ti\ccsv6\tools\compiler\ti-cgt-arm_5.2.9\lib\</path>
         <kind>archive</kind>
         <file>rtsv7M4_T_le_eabi.lib</file>
         <name>strchr.obj</name>
      </input_file>
      <input_file id="fl-163">
         <path>C:\ti\ccsv6\tools\compiler\ti-cgt-arm_5.2.9\lib\</path>
         <kind>archive</kind>
         <file>rtsv7M4_T_le_eabi.lib</file>
         <name>strcpy.obj</name>
      </input_file>
      <input_file id="fl-164">
         <path>C:\ti\ccsv6\tools\compiler\ti-cgt-arm_5.2.9\lib\</path>
         <kind>archive</kind>
         <file>rtsv7M4_T_le_eabi.lib</file>
         <name>strcspn.obj</name>
      </input_file>
      <input_file id="fl-165">
         <path>C:\ti\ccsv6\tools\compiler\ti-cgt-arm_5.2.9\lib\</path>
         <kind>archive</kind>
         <file>rtsv7M4_T_le_eabi.lib</file>
         <name>strrchr.obj</name>
      </input_file>
      <input_file id="fl-166">
         <path>C:\ti\ccsv6\tools\compiler\ti-cgt-arm_5.2.9\lib\</path>
         <kind>archive</kind>
         <file>rtsv7M4_T_le_eabi.lib</file>
         <name>strspn.obj</name>
      </input_file>
      <input_file id="fl-167">
         <path>C:\ti\ccsv6\tools\compiler\ti-cgt-arm_5.2.9\lib\</path>
         <kind>archive</kind>
         <file>rtsv7M4_T_le_eabi.lib</file>
         <name>strtod.obj</name>
      </input_file>
      <input_file id="fl-168">
         <path>C:\ti\ccsv6\tools\compiler\ti-cgt-arm_5.2.9\lib\</path>
         <kind>archive</kind>
         <file>rtsv7M4_T_le_eabi.lib</file>
         <name>strtol.obj</name>
      </input_file>
      <input_file id="fl-169">
         <path>C:\ti\ccsv6\tools\compiler\ti-cgt-arm_5.2.9\lib\</path>
         <kind>archive</kind>
         <file>rtsv7M4_T_le_eabi.lib</file>
         <name>strtoll.obj</name>
      </input_file>
      <input_file id="fl-16a">
         <path>C:\ti\ccsv6\tools\compiler\ti-cgt-arm_5.2.9\lib\</path>
         <kind>archive</kind>
         <file>rtsv7M4_T_le_eabi.lib</file>
         <name>strtoull.obj</name>
      </input_file>
      <input_file id="fl-16b">
         <path>C:\ti\ccsv6\tools\compiler\ti-cgt-arm_5.2.9\lib\</path>
         <kind>archive</kind>
         <file>rtsv7M4_T_le_eabi.lib</file>
         <name>ull_div_t2.obj</name>
      </input_file>
      <input_file id="fl-16c">
         <path>C:\ti\ccsv6\tools\compiler\ti-cgt-arm_5.2.9\lib\</path>
         <kind>archive</kind>
         <file>rtsv7M4_T_le_eabi.lib</file>
         <name>xdscale.obj</name>
      </input_file>
      <input_file id="fl-16d">
         <path>C:\ti\ccsv6\tools\compiler\ti-cgt-arm_5.2.9\lib\</path>
         <kind>archive</kind>
         <file>rtsv7M4_T_le_eabi.lib</file>
         <name>xdunscal.obj</name>
      </input_file>
      <input_file id="fl-16e">
         <path>C:\ti\ccsv6\tools\compiler\ti-cgt-arm_5.2.9\lib\</path>
         <kind>archive</kind>
         <file>rtsv7M4_T_le_eabi.lib</file>
         <name>xferaise.obj</name>
      </input_file>
      <input_file id="fl-16f">
         <path>C:\ti\ccsv6\tools\compiler\ti-cgt-arm_5.2.9\lib\</path>
         <kind>archive</kind>
         <file>rtsv7M4_T_le_eabi.lib</file>
         <name>xvalues.obj</name>
      </input_file>
      <input_file id="fl-170">
         <path>C:\ti\ccsv6\tools\compiler\ti-cgt-arm_5.2.9\lib\</path>
         <kind>archive</kind>
         <file>rtsv7M4_T_le_eabi.lib</file>
         <name>feraiseexcept.obj</name>
      </input_file>
      <input_file id="fl-171">
         <path>C:\ti\ccsv6\tools\compiler\ti-cgt-arm_5.2.9\lib\</path>
         <kind>archive</kind>
         <file>rtsv7M4_T_le_eabi.lib</file>
         <name>ll_mul_t2.obj</name>
      </input_file>
      <input_file id="fl-172">
         <path>C:\ti\ccsv6\tools\compiler\ti-cgt-arm_5.2.9\lib\</path>
         <kind>archive</kind>
         <file>rtsv7M4_T_le_eabi.lib</file>
         <name>raise.obj</name>
      </input_file>
      <input_file id="fl-173">
         <path>C:\ti\ccsv6\tools\compiler\ti-cgt-arm_5.2.9\lib\</path>
         <kind>archive</kind>
         <file>rtsv7M4_T_le_eabi.lib</file>
         <name>signal.obj</name>
      </input_file>
      <input_file id="fl-174">
         <path>C:\ti\ccsv6\tools\compiler\ti-cgt-arm_5.2.9\lib\</path>
         <kind>archive</kind>
         <file>rtsv7M4_T_le_eabi.lib</file>
         <name>xdnorm.obj</name>
      </input_file>
      <input_file id="fl-175">
         <path>C:\ti\CC3200SDK_1.1.0\cc3200-sdk\driverlib\ccs\Release\</path>
         <kind>archive</kind>
         <file>driverlib.a</file>
         <name>gpio.obj</name>
      </input_file>
      <input_file id="fl-176">
         <path>C:\ti\CC3200SDK_1.1.0\cc3200-sdk\driverlib\ccs\Release\</path>
         <kind>archive</kind>
         <file>driverlib.a</file>
         <name>i2c.obj</name>
      </input_file>
      <input_file id="fl-177">
         <path>C:\ti\CC3200SDK_1.1.0\cc3200-sdk\driverlib\ccs\Release\</path>
         <kind>archive</kind>
         <file>driverlib.a</file>
         <name>interrupt.obj</name>
      </input_file>
      <input_file id="fl-178">
         <path>C:\ti\CC3200SDK_1.1.0\cc3200-sdk\driverlib\ccs\Release\</path>
         <kind>archive</kind>
         <file>driverlib.a</file>
         <name>pin.obj</name>
      </input_file>
      <input_file id="fl-179">
         <path>C:\ti\CC3200SDK_1.1.0\cc3200-sdk\driverlib\ccs\Release\</path>
         <kind>archive</kind>
         <file>driverlib.a</file>
         <name>prcm.obj</name>
      </input_file>
      <input_file id="fl-17a">
         <path>C:\ti\CC3200SDK_1.1.0\cc3200-sdk\driverlib\ccs\Release\</path>
         <kind>archive</kind>
         <file>driverlib.a</file>
         <name>timer.obj</name>
      </input_file>
      <input_file id="fl-17b">
         <path>C:\ti\CC3200SDK_1.1.0\cc3200-sdk\driverlib\ccs\Release\</path>
         <kind>archive</kind>
         <file>driverlib.a</file>
         <name>uart.obj</name>
      </input_file>
      <input_file id="fl-17c">
         <path>C:\ti\CC3200SDK_1.1.0\cc3200-sdk\driverlib\ccs\Release\</path>
         <kind>archive</kind>
         <file>driverlib.a</file>
         <name>utils.obj</name>
      </input_file>
      <input_file id="fl-17d">
         <path>C:\ti\CC3200SDK_1.1.0\cc3200-sdk\driverlib\ccs\Release\</path>
         <kind>archive</kind>
         <file>driverlib.a</file>
         <name>cpu.obj</name>
      </input_file>
      <input_file id="fl-17e">
         <path>C:\ti\CC3200SDK_1.1.0\cc3200-sdk\driverlib\ccs\Release\</path>
         <kind>archive</kind>
         <file>driverlib.a</file>
         <name>flash.obj</name>
      </input_file>
      <input_file id="fl-17f">
         <path>C:\ti\CC3200SDK_1.1.0\cc3200-sdk\simplelink\ccs\OS\</path>
         <kind>archive</kind>
         <file>simplelink.a</file>
         <name>device.obj</name>
      </input_file>
      <input_file id="fl-180">
         <path>C:\ti\CC3200SDK_1.1.0\cc3200-sdk\simplelink\ccs\OS\</path>
         <kind>archive</kind>
         <file>simplelink.a</file>
         <name>driver.obj</name>
      </input_file>
      <input_file id="fl-181">
         <path>C:\ti\CC3200SDK_1.1.0\cc3200-sdk\simplelink\ccs\OS\</path>
         <kind>archive</kind>
         <file>simplelink.a</file>
         <name>netapp.obj</name>
      </input_file>
      <input_file id="fl-182">
         <path>C:\ti\CC3200SDK_1.1.0\cc3200-sdk\simplelink\ccs\OS\</path>
         <kind>archive</kind>
         <file>simplelink.a</file>
         <name>netcfg.obj</name>
      </input_file>
      <input_file id="fl-183">
         <path>C:\ti\CC3200SDK_1.1.0\cc3200-sdk\simplelink\ccs\OS\</path>
         <kind>archive</kind>
         <file>simplelink.a</file>
         <name>socket.obj</name>
      </input_file>
      <input_file id="fl-184">
         <path>C:\ti\CC3200SDK_1.1.0\cc3200-sdk\simplelink\ccs\OS\</path>
         <kind>archive</kind>
         <file>simplelink.a</file>
         <name>wlan.obj</name>
      </input_file>
      <input_file id="fl-185">
         <path>C:\ti\CC3200SDK_1.1.0\cc3200-sdk\simplelink\ccs\OS\</path>
         <kind>archive</kind>
         <file>simplelink.a</file>
         <name>cc_pal.obj</name>
      </input_file>
      <input_file id="fl-186">
         <path>C:\ti\CC3200SDK_1.1.0\cc3200-sdk\oslib\ccs\free_rtos\</path>
         <kind>archive</kind>
         <file>free_rtos.a</file>
         <name>osi_freertos.obj</name>
      </input_file>
      <input_file id="fl-187">
         <path>C:\ti\CC3200SDK_1.1.0\cc3200-sdk\oslib\ccs\free_rtos\</path>
         <kind>archive</kind>
         <file>free_rtos.a</file>
         <name>port.obj</name>
      </input_file>
      <input_file id="fl-188">
         <path>C:\ti\CC3200SDK_1.1.0\cc3200-sdk\oslib\ccs\free_rtos\</path>
         <kind>archive</kind>
         <file>free_rtos.a</file>
         <name>portasm.obj</name>
      </input_file>
      <input_file id="fl-189">
         <path>C:\ti\CC3200SDK_1.1.0\cc3200-sdk\oslib\ccs\free_rtos\</path>
         <kind>archive</kind>
         <file>free_rtos.a</file>
         <name>queue.obj</name>
      </input_file>
      <input_file id="fl-18a">
         <path>C:\ti\CC3200SDK_1.1.0\cc3200-sdk\oslib\ccs\free_rtos\</path>
         <kind>archive</kind>
         <file>free_rtos.a</file>
         <name>tasks.obj</name>
      </input_file>
      <input_file id="fl-18b">
         <path>C:\ti\CC3200SDK_1.1.0\cc3200-sdk\oslib\ccs\free_rtos\</path>
         <kind>archive</kind>
         <file>free_rtos.a</file>
         <name>heap_3.obj</name>
      </input_file>
      <input_file id="fl-18c">
         <path>C:\ti\CC3200SDK_1.1.0\cc3200-sdk\oslib\ccs\free_rtos\</path>
         <kind>archive</kind>
         <file>free_rtos.a</file>
         <name>list.obj</name>
      </input_file>
      <input_file id="fl-18d">
         <path>C:\ti\ccsv6\tools\compiler\ti-cgt-arm_5.2.9\lib\</path>
         <kind>archive</kind>
         <file>rtsv7M4_T_le_eabi.lib</file>
         <name>ll_lsr_t2.obj</name>
      </input_file>
      <input_file id="fl-18e">
         <path>C:\ti\CC3200SDK_1.1.0\cc3200-sdk\driverlib\ccs\Release\</path>
         <kind>archive</kind>
         <file>driverlib.a</file>
         <name>spi.obj</name>
      </input_file>
      <input_file id="fl-18f">
         <path>C:\ti\CC3200SDK_1.1.0\cc3200-sdk\driverlib\ccs\Release\</path>
         <kind>archive</kind>
         <file>driverlib.a</file>
         <name>udma.obj</name>
      </input_file>
   </input_file_list>
   <object_component_list>
      <object_component id="oc-f">
         <name>.intvecs</name>
         <load_address>0x20004000</load_address>
         <run_address>0x20004000</run_address>
         <size>0x400</size>
         <input_file_ref idref="fl-8"/>
      </object_component>
      <object_component id="oc-c3">
         <name>.text</name>
         <load_address>0x20004400</load_address>
         <run_address>0x20004400</run_address>
         <size>0x1bcc</size>
         <input_file_ref idref="fl-5"/>
      </object_component>
      <object_component id="oc-87">
         <name>.text</name>
         <load_address>0x20005fcc</load_address>
         <run_address>0x20005fcc</run_address>
         <size>0x1258</size>
         <input_file_ref idref="fl-18a"/>
      </object_component>
      <object_component id="oc-362">
         <name>.text</name>
         <load_address>0x20007224</load_address>
         <run_address>0x20007224</run_address>
         <size>0x10e0</size>
         <input_file_ref idref="fl-14d"/>
      </object_component>
      <object_component id="oc-489">
         <name>.text</name>
         <load_address>0x20008304</load_address>
         <run_address>0x20008304</run_address>
         <size>0xb24</size>
         <input_file_ref idref="fl-189"/>
      </object_component>
      <object_component id="oc-377">
         <name>.text</name>
         <load_address>0x20008e28</load_address>
         <run_address>0x20008e28</run_address>
         <size>0x906</size>
         <input_file_ref idref="fl-14e"/>
      </object_component>
      <object_component id="oc-700">
         <name>.text:IntDefaultHandler</name>
         <load_address>0x2000972e</load_address>
         <run_address>0x2000972e</run_address>
         <size>0x2</size>
         <input_file_ref idref="fl-177"/>
      </object_component>
      <object_component id="oc-756">
         <name>.text:_SlDrvMsgRead</name>
         <load_address>0x20009730</load_address>
         <run_address>0x20009730</run_address>
         <size>0x5ec</size>
         <input_file_ref idref="fl-180"/>
      </object_component>
      <object_component id="oc-22e">
         <name>.text</name>
         <load_address>0x20009d1c</load_address>
         <run_address>0x20009d1c</run_address>
         <size>0x45c</size>
         <input_file_ref idref="fl-186"/>
      </object_component>
      <object_component id="oc-285">
         <name>.text</name>
         <load_address>0x2000a178</load_address>
         <run_address>0x2000a178</run_address>
         <size>0x3dc</size>
         <input_file_ref idref="fl-141"/>
      </object_component>
      <object_component id="oc-210">
         <name>.text</name>
         <load_address>0x2000a554</load_address>
         <run_address>0x2000a554</run_address>
         <size>0x394</size>
         <input_file_ref idref="fl-3"/>
      </object_component>
      <object_component id="oc-240">
         <name>.text</name>
         <load_address>0x2000a8e8</load_address>
         <run_address>0x2000a8e8</run_address>
         <size>0x290</size>
         <input_file_ref idref="fl-4"/>
      </object_component>
      <object_component id="oc-11f">
         <name>.text</name>
         <load_address>0x2000ab78</load_address>
         <run_address>0x2000ab78</run_address>
         <size>0x290</size>
         <input_file_ref idref="fl-9"/>
      </object_component>
      <object_component id="oc-23a">
         <name>.text</name>
         <load_address>0x2000ae08</load_address>
         <run_address>0x2000ae08</run_address>
         <size>0x258</size>
         <input_file_ref idref="fl-b"/>
      </object_component>
      <object_component id="oc-82c">
         <name>.text:_SlDrvRxHdrRead</name>
         <load_address>0x2000b060</load_address>
         <run_address>0x2000b060</run_address>
         <size>0x248</size>
         <input_file_ref idref="fl-180"/>
      </object_component>
      <object_component id="oc-20a">
         <name>.text:sl_WlanConnect</name>
         <load_address>0x2000b2a8</load_address>
         <run_address>0x2000b2a8</run_address>
         <size>0x244</size>
         <input_file_ref idref="fl-184"/>
      </object_component>
      <object_component id="oc-5fd">
         <name>.text</name>
         <load_address>0x2000b4ec</load_address>
         <run_address>0x2000b4ec</run_address>
         <size>0x238</size>
         <input_file_ref idref="fl-167"/>
      </object_component>
      <object_component id="oc-4b8">
         <name>.text</name>
         <load_address>0x2000b724</load_address>
         <run_address>0x2000b724</run_address>
         <size>0x21e</size>
         <input_file_ref idref="fl-13e"/>
      </object_component>
      <object_component id="oc-598">
         <name>.text</name>
         <load_address>0x2000b942</load_address>
         <run_address>0x2000b942</run_address>
         <size>0x1f4</size>
         <input_file_ref idref="fl-16b"/>
      </object_component>
      <object_component id="oc-71f">
         <name>.text</name>
         <load_address>0x2000bb36</load_address>
         <run_address>0x2000bb36</run_address>
         <size>0x2</size>
         <input_file_ref idref="fl-15e"/>
      </object_component>
      <object_component id="oc-60e">
         <name>.text</name>
         <load_address>0x2000bb38</load_address>
         <run_address>0x2000bb38</run_address>
         <size>0x1e4</size>
         <input_file_ref idref="fl-169"/>
      </object_component>
      <object_component id="oc-338">
         <name>.text:_SlDrvReleasePoolObj</name>
         <load_address>0x2000bd1c</load_address>
         <run_address>0x2000bd1c</run_address>
         <size>0x1d0</size>
         <input_file_ref idref="fl-180"/>
      </object_component>
      <object_component id="oc-554">
         <name>.text:_SlDrvMsgWrite</name>
         <load_address>0x2000beec</load_address>
         <run_address>0x2000beec</run_address>
         <size>0x1cc</size>
         <input_file_ref idref="fl-180"/>
      </object_component>
      <object_component id="oc-5c1">
         <name>.text</name>
         <load_address>0x2000c0b8</load_address>
         <run_address>0x2000c0b8</run_address>
         <size>0x1b6</size>
         <input_file_ref idref="fl-155"/>
      </object_component>
      <object_component id="oc-234">
         <name>.text</name>
         <load_address>0x2000c270</load_address>
         <run_address>0x2000c270</run_address>
         <size>0x1b4</size>
         <input_file_ref idref="fl-6"/>
      </object_component>
      <object_component id="oc-56c">
         <name>.text:_SlDrvWaitForPoolObj</name>
         <load_address>0x2000c424</load_address>
         <run_address>0x2000c424</run_address>
         <size>0x190</size>
         <input_file_ref idref="fl-180"/>
      </object_component>
      <object_component id="oc-137">
         <name>.text</name>
         <load_address>0x2000c5b4</load_address>
         <run_address>0x2000c5b4</run_address>
         <size>0x178</size>
         <input_file_ref idref="fl-a"/>
      </object_component>
      <object_component id="oc-392">
         <name>.text:_SlDrvDriverCBInit</name>
         <load_address>0x2000c72c</load_address>
         <run_address>0x2000c72c</run_address>
         <size>0x174</size>
         <input_file_ref idref="fl-180"/>
      </object_component>
      <object_component id="oc-83e">
         <name>.text:_SlFindAndSetActiveObj</name>
         <load_address>0x2000c8a0</load_address>
         <run_address>0x2000c8a0</run_address>
         <size>0x170</size>
         <input_file_ref idref="fl-180"/>
      </object_component>
      <object_component id="oc-5f7">
         <name>.text</name>
         <load_address>0x2000ca10</load_address>
         <run_address>0x2000ca10</run_address>
         <size>0x16c</size>
         <input_file_ref idref="fl-16a"/>
      </object_component>
      <object_component id="oc-398">
         <name>.text:spi_Open</name>
         <load_address>0x2000cb7c</load_address>
         <run_address>0x2000cb7c</run_address>
         <size>0x14c</size>
         <input_file_ref idref="fl-185"/>
      </object_component>
      <object_component id="oc-176">
         <name>.text:sl_Accept</name>
         <load_address>0x2000ccc8</load_address>
         <run_address>0x2000ccc8</run_address>
         <size>0x138</size>
         <input_file_ref idref="fl-183"/>
      </object_component>
      <object_component id="oc-5a7">
         <name>.text</name>
         <load_address>0x2000ce00</load_address>
         <run_address>0x2000ce00</run_address>
         <size>0x136</size>
         <input_file_ref idref="fl-157"/>
      </object_component>
      <object_component id="oc-228">
         <name>.text:PRCMCC3200MCUInit</name>
         <load_address>0x2000cf38</load_address>
         <run_address>0x2000cf38</run_address>
         <size>0x134</size>
         <input_file_ref idref="fl-179"/>
      </object_component>
      <object_component id="oc-608">
         <name>.text</name>
         <load_address>0x2000d06c</load_address>
         <run_address>0x2000d06c</run_address>
         <size>0x134</size>
         <input_file_ref idref="fl-168"/>
      </object_component>
      <object_component id="oc-e2">
         <name>.text</name>
         <load_address>0x2000d1a0</load_address>
         <run_address>0x2000d1a0</run_address>
         <size>0x12a</size>
         <input_file_ref idref="fl-18c"/>
      </object_component>
      <object_component id="oc-359">
         <name>.text:_SlDrvDataReadOp</name>
         <load_address>0x2000d2cc</load_address>
         <run_address>0x2000d2cc</run_address>
         <size>0x128</size>
         <input_file_ref idref="fl-180"/>
      </object_component>
      <object_component id="oc-204">
         <name>.text</name>
         <load_address>0x2000d3f4</load_address>
         <run_address>0x2000d3f4</run_address>
         <size>0x114</size>
         <input_file_ref idref="fl-14a"/>
      </object_component>
      <object_component id="oc-38">
         <name>.text</name>
         <load_address>0x2000d508</load_address>
         <run_address>0x2000d508</run_address>
         <size>0x110</size>
         <input_file_ref idref="fl-187"/>
      </object_component>
      <object_component id="oc-77d">
         <name>.text</name>
         <load_address>0x2000d618</load_address>
         <run_address>0x2000d618</run_address>
         <size>0x110</size>
         <input_file_ref idref="fl-16c"/>
      </object_component>
      <object_component id="oc-151">
         <name>.text:sl_Connect</name>
         <load_address>0x2000d728</load_address>
         <run_address>0x2000d728</run_address>
         <size>0x108</size>
         <input_file_ref idref="fl-183"/>
      </object_component>
      <object_component id="oc-18f">
         <name>.text:sl_Send</name>
         <load_address>0x2000d830</load_address>
         <run_address>0x2000d830</run_address>
         <size>0x108</size>
         <input_file_ref idref="fl-183"/>
      </object_component>
      <object_component id="oc-370">
         <name>.text:_SlDrvDataWriteOp</name>
         <load_address>0x2000d938</load_address>
         <run_address>0x2000d938</run_address>
         <size>0x104</size>
         <input_file_ref idref="fl-180"/>
      </object_component>
      <object_component id="oc-89a">
         <name>.text:_SlDrvNetAppEventHandler</name>
         <load_address>0x2000da3c</load_address>
         <run_address>0x2000da3c</run_address>
         <size>0xfe</size>
         <input_file_ref idref="fl-181"/>
      </object_component>
      <object_component id="oc-5a2">
         <name>.text</name>
         <load_address>0x2000db3a</load_address>
         <run_address>0x2000db3a</run_address>
         <size>0xfc</size>
         <input_file_ref idref="fl-158"/>
      </object_component>
      <object_component id="oc-3ce">
         <name>.text:_SlDrvDriverCBDeinit</name>
         <load_address>0x2000dc38</load_address>
         <run_address>0x2000dc38</run_address>
         <size>0xf4</size>
         <input_file_ref idref="fl-180"/>
      </object_component>
      <object_component id="oc-8e4">
         <name>.text:uDMAChannelTransferSet</name>
         <load_address>0x2000dd2c</load_address>
         <run_address>0x2000dd2c</run_address>
         <size>0xf0</size>
         <input_file_ref idref="fl-18f"/>
      </object_component>
      <object_component id="oc-838">
         <name>.text:spi_Read</name>
         <load_address>0x2000de1c</load_address>
         <run_address>0x2000de1c</run_address>
         <size>0xdc</size>
         <input_file_ref idref="fl-185"/>
      </object_component>
      <object_component id="oc-832">
         <name>.text:_SlDrvClassifyRxMsg</name>
         <load_address>0x2000def8</load_address>
         <run_address>0x2000def8</run_address>
         <size>0xd8</size>
         <input_file_ref idref="fl-180"/>
      </object_component>
      <object_component id="oc-1c1">
         <name>.text:sl_Stop</name>
         <load_address>0x2000dfd0</load_address>
         <run_address>0x2000dfd0</run_address>
         <size>0xd4</size>
         <input_file_ref idref="fl-17f"/>
      </object_component>
      <object_component id="oc-195">
         <name>.text</name>
         <load_address>0x2000e0a4</load_address>
         <run_address>0x2000e0a4</run_address>
         <size>0xcc</size>
         <input_file_ref idref="fl-145"/>
      </object_component>
      <object_component id="oc-8f7">
         <name>.text:_sl_HandleAsync_DnsGetHostByService</name>
         <load_address>0x2000e170</load_address>
         <run_address>0x2000e170</run_address>
         <size>0xc8</size>
         <input_file_ref idref="fl-181"/>
      </object_component>
      <object_component id="oc-580">
         <name>.text:_SlRemoveFromList</name>
         <load_address>0x2000e238</load_address>
         <run_address>0x2000e238</run_address>
         <size>0xc0</size>
         <input_file_ref idref="fl-180"/>
      </object_component>
      <object_component id="oc-84b">
         <name>.text</name>
         <load_address>0x2000e2f8</load_address>
         <run_address>0x2000e2f8</run_address>
         <size>0xbe</size>
         <input_file_ref idref="fl-174"/>
      </object_component>
      <object_component id="oc-55a">
         <name>.text:_SlDrvMsgReadCmdCtx</name>
         <load_address>0x2000e3b8</load_address>
         <run_address>0x2000e3b8</run_address>
         <size>0xbc</size>
         <input_file_ref idref="fl-180"/>
      </object_component>
      <object_component id="oc-1b5">
         <name>.text:sl_Start</name>
         <load_address>0x2000e474</load_address>
         <run_address>0x2000e474</run_address>
         <size>0xbc</size>
         <input_file_ref idref="fl-17f"/>
      </object_component>
      <object_component id="oc-33">
         <name>.text</name>
         <load_address>0x2000e530</load_address>
         <run_address>0x2000e530</run_address>
         <size>0xba</size>
         <input_file_ref idref="fl-188"/>
      </object_component>
      <object_component id="oc-75c">
         <name>.text:_SlAsyncEventGenericHandler</name>
         <load_address>0x2000e5ec</load_address>
         <run_address>0x2000e5ec</run_address>
         <size>0xb8</size>
         <input_file_ref idref="fl-180"/>
      </object_component>
      <object_component id="oc-3f2">
         <name>.text:sl_NetAppMDNSRegisterUnregisterService</name>
         <load_address>0x2000e6a4</load_address>
         <run_address>0x2000e6a4</run_address>
         <size>0xb4</size>
         <input_file_ref idref="fl-181"/>
      </object_component>
      <object_component id="oc-47d">
         <name>.text:IntDisable</name>
         <load_address>0x2000e758</load_address>
         <run_address>0x2000e758</run_address>
         <size>0xa8</size>
         <input_file_ref idref="fl-177"/>
      </object_component>
      <object_component id="oc-222">
         <name>.text:IntEnable</name>
         <load_address>0x2000e800</load_address>
         <run_address>0x2000e800</run_address>
         <size>0xa8</size>
         <input_file_ref idref="fl-177"/>
      </object_component>
      <object_component id="oc-647">
         <name>.text:SPIConfigSetExpClk</name>
         <load_address>0x2000e8a8</load_address>
         <run_address>0x2000e8a8</run_address>
         <size>0xa0</size>
         <input_file_ref idref="fl-18e"/>
      </object_component>
      <object_component id="oc-6a0">
         <name>.text:_SlDrvMsgReadSpawnCtx</name>
         <load_address>0x2000e948</load_address>
         <run_address>0x2000e948</run_address>
         <size>0x9c</size>
         <input_file_ref idref="fl-180"/>
      </object_component>
      <object_component id="oc-41">
         <name>.text</name>
         <load_address>0x2000e9e4</load_address>
         <run_address>0x2000e9e4</run_address>
         <size>0x9c</size>
         <input_file_ref idref="fl-13f"/>
      </object_component>
      <object_component id="oc-1c7">
         <name>.text:sl_DevGet</name>
         <load_address>0x2000ea80</load_address>
         <run_address>0x2000ea80</run_address>
         <size>0x9c</size>
         <input_file_ref idref="fl-17f"/>
      </object_component>
      <object_component id="oc-2af">
         <name>.text:PRCMPeripheralClockGet</name>
         <load_address>0x2000eb1c</load_address>
         <run_address>0x2000eb1c</run_address>
         <size>0x94</size>
         <input_file_ref idref="fl-179"/>
      </object_component>
      <object_component id="oc-1a6">
         <name>.text</name>
         <load_address>0x2000ebb0</load_address>
         <run_address>0x2000ebb0</run_address>
         <size>0x92</size>
         <input_file_ref idref="fl-13a"/>
      </object_component>
      <object_component id="oc-8a7">
         <name>.text:SetupDMAReceive</name>
         <load_address>0x2000ec44</load_address>
         <run_address>0x2000ec44</run_address>
         <size>0x8c</size>
         <input_file_ref idref="fl-185"/>
      </object_component>
      <object_component id="oc-813">
         <name>.text:SetupDMASend</name>
         <load_address>0x2000ecd0</load_address>
         <run_address>0x2000ecd0</run_address>
         <size>0x8c</size>
         <input_file_ref idref="fl-185"/>
      </object_component>
      <object_component id="oc-8f1">
         <name>.text:_sl_HandleAsync_DnsGetHostByName</name>
         <load_address>0x2000ed5c</load_address>
         <run_address>0x2000ed5c</run_address>
         <size>0x8c</size>
         <input_file_ref idref="fl-181"/>
      </object_component>
      <object_component id="oc-8a0">
         <name>.text:_sl_HandleAsync_PingResponse</name>
         <load_address>0x2000ede8</load_address>
         <run_address>0x2000ede8</run_address>
         <size>0x8c</size>
         <input_file_ref idref="fl-181"/>
      </object_component>
      <object_component id="oc-74f">
         <name>.text:spi_Write</name>
         <load_address>0x2000ee74</load_address>
         <run_address>0x2000ee74</run_address>
         <size>0x8c</size>
         <input_file_ref idref="fl-185"/>
      </object_component>
      <object_component id="oc-713">
         <name>.text:PinConfigSet</name>
         <load_address>0x2000ef00</load_address>
         <run_address>0x2000ef00</run_address>
         <size>0x88</size>
         <input_file_ref idref="fl-178"/>
      </object_component>
      <object_component id="oc-2c1">
         <name>.text</name>
         <load_address>0x2000ef88</load_address>
         <run_address>0x2000ef88</run_address>
         <size>0x88</size>
         <input_file_ref idref="fl-14b"/>
      </object_component>
      <object_component id="oc-15d">
         <name>.text:sl_Bind</name>
         <load_address>0x2000f010</load_address>
         <run_address>0x2000f010</run_address>
         <size>0x88</size>
         <input_file_ref idref="fl-183"/>
      </object_component>
      <object_component id="oc-59d">
         <name>.text:__aeabi_cdcmple</name>
         <load_address>0x2000f098</load_address>
         <run_address>0x2000f098</run_address>
         <size>0x86</size>
         <input_file_ref idref="fl-156"/>
      </object_component>
      <object_component id="oc-5ac">
         <name>.text:__aeabi_cdrcmple</name>
         <load_address>0x2000f11e</load_address>
         <run_address>0x2000f11e</run_address>
         <size>0x86</size>
         <input_file_ref idref="fl-156"/>
      </object_component>
      <object_component id="oc-506">
         <name>.text:I2CMasterInitExpClk</name>
         <load_address>0x2000f1a4</load_address>
         <run_address>0x2000f1a4</run_address>
         <size>0x84</size>
         <input_file_ref idref="fl-176"/>
      </object_component>
      <object_component id="oc-38c">
         <name>.text:NwpPowerOnPreamble</name>
         <load_address>0x2000f228</load_address>
         <run_address>0x2000f228</run_address>
         <size>0x84</size>
         <input_file_ref idref="fl-185"/>
      </object_component>
      <object_component id="oc-41f">
         <name>.text:GPIOIntTypeSet</name>
         <load_address>0x2000f2ac</load_address>
         <run_address>0x2000f2ac</run_address>
         <size>0x82</size>
         <input_file_ref idref="fl-175"/>
      </object_component>
      <object_component id="oc-317">
         <name>.text:_SlDrvCmdOp</name>
         <load_address>0x2000f330</load_address>
         <run_address>0x2000f330</run_address>
         <size>0x80</size>
         <input_file_ref idref="fl-180"/>
      </object_component>
      <object_component id="oc-8ad">
         <name>.text:spi_Read_CPU</name>
         <load_address>0x2000f3b0</load_address>
         <run_address>0x2000f3b0</run_address>
         <size>0x80</size>
         <input_file_ref idref="fl-185"/>
      </object_component>
      <object_component id="oc-825">
         <name>.text:spi_Write_CPU</name>
         <load_address>0x2000f430</load_address>
         <run_address>0x2000f430</run_address>
         <size>0x80</size>
         <input_file_ref idref="fl-185"/>
      </object_component>
      <object_component id="oc-87f">
         <name>.text:_sl_HandleAsync_InitComplete</name>
         <load_address>0x2000f4b0</load_address>
         <run_address>0x2000f4b0</run_address>
         <size>0x7c</size>
         <input_file_ref idref="fl-17f"/>
      </object_component>
      <object_component id="oc-1ab">
         <name>.text</name>
         <load_address>0x2000f52c</load_address>
         <run_address>0x2000f52c</run_address>
         <size>0x7a</size>
         <input_file_ref idref="fl-13b"/>
      </object_component>
      <object_component id="oc-5a">
         <name>.text</name>
         <load_address>0x2000f5a6</load_address>
         <run_address>0x2000f5a6</run_address>
         <size>0x7a</size>
         <input_file_ref idref="fl-142"/>
      </object_component>
      <object_component id="oc-913">
         <name>.text:_sl_HandleAsync_Connect</name>
         <load_address>0x2000f620</load_address>
         <run_address>0x2000f620</run_address>
         <size>0x78</size>
         <input_file_ref idref="fl-183"/>
      </object_component>
      <object_component id="oc-3c8">
         <name>.text:spi_Close</name>
         <load_address>0x2000f698</load_address>
         <run_address>0x2000f698</run_address>
         <size>0x78</size>
         <input_file_ref idref="fl-185"/>
      </object_component>
      <object_component id="oc-2b5">
         <name>.text:UARTConfigSetExpClk</name>
         <load_address>0x2000f710</load_address>
         <run_address>0x2000f710</run_address>
         <size>0x76</size>
         <input_file_ref idref="fl-17b"/>
      </object_component>
      <object_component id="oc-17d">
         <name>.text:sl_Recv</name>
         <load_address>0x2000f788</load_address>
         <run_address>0x2000f788</run_address>
         <size>0x74</size>
         <input_file_ref idref="fl-183"/>
      </object_component>
      <object_component id="oc-603">
         <name>.text</name>
         <load_address>0x2000f7fc</load_address>
         <run_address>0x2000f7fc</run_address>
         <size>0x6e</size>
         <input_file_ref idref="fl-15a"/>
      </object_component>
      <object_component id="oc-93d">
         <name>.text:_SlDrvCmdSend</name>
         <load_address>0x2000f86c</load_address>
         <run_address>0x2000f86c</run_address>
         <size>0x6c</size>
         <input_file_ref idref="fl-180"/>
      </object_component>
      <object_component id="oc-6c">
         <name>.text</name>
         <load_address>0x2000f8d8</load_address>
         <run_address>0x2000f8d8</run_address>
         <size>0x6c</size>
         <input_file_ref idref="fl-151"/>
      </object_component>
      <object_component id="oc-4d">
         <name>.text</name>
         <load_address>0x2000f944</load_address>
         <run_address>0x2000f944</run_address>
         <size>0x6a</size>
         <input_file_ref idref="fl-136"/>
      </object_component>
      <object_component id="oc-8fd">
         <name>.text:_sl_NetAppSendTokenValue</name>
         <load_address>0x2000f9b0</load_address>
         <run_address>0x2000f9b0</run_address>
         <size>0x68</size>
         <input_file_ref idref="fl-181"/>
      </object_component>
      <object_component id="oc-1df">
         <name>.text:sl_NetCfgSet</name>
         <load_address>0x2000fa18</load_address>
         <run_address>0x2000fa18</run_address>
         <size>0x68</size>
         <input_file_ref idref="fl-182"/>
      </object_component>
      <object_component id="oc-169">
         <name>.text:sl_SetSockOpt</name>
         <load_address>0x2000fa80</load_address>
         <run_address>0x2000fa80</run_address>
         <size>0x68</size>
         <input_file_ref idref="fl-183"/>
      </object_component>
      <object_component id="oc-1e5">
         <name>.text:sl_WlanSet</name>
         <load_address>0x2000fae8</load_address>
         <run_address>0x2000fae8</run_address>
         <size>0x68</size>
         <input_file_ref idref="fl-184"/>
      </object_component>
      <object_component id="oc-775">
         <name>.text</name>
         <load_address>0x2000fb50</load_address>
         <run_address>0x2000fb50</run_address>
         <size>0x66</size>
         <input_file_ref idref="fl-16d"/>
      </object_component>
      <object_component id="oc-7c1">
         <name>.text:uDMAChannelAttributeDisable</name>
         <load_address>0x2000fbb8</load_address>
         <run_address>0x2000fbb8</run_address>
         <size>0x64</size>
         <input_file_ref idref="fl-18f"/>
      </object_component>
      <object_component id="oc-8de">
         <name>.text:uDMAChannelAttributeEnable</name>
         <load_address>0x2000fc1c</load_address>
         <run_address>0x2000fc1c</run_address>
         <size>0x64</size>
         <input_file_ref idref="fl-18f"/>
      </object_component>
      <object_component id="oc-1a0">
         <name>.text:__aeabi_cfrcmple</name>
         <load_address>0x2000fc80</load_address>
         <run_address>0x2000fc80</run_address>
         <size>0x60</size>
         <input_file_ref idref="fl-139"/>
      </object_component>
      <object_component id="oc-90d">
         <name>.text:_sl_HandleAsync_Accept</name>
         <load_address>0x2000fce0</load_address>
         <run_address>0x2000fce0</run_address>
         <size>0x60</size>
         <input_file_ref idref="fl-183"/>
      </object_component>
      <object_component id="oc-189">
         <name>.text</name>
         <load_address>0x2000fd40</load_address>
         <run_address>0x2000fd40</run_address>
         <size>0x60</size>
         <input_file_ref idref="fl-144"/>
      </object_component>
      <object_component id="oc-1cd">
         <name>.text:sl_WlanPolicySet</name>
         <load_address>0x2000fda0</load_address>
         <run_address>0x2000fda0</run_address>
         <size>0x60</size>
         <input_file_ref idref="fl-184"/>
      </object_component>
      <object_component id="oc-14b">
         <name>.text:sl_Socket</name>
         <load_address>0x2000fe00</load_address>
         <run_address>0x2000fe00</run_address>
         <size>0x5c</size>
         <input_file_ref idref="fl-183"/>
      </object_component>
      <object_component id="oc-68e">
         <name>.text:IntPendClear</name>
         <load_address>0x2000fe5c</load_address>
         <run_address>0x2000fe5c</run_address>
         <size>0x58</size>
         <input_file_ref idref="fl-177"/>
      </object_component>
      <object_component id="oc-45e">
         <name>.text:PRCMPeripheralReset</name>
         <load_address>0x2000feb4</load_address>
         <run_address>0x2000feb4</run_address>
         <size>0x58</size>
         <input_file_ref idref="fl-179"/>
      </object_component>
      <object_component id="oc-477">
         <name>.text:IntPrioritySet</name>
         <load_address>0x2000ff0c</load_address>
         <run_address>0x2000ff0c</run_address>
         <size>0x54</size>
         <input_file_ref idref="fl-177"/>
      </object_component>
      <object_component id="oc-919">
         <name>.text:_sl_HandleAsync_Select</name>
         <load_address>0x2000ff60</load_address>
         <run_address>0x2000ff60</run_address>
         <size>0x54</size>
         <input_file_ref idref="fl-183"/>
      </object_component>
      <object_component id="oc-5b6">
         <name>.text</name>
         <load_address>0x2000ffb4</load_address>
         <run_address>0x2000ffb4</run_address>
         <size>0x54</size>
         <input_file_ref idref="fl-160"/>
      </object_component>
      <object_component id="oc-1f7">
         <name>.text:sl_WlanRxFilterSet</name>
         <load_address>0x20010008</load_address>
         <run_address>0x20010008</run_address>
         <size>0x54</size>
         <input_file_ref idref="fl-184"/>
      </object_component>
      <object_component id="oc-885">
         <name>.text:_sl_HandleAsync_Stop</name>
         <load_address>0x2001005c</load_address>
         <run_address>0x2001005c</run_address>
         <size>0x50</size>
         <input_file_ref idref="fl-17f"/>
      </object_component>
      <object_component id="oc-66b">
         <name>.text:SPIIntEnable</name>
         <load_address>0x200100ac</load_address>
         <run_address>0x200100ac</run_address>
         <size>0x4c</size>
         <input_file_ref idref="fl-18e"/>
      </object_component>
      <object_component id="oc-32c">
         <name>.text:_SlDrvProtectAsyncRespSetting</name>
         <load_address>0x200100f8</load_address>
         <run_address>0x200100f8</run_address>
         <size>0x4c</size>
         <input_file_ref idref="fl-180"/>
      </object_component>
      <object_component id="oc-3b6">
         <name>.text:_SlDrvRxIrqHandler</name>
         <load_address>0x20010144</load_address>
         <run_address>0x20010144</run_address>
         <size>0x4c</size>
         <input_file_ref idref="fl-180"/>
      </object_component>
      <object_component id="oc-326">
         <name>.text:_sl_BuildAddress</name>
         <load_address>0x20010190</load_address>
         <run_address>0x20010190</run_address>
         <size>0x4c</size>
         <input_file_ref idref="fl-183"/>
      </object_component>
      <object_component id="oc-5de">
         <name>.text</name>
         <load_address>0x200101dc</load_address>
         <run_address>0x200101dc</run_address>
         <size>0x4c</size>
         <input_file_ref idref="fl-150"/>
      </object_component>
      <object_component id="oc-bb">
         <name>.text</name>
         <load_address>0x20010228</load_address>
         <run_address>0x20010228</run_address>
         <size>0x4c</size>
         <input_file_ref idref="fl-152"/>
      </object_component>
      <object_component id="oc-7bb">
         <name>.text:uDMAChannelAssign</name>
         <load_address>0x20010274</load_address>
         <run_address>0x20010274</run_address>
         <size>0x4c</size>
         <input_file_ref idref="fl-18f"/>
      </object_component>
      <object_component id="oc-7d7">
         <name>.text:SPIIntClear</name>
         <load_address>0x200102c0</load_address>
         <run_address>0x200102c0</run_address>
         <size>0x48</size>
         <input_file_ref idref="fl-18e"/>
      </object_component>
      <object_component id="oc-3e0">
         <name>.text:_SlDrvBasicCmd</name>
         <load_address>0x20010308</load_address>
         <run_address>0x20010308</run_address>
         <size>0x48</size>
         <input_file_ref idref="fl-180"/>
      </object_component>
      <object_component id="oc-5b1">
         <name>.text</name>
         <load_address>0x20010350</load_address>
         <run_address>0x20010350</run_address>
         <size>0x48</size>
         <input_file_ref idref="fl-159"/>
      </object_component>
      <object_component id="oc-5cc">
         <name>.text</name>
         <load_address>0x20010398</load_address>
         <run_address>0x20010398</run_address>
         <size>0x46</size>
         <input_file_ref idref="fl-15f"/>
      </object_component>
      <object_component id="oc-7cb">
         <name>.text:SPIDmaMaskGet</name>
         <load_address>0x200103e0</load_address>
         <run_address>0x200103e0</run_address>
         <size>0x44</size>
         <input_file_ref idref="fl-18e"/>
      </object_component>
      <object_component id="oc-4ac">
         <name>.text:TimerConfigure</name>
         <load_address>0x20010424</load_address>
         <run_address>0x20010424</run_address>
         <size>0x44</size>
         <input_file_ref idref="fl-17a"/>
      </object_component>
      <object_component id="oc-88f">
         <name>.text:cc_SetupTransfer</name>
         <load_address>0x20010468</load_address>
         <run_address>0x20010468</run_address>
         <size>0x44</size>
         <input_file_ref idref="fl-185"/>
      </object_component>
      <object_component id="oc-78">
         <name>.text</name>
         <load_address>0x200104ac</load_address>
         <run_address>0x200104ac</run_address>
         <size>0x44</size>
         <input_file_ref idref="fl-138"/>
      </object_component>
      <object_component id="oc-145">
         <name>.text:sl_Htonl</name>
         <load_address>0x200104f0</load_address>
         <run_address>0x200104f0</run_address>
         <size>0x42</size>
         <input_file_ref idref="fl-183"/>
      </object_component>
      <object_component id="oc-70d">
         <name>.text:PinModeSet</name>
         <load_address>0x20010534</load_address>
         <run_address>0x20010534</run_address>
         <size>0x40</size>
         <input_file_ref idref="fl-178"/>
      </object_component>
      <object_component id="oc-923">
         <name>.text</name>
         <load_address>0x20010574</load_address>
         <run_address>0x20010574</run_address>
         <size>0x40</size>
         <input_file_ref idref="fl-173"/>
      </object_component>
      <object_component id="oc-1fe">
         <name>.text</name>
         <load_address>0x200105b4</load_address>
         <run_address>0x200105b4</run_address>
         <size>0x40</size>
         <input_file_ref idref="fl-149"/>
      </object_component>
      <object_component id="oc-904">
         <name>.text:CopyPingResultsToReport</name>
         <load_address>0x200105f4</load_address>
         <run_address>0x200105f4</run_address>
         <size>0x3c</size>
         <input_file_ref idref="fl-181"/>
      </object_component>
      <object_component id="oc-458">
         <name>.text:PRCMPeripheralClkEnable</name>
         <load_address>0x20010630</load_address>
         <run_address>0x20010630</run_address>
         <size>0x3c</size>
         <input_file_ref idref="fl-179"/>
      </object_component>
      <object_component id="oc-36a">
         <name>.text:_sl_TruncatePayloadByProtocol</name>
         <load_address>0x2001066c</load_address>
         <run_address>0x2001066c</run_address>
         <size>0x3c</size>
         <input_file_ref idref="fl-183"/>
      </object_component>
      <object_component id="oc-24">
         <name>.text</name>
         <load_address>0x200106a8</load_address>
         <run_address>0x200106a8</run_address>
         <size>0x3c</size>
         <input_file_ref idref="fl-134"/>
      </object_component>
      <object_component id="oc-13f">
         <name>.text:sl_Htons</name>
         <load_address>0x200106e4</load_address>
         <run_address>0x200106e4</run_address>
         <size>0x3c</size>
         <input_file_ref idref="fl-183"/>
      </object_component>
      <object_component id="oc-163">
         <name>.text:sl_Listen</name>
         <load_address>0x20010720</load_address>
         <run_address>0x20010720</run_address>
         <size>0x3c</size>
         <input_file_ref idref="fl-183"/>
      </object_component>
      <object_component id="oc-8d8">
         <name>.text:uDMAChannelControlSet</name>
         <load_address>0x2001075c</load_address>
         <run_address>0x2001075c</run_address>
         <size>0x3c</size>
         <input_file_ref idref="fl-18f"/>
      </object_component>
      <object_component id="oc-39e">
         <name>.text:NwpPowerOff</name>
         <load_address>0x20010798</load_address>
         <run_address>0x20010798</run_address>
         <size>0x38</size>
         <input_file_ref idref="fl-185"/>
      </object_component>
      <object_component id="oc-f2">
         <name>.text</name>
         <load_address>0x200107d0</load_address>
         <run_address>0x200107d0</run_address>
         <size>0x38</size>
         <input_file_ref idref="fl-18b"/>
      </object_component>
      <object_component id="oc-19b">
         <name>.text</name>
         <load_address>0x20010808</load_address>
         <run_address>0x20010808</run_address>
         <size>0x38</size>
         <input_file_ref idref="fl-13c"/>
      </object_component>
      <object_component id="oc-386">
         <name>.text</name>
         <load_address>0x20010840</load_address>
         <run_address>0x20010840</run_address>
         <size>0x38</size>
         <input_file_ref idref="fl-15c"/>
      </object_component>
      <object_component id="oc-49f">
         <name>.text:GPIODirModeSet</name>
         <load_address>0x20010878</load_address>
         <run_address>0x20010878</run_address>
         <size>0x36</size>
         <input_file_ref idref="fl-175"/>
      </object_component>
      <object_component id="oc-4bd">
         <name>.text:TimerControlLevel</name>
         <load_address>0x200108ae</load_address>
         <run_address>0x200108ae</run_address>
         <size>0x36</size>
         <input_file_ref idref="fl-17a"/>
      </object_component>
      <object_component id="oc-1eb">
         <name>.text:sl_NetAppMDNSUnRegisterService</name>
         <load_address>0x200108e4</load_address>
         <run_address>0x200108e4</run_address>
         <size>0x36</size>
         <input_file_ref idref="fl-181"/>
      </object_component>
      <object_component id="oc-64d">
         <name>.text:PRCMPeripheralStatusGet</name>
         <load_address>0x2001091c</load_address>
         <run_address>0x2001091c</run_address>
         <size>0x34</size>
         <input_file_ref idref="fl-179"/>
      </object_component>
      <object_component id="oc-665">
         <name>.text:SPIFIFOLevelSet</name>
         <load_address>0x20010950</load_address>
         <run_address>0x20010950</run_address>
         <size>0x34</size>
         <input_file_ref idref="fl-18e"/>
      </object_component>
      <object_component id="oc-85a">
         <name>.text</name>
         <load_address>0x20010984</load_address>
         <run_address>0x20010984</run_address>
         <size>0x34</size>
         <input_file_ref idref="fl-170"/>
      </object_component>
      <object_component id="oc-1b0">
         <name>.text</name>
         <load_address>0x200109b8</load_address>
         <run_address>0x200109b8</run_address>
         <size>0x34</size>
         <input_file_ref idref="fl-13d"/>
      </object_component>
      <object_component id="oc-499">
         <name>.text:PinTypeGPIO</name>
         <load_address>0x200109ec</load_address>
         <run_address>0x200109ec</run_address>
         <size>0x30</size>
         <input_file_ref idref="fl-178"/>
      </object_component>
      <object_component id="oc-51c">
         <name>.text:UARTDisable</name>
         <load_address>0x20010a1c</load_address>
         <run_address>0x20010a1c</run_address>
         <size>0x30</size>
         <input_file_ref idref="fl-17b"/>
      </object_component>
      <object_component id="oc-7ee">
         <name>.text:_SlDrvDeviceEventHandler</name>
         <load_address>0x20010a4c</load_address>
         <run_address>0x20010a4c</run_address>
         <size>0x30</size>
         <input_file_ref idref="fl-17f"/>
      </object_component>
      <object_component id="oc-783">
         <name>.text</name>
         <load_address>0x20010a7c</load_address>
         <run_address>0x20010a7c</run_address>
         <size>0x30</size>
         <input_file_ref idref="fl-16e"/>
      </object_component>
      <object_component id="oc-157">
         <name>.text:sl_Close</name>
         <load_address>0x20010aac</load_address>
         <run_address>0x20010aac</run_address>
         <size>0x30</size>
         <input_file_ref idref="fl-183"/>
      </object_component>
      <object_component id="oc-1d3">
         <name>.text:sl_WlanProfileDel</name>
         <load_address>0x20010adc</load_address>
         <run_address>0x20010adc</run_address>
         <size>0x30</size>
         <input_file_ref idref="fl-184"/>
      </object_component>
      <object_component id="oc-1bb">
         <name>.text:sl_WlanSetMode</name>
         <load_address>0x20010b0c</load_address>
         <run_address>0x20010b0c</run_address>
         <size>0x30</size>
         <input_file_ref idref="fl-184"/>
      </object_component>
      <object_component id="oc-5bc">
         <name>.text</name>
         <load_address>0x20010b3c</load_address>
         <run_address>0x20010b3c</run_address>
         <size>0x2e</size>
         <input_file_ref idref="fl-15d"/>
      </object_component>
      <object_component id="oc-8c7">
         <name>.text</name>
         <load_address>0x20010b6a</load_address>
         <run_address>0x20010b6a</run_address>
         <size>0x2e</size>
         <input_file_ref idref="fl-172"/>
      </object_component>
      <object_component id="oc-67d">
         <name>.text:DmaSpiSwIntHandler</name>
         <load_address>0x20010b98</load_address>
         <run_address>0x20010b98</run_address>
         <size>0x2c</size>
         <input_file_ref idref="fl-185"/>
      </object_component>
      <object_component id="oc-4ee">
         <name>.text:I2CMasterErr</name>
         <load_address>0x20010bc4</load_address>
         <run_address>0x20010bc4</run_address>
         <size>0x2c</size>
         <input_file_ref idref="fl-176"/>
      </object_component>
      <object_component id="oc-3aa">
         <name>.text:NwpPowerOn</name>
         <load_address>0x20010bf0</load_address>
         <run_address>0x20010bf0</run_address>
         <size>0x2c</size>
         <input_file_ref idref="fl-185"/>
      </object_component>
      <object_component id="oc-46a">
         <name>.text:PRCMSysResetCauseGet</name>
         <load_address>0x20010c1c</load_address>
         <run_address>0x20010c1c</run_address>
         <size>0x2c</size>
         <input_file_ref idref="fl-179"/>
      </object_component>
      <object_component id="oc-4c3">
         <name>.text:TimerLoadSet</name>
         <load_address>0x20010c48</load_address>
         <run_address>0x20010c48</run_address>
         <size>0x2a</size>
         <input_file_ref idref="fl-17a"/>
      </object_component>
      <object_component id="oc-4cf">
         <name>.text:TimerMatchSet</name>
         <load_address>0x20010c72</load_address>
         <run_address>0x20010c72</run_address>
         <size>0x2a</size>
         <input_file_ref idref="fl-17a"/>
      </object_component>
      <object_component id="oc-4c9">
         <name>.text:TimerPrescaleMatchSet</name>
         <load_address>0x20010c9c</load_address>
         <run_address>0x20010c9c</run_address>
         <size>0x2a</size>
         <input_file_ref idref="fl-17a"/>
      </object_component>
      <object_component id="oc-4b2">
         <name>.text:TimerPrescaleSet</name>
         <load_address>0x20010cc6</load_address>
         <run_address>0x20010cc6</run_address>
         <size>0x2a</size>
         <input_file_ref idref="fl-17a"/>
      </object_component>
      <object_component id="oc-3ff">
         <name>.text</name>
         <load_address>0x20010cf0</load_address>
         <run_address>0x20010cf0</run_address>
         <size>0x2a</size>
         <input_file_ref idref="fl-166"/>
      </object_component>
      <object_component id="oc-464">
         <name>.text:PRCMPeripheralClkDisable</name>
         <load_address>0x20010d1c</load_address>
         <run_address>0x20010d1c</run_address>
         <size>0x28</size>
         <input_file_ref idref="fl-179"/>
      </object_component>
      <object_component id="oc-3a4">
         <name>.text:NwpRegisterInterruptHandler</name>
         <load_address>0x20010d44</load_address>
         <run_address>0x20010d44</run_address>
         <size>0x26</size>
         <input_file_ref idref="fl-185"/>
      </object_component>
      <object_component id="oc-483">
         <name>.text:IntUnregister</name>
         <load_address>0x20010d6c</load_address>
         <run_address>0x20010d6c</run_address>
         <size>0x24</size>
         <input_file_ref idref="fl-177"/>
      </object_component>
      <object_component id="oc-522">
         <name>.text:UARTEnable</name>
         <load_address>0x20010d90</load_address>
         <run_address>0x20010d90</run_address>
         <size>0x24</size>
         <input_file_ref idref="fl-17b"/>
      </object_component>
      <object_component id="oc-572">
         <name>.text:_SlDrvProtectionObjLockWaitForever</name>
         <load_address>0x20010db4</load_address>
         <run_address>0x20010db4</run_address>
         <size>0x24</size>
         <input_file_ref idref="fl-180"/>
      </object_component>
      <object_component id="oc-2d9">
         <name>.text</name>
         <load_address>0x20010dd8</load_address>
         <run_address>0x20010dd8</run_address>
         <size>0x24</size>
         <input_file_ref idref="fl-140"/>
      </object_component>
      <object_component id="oc-405">
         <name>.text</name>
         <load_address>0x20010dfc</load_address>
         <run_address>0x20010dfc</run_address>
         <size>0x24</size>
         <input_file_ref idref="fl-164"/>
      </object_component>
      <object_component id="oc-4f4">
         <name>.text:I2CMasterSlaveAddrSet</name>
         <load_address>0x20010e20</load_address>
         <run_address>0x20010e20</run_address>
         <size>0x22</size>
         <input_file_ref idref="fl-176"/>
      </object_component>
      <object_component id="oc-641">
         <name>.text:SPIReset</name>
         <load_address>0x20010e42</load_address>
         <run_address>0x20010e42</run_address>
         <size>0x22</size>
         <input_file_ref idref="fl-18e"/>
      </object_component>
      <object_component id="oc-81f">
         <name>.text:SPIWordCountSet</name>
         <load_address>0x20010e64</load_address>
         <run_address>0x20010e64</run_address>
         <size>0x22</size>
         <input_file_ref idref="fl-18e"/>
      </object_component>
      <object_component id="oc-5c6">
         <name>.text</name>
         <load_address>0x20010e86</load_address>
         <run_address>0x20010e86</run_address>
         <size>0x22</size>
         <input_file_ref idref="fl-15b"/>
      </object_component>
      <object_component id="oc-431">
         <name>.text:GPIOPinWrite</name>
         <load_address>0x20010ea8</load_address>
         <run_address>0x20010ea8</run_address>
         <size>0x20</size>
         <input_file_ref idref="fl-175"/>
      </object_component>
      <object_component id="oc-471">
         <name>.text:IntRegister</name>
         <load_address>0x20010ec8</load_address>
         <run_address>0x20010ec8</run_address>
         <size>0x20</size>
         <input_file_ref idref="fl-177"/>
      </object_component>
      <object_component id="oc-578">
         <name>.text:_SlDrvProtectionObjUnLock</name>
         <load_address>0x20010ee8</load_address>
         <run_address>0x20010ee8</run_address>
         <size>0x20</size>
         <input_file_ref idref="fl-180"/>
      </object_component>
      <object_component id="oc-4d6">
         <name>.text:I2CMasterIntStatusEx</name>
         <load_address>0x20010f08</load_address>
         <run_address>0x20010f08</run_address>
         <size>0x1e</size>
         <input_file_ref idref="fl-176"/>
      </object_component>
      <object_component id="oc-309">
         <name>.text:TimerDisable</name>
         <load_address>0x20010f26</load_address>
         <run_address>0x20010f26</run_address>
         <size>0x1e</size>
         <input_file_ref idref="fl-17a"/>
      </object_component>
      <object_component id="oc-303">
         <name>.text:TimerEnable</name>
         <load_address>0x20010f44</load_address>
         <run_address>0x20010f44</run_address>
         <size>0x1e</size>
         <input_file_ref idref="fl-17a"/>
      </object_component>
      <object_component id="oc-2bb">
         <name>.text:UARTCharPut</name>
         <load_address>0x20010f62</load_address>
         <run_address>0x20010f62</run_address>
         <size>0x1e</size>
         <input_file_ref idref="fl-17b"/>
      </object_component>
      <object_component id="oc-653">
         <name>.text:cc_UDMAChannelSelect</name>
         <load_address>0x20010f80</load_address>
         <run_address>0x20010f80</run_address>
         <size>0x1e</size>
         <input_file_ref idref="fl-185"/>
      </object_component>
      <object_component id="oc-2cd">
         <name>.text:UARTCharGetNonBlocking</name>
         <load_address>0x20010f9e</load_address>
         <run_address>0x20010f9e</run_address>
         <size>0x1c</size>
         <input_file_ref idref="fl-17b"/>
      </object_component>
      <object_component id="oc-54e">
         <name>.text:_SlDrvObjLockWaitForever</name>
         <load_address>0x20010fba</load_address>
         <run_address>0x20010fba</run_address>
         <size>0x1c</size>
         <input_file_ref idref="fl-180"/>
      </object_component>
      <object_component id="oc-332">
         <name>.text:_SlDrvSyncObjWaitForever</name>
         <load_address>0x20010fd6</load_address>
         <run_address>0x20010fd6</run_address>
         <size>0x1c</size>
         <input_file_ref idref="fl-180"/>
      </object_component>
      <object_component id="oc-5d8">
         <name>.text</name>
         <load_address>0x20010ff2</load_address>
         <run_address>0x20010ff2</run_address>
         <size>0x1c</size>
         <input_file_ref idref="fl-161"/>
      </object_component>
      <object_component id="oc-8ea">
         <name>.text:uDMAChannelEnable</name>
         <load_address>0x20011010</load_address>
         <run_address>0x20011010</run_address>
         <size>0x1c</size>
         <input_file_ref idref="fl-18f"/>
      </object_component>
      <object_component id="oc-42b">
         <name>.text:GPIOIntEnable</name>
         <load_address>0x2001102c</load_address>
         <run_address>0x2001102c</run_address>
         <size>0x1a</size>
         <input_file_ref idref="fl-175"/>
      </object_component>
      <object_component id="oc-4a5">
         <name>.text:PinTypeTimer</name>
         <load_address>0x20011046</load_address>
         <run_address>0x20011046</run_address>
         <size>0x1a</size>
         <input_file_ref idref="fl-178"/>
      </object_component>
      <object_component id="oc-493">
         <name>.text:PinTypeUART</name>
         <load_address>0x20011060</load_address>
         <run_address>0x20011060</run_address>
         <size>0x1a</size>
         <input_file_ref idref="fl-178"/>
      </object_component>
      <object_component id="oc-6b3">
         <name>.text:SPIDmaDisable</name>
         <load_address>0x2001107a</load_address>
         <run_address>0x2001107a</run_address>
         <size>0x1a</size>
         <input_file_ref idref="fl-18e"/>
      </object_component>
      <object_component id="oc-65f">
         <name>.text:SPIDmaEnable</name>
         <load_address>0x20011094</load_address>
         <run_address>0x20011094</run_address>
         <size>0x1a</size>
         <input_file_ref idref="fl-18e"/>
      </object_component>
      <object_component id="oc-6ad">
         <name>.text:SPIFIFODisable</name>
         <load_address>0x200110ae</load_address>
         <run_address>0x200110ae</run_address>
         <size>0x1a</size>
         <input_file_ref idref="fl-18e"/>
      </object_component>
      <object_component id="oc-659">
         <name>.text:SPIFIFOEnable</name>
         <load_address>0x200110c8</load_address>
         <run_address>0x200110c8</run_address>
         <size>0x1a</size>
         <input_file_ref idref="fl-18e"/>
      </object_component>
      <object_component id="oc-12e">
         <name>.text:GPIOPinRead</name>
         <load_address>0x200110e2</load_address>
         <run_address>0x200110e2</run_address>
         <size>0x18</size>
         <input_file_ref idref="fl-175"/>
      </object_component>
      <object_component id="oc-635">
         <name>.text:SPICSDisable</name>
         <load_address>0x200110fa</load_address>
         <run_address>0x200110fa</run_address>
         <size>0x18</size>
         <input_file_ref idref="fl-18e"/>
      </object_component>
      <object_component id="oc-819">
         <name>.text:SPICSEnable</name>
         <load_address>0x20011112</load_address>
         <run_address>0x20011112</run_address>
         <size>0x18</size>
         <input_file_ref idref="fl-18e"/>
      </object_component>
      <object_component id="oc-63b">
         <name>.text:SPIDisable</name>
         <load_address>0x2001112a</load_address>
         <run_address>0x2001112a</run_address>
         <size>0x18</size>
         <input_file_ref idref="fl-18e"/>
      </object_component>
      <object_component id="oc-671">
         <name>.text:SPIEnable</name>
         <load_address>0x20011142</load_address>
         <run_address>0x20011142</run_address>
         <size>0x18</size>
         <input_file_ref idref="fl-18e"/>
      </object_component>
      <object_component id="oc-2c7">
         <name>.text:UARTCharsAvail</name>
         <load_address>0x2001115a</load_address>
         <run_address>0x2001115a</run_address>
         <size>0x18</size>
         <input_file_ref idref="fl-17b"/>
      </object_component>
      <object_component id="oc-560">
         <name>.text:_SlDrvObjUnLock</name>
         <load_address>0x20011172</load_address>
         <run_address>0x20011172</run_address>
         <size>0x18</size>
         <input_file_ref idref="fl-180"/>
      </object_component>
      <object_component id="oc-586">
         <name>.text:_SlDrvSyncObjSignal</name>
         <load_address>0x2001118a</load_address>
         <run_address>0x2001118a</run_address>
         <size>0x18</size>
         <input_file_ref idref="fl-180"/>
      </object_component>
      <object_component id="oc-3b0">
         <name>.text:_sl_GetStartResponseConvert</name>
         <load_address>0x200111a4</load_address>
         <run_address>0x200111a4</run_address>
         <size>0x18</size>
         <input_file_ref idref="fl-17f"/>
      </object_component>
      <object_component id="oc-72">
         <name>.text</name>
         <load_address>0x200111bc</load_address>
         <run_address>0x200111bc</run_address>
         <size>0x18</size>
         <input_file_ref idref="fl-14f"/>
      </object_component>
      <object_component id="oc-79a">
         <name>.text</name>
         <load_address>0x200111d4</load_address>
         <run_address>0x200111d4</run_address>
         <size>0x18</size>
         <input_file_ref idref="fl-171"/>
      </object_component>
      <object_component id="oc-183">
         <name>.text</name>
         <load_address>0x200111ec</load_address>
         <run_address>0x200111ec</run_address>
         <size>0x18</size>
         <input_file_ref idref="fl-147"/>
      </object_component>
      <object_component id="oc-615">
         <name>.text</name>
         <load_address>0x20011204</load_address>
         <run_address>0x20011204</run_address>
         <size>0x18</size>
[...]
      <symbol id="sm-158a">
         <name>osi_SyncObjClear</name>
         <value>0x20009e2b</value>
         <object_component_ref idref="oc-22e"/>
      </symbol>
      <symbol id="sm-158b">
         <name>VStartSimpleLinkSpawnTask</name>
         <value>0x20009f95</value>
         <object_component_ref idref="oc-22e"/>
      </symbol>
      <symbol id="sm-158c">
         <name>osi_MsgQWrite</name>
         <value>0x2000a06f</value>
         <object_component_ref idref="oc-22e"/>
      </symbol>
      <symbol id="sm-158d">
         <name>osi_Sleep</name>
         <value>0x2000a139</value>
         <object_component_ref idref="oc-22e"/>
      </symbol>
      <symbol id="sm-158e">
         <name>osi_SyncObjDelete</name>
         <value>0x20009d85</value>
         <object_component_ref idref="oc-22e"/>
      </symbol>
      <symbol id="sm-158f">
         <name>osi_TaskDisable</name>
         <value>0x2000a149</value>
         <object_component_ref idref="oc-22e"/>
      </symbol>
      <symbol id="sm-1590">
         <name>osi_Spawn</name>
         <value>0x20009f27</value>
         <object_component_ref idref="oc-22e"/>
      </symbol>
      <symbol id="sm-1591">
         <name>mem_Free</name>
         <value>0x2000a0e9</value>
         <object_component_ref idref="oc-22e"/>
      </symbol>
      <symbol id="sm-1592">
         <name>osi_ContextSave</name>
         <value>0x2000a15d</value>
         <object_component_ref idref="oc-22e"/>
      </symbol>
      <symbol id="sm-1593">
         <name>xSimpleLinkSpawnQueue</name>
         <value>0x200195ec</value>
         <object_component_ref idref="oc-48f"/>
      </symbol>
      <symbol id="sm-1594">
         <name>xSimpleLinkSpawnTaskHndl</name>
         <value>0x200195f0</value>
         <object_component_ref idref="oc-48f"/>
      </symbol>
      <symbol id="sm-15bc">
         <name>vPortSetupTimerInterrupt</name>
         <value>0x2000d5e5</value>
         <object_component_ref idref="oc-38"/>
      </symbol>
      <symbol id="sm-15bd">
         <name>vPortEndScheduler</name>
         <value>0x2000d585</value>
         <object_component_ref idref="oc-38"/>
      </symbol>
      <symbol id="sm-15be">
         <name>vPortYield</name>
         <value>0x2000d587</value>
         <object_component_ref idref="oc-38"/>
      </symbol>
      <symbol id="sm-15bf">
         <name>xPortSysTickHandler</name>
         <value>0x2000d5c9</value>
         <object_component_ref idref="oc-38"/>
      </symbol>
      <symbol id="sm-15c0">
         <name>pxPortInitialiseStack</name>
         <value>0x2000d509</value>
         <object_component_ref idref="oc-38"/>
      </symbol>
      <symbol id="sm-15c1">
         <name>vPortExitCritical</name>
         <value>0x2000d5b1</value>
         <object_component_ref idref="oc-38"/>
      </symbol>
      <symbol id="sm-15c2">
         <name>xPortStartScheduler</name>
         <value>0x2000d559</value>
         <object_component_ref idref="oc-38"/>
      </symbol>
      <symbol id="sm-15c3">
         <name>vPortEnterCritical</name>
         <value>0x2000d599</value>
         <object_component_ref idref="oc-38"/>
      </symbol>
      <symbol id="sm-15d4">
         <name>portCLZ</name>
         <value>0x2000e5e5</value>
         <object_component_ref idref="oc-33"/>
      </symbol>
      <symbol id="sm-15d5">
         <name>xPortPendSVHandler</name>
         <value>0x2000e559</value>
         <object_component_ref idref="oc-33"/>
      </symbol>
      <symbol id="sm-15d6">
         <name>vPortClearInterruptMask</name>
         <value>0x2000e54b</value>
         <object_component_ref idref="oc-33"/>
      </symbol>
      <symbol id="sm-15d7">
         <name>ulPortSetInterruptMask</name>
         <value>0x2000e535</value>
         <object_component_ref idref="oc-33"/>
      </symbol>
      <symbol id="sm-15d8">
         <name>prvPortStartFirstTask</name>
         <value>0x2000e5cd</value>
         <object_component_ref idref="oc-33"/>
      </symbol>
      <symbol id="sm-15d9">
         <name>vPortSVCHandler</name>
         <value>0x2000e5a5</value>
         <object_component_ref idref="oc-33"/>
      </symbol>
      <symbol id="sm-168d">
         <name>xQueuePeekFromISR</name>
         <value>0x200089b5</value>
         <object_component_ref idref="oc-489"/>
      </symbol>
      <symbol id="sm-168e">
         <name>xQueueIsQueueEmptyFromISR</name>
         <value>0x20008c3b</value>
         <object_component_ref idref="oc-489"/>
      </symbol>
      <symbol id="sm-168f">
         <name>xQueueGenericSendFromISR</name>
         <value>0x2000875f</value>
         <object_component_ref idref="oc-489"/>
      </symbol>
      <symbol id="sm-1690">
         <name>uxQueueMessagesWaiting</name>
         <value>0x200089f9</value>
         <object_component_ref idref="oc-489"/>
      </symbol>
      <symbol id="sm-1691">
         <name>vQueueAddToRegistry</name>
         <value>0x20008c9f</value>
         <object_component_ref idref="oc-489"/>
      </symbol>
      <symbol id="sm-1692">
         <name>xQueueIsQueueFullFromISR</name>
         <value>0x20008c7d</value>
         <object_component_ref idref="oc-489"/>
      </symbol>
      <symbol id="sm-1693">
         <name>xQueueSelectFromSet</name>
         <value>0x20008da5</value>
         <object_component_ref idref="oc-489"/>
      </symbol>
      <symbol id="sm-1694">
         <name>xQueueGenericCreate</name>
         <value>0x20008395</value>
         <object_component_ref idref="oc-489"/>
      </symbol>
      <symbol id="sm-1695">
         <name>xQueueSelectFromSetFromISR</name>
         <value>0x20008dbf</value>
         <object_component_ref idref="oc-489"/>
      </symbol>
      <symbol id="sm-1696">
         <name>xQueueCreateMutex</name>
         <value>0x2000840b</value>
         <object_component_ref idref="oc-489"/>
      </symbol>
      <symbol id="sm-1697">
         <name>vQueueSetQueueNumber</name>
         <value>0x20008a73</value>
         <object_component_ref idref="oc-489"/>
      </symbol>
      <symbol id="sm-1698">
         <name>xQueueGenericSend</name>
         <value>0x200084a9</value>
         <object_component_ref idref="oc-489"/>
      </symbol>
      <symbol id="sm-1699">
         <name>xQueueGenericReset</name>
         <value>0x20008305</value>
         <object_component_ref idref="oc-489"/>
      </symbol>
      <symbol id="sm-169a">
         <name>xQueueReceiveFromISR</name>
         <value>0x2000893d</value>
         <object_component_ref idref="oc-489"/>
      </symbol>
      <symbol id="sm-169b">
         <name>uxQueueSpacesAvailable</name>
         <value>0x20008a0f</value>
         <object_component_ref idref="oc-489"/>
      </symbol>
      <symbol id="sm-169c">
         <name>xQueueRegistry</name>
         <value>0x200192f4</value>
         <object_component_ref idref="oc-707"/>
      </symbol>
      <symbol id="sm-169d">
         <name>vQueueUnregisterQueue</name>
         <value>0x20008ce1</value>
         <object_component_ref idref="oc-489"/>
      </symbol>
      <symbol id="sm-169e">
         <name>xQueueAltGenericReceive</name>
         <value>0x20008661</value>
         <object_component_ref idref="oc-489"/>
      </symbol>
      <symbol id="sm-169f">
         <name>uxQueueMessagesWaitingFromISR</name>
         <value>0x20008a2f</value>
         <object_component_ref idref="oc-489"/>
      </symbol>
      <symbol id="sm-16a0">
         <name>uxQueueGetQueueNumber</name>
         <value>0x20008a65</value>
         <object_component_ref idref="oc-489"/>
      </symbol>
      <symbol id="sm-16a1">
         <name>xQueueGenericReceive</name>
         <value>0x200087fb</value>
         <object_component_ref idref="oc-489"/>
      </symbol>
      <symbol id="sm-16a2">
         <name>xQueueCreateCountingSemaphore</name>
         <value>0x20008489</value>
         <object_component_ref idref="oc-489"/>
      </symbol>
      <symbol id="sm-16a3">
         <name>vQueueDelete</name>
         <value>0x20008a41</value>
         <object_component_ref idref="oc-489"/>
      </symbol>
      <symbol id="sm-16a4">
         <name>xQueueAddToSet</name>
         <value>0x20008d2f</value>
         <object_component_ref idref="oc-489"/>
      </symbol>
      <symbol id="sm-16a5">
         <name>xQueueAltGenericSend</name>
         <value>0x200085b5</value>
         <object_component_ref idref="oc-489"/>
      </symbol>
      <symbol id="sm-16a6">
         <name>xQueueCreateSet</name>
         <value>0x20008d1b</value>
         <object_component_ref idref="oc-489"/>
      </symbol>
      <symbol id="sm-16a7">
         <name>xQueueRemoveFromSet</name>
         <value>0x20008d63</value>
         <object_component_ref idref="oc-489"/>
      </symbol>
      <symbol id="sm-16a8">
         <name>ucQueueGetQueueType</name>
         <value>0x20008a85</value>
         <object_component_ref idref="oc-489"/>
      </symbol>
      <symbol id="sm-1818">
         <name>vTaskDelay</name>
         <value>0x20006207</value>
         <object_component_ref idref="oc-87"/>
      </symbol>
      <symbol id="sm-1819">
         <name>vTaskSuspendAll</name>
         <value>0x2000666b</value>
         <object_component_ref idref="oc-87"/>
      </symbol>
      <symbol id="sm-181a">
         <name>vTaskPriorityInherit</name>
         <value>0x200070a9</value>
         <object_component_ref idref="oc-87"/>
      </symbol>
      <symbol id="sm-181b">
         <name>vTaskPlaceOnEventList</name>
         <value>0x20006a1d</value>
         <object_component_ref idref="oc-87"/>
      </symbol>
      <symbol id="sm-181c">
         <name>vTaskSetTaskNumber</name>
         <value>0x20006cb5</value>
         <object_component_ref idref="oc-87"/>
      </symbol>
      <symbol id="sm-181d">
         <name>xTaskCheckForTimeOut</name>
         <value>0x20006c0d</value>
         <object_component_ref idref="oc-87"/>
      </symbol>
      <symbol id="sm-181e">
         <name>xTaskRemoveFromUnorderedEventList</name>
         <value>0x20006b79</value>
         <object_component_ref idref="oc-87"/>
      </symbol>
      <symbol id="sm-181f">
         <name>vTaskPrioritySet</name>
         <value>0x20006329</value>
         <object_component_ref idref="oc-87"/>
      </symbol>
      <symbol id="sm-1820">
         <name>vTaskStartScheduler</name>
         <value>0x2000660f</value>
         <object_component_ref idref="oc-87"/>
      </symbol>
      <symbol id="sm-1821">
         <name>pcTaskGetTaskName</name>
         <value>0x20006781</value>
         <object_component_ref idref="oc-87"/>
      </symbol>
      <symbol id="sm-1822">
         <name>vTaskPriorityDisinherit</name>
         <value>0x20007163</value>
         <object_component_ref idref="oc-87"/>
      </symbol>
      <symbol id="sm-1823">
         <name>vTaskDelayUntil</name>
         <value>0x2000616b</value>
         <object_component_ref idref="oc-87"/>
      </symbol>
      <symbol id="sm-1824">
         <name>uxTaskGetTaskNumber</name>
         <value>0x20006c95</value>
         <object_component_ref idref="oc-87"/>
      </symbol>
      <symbol id="sm-1825">
         <name>vTaskEndScheduler</name>
         <value>0x20006659</value>
         <object_component_ref idref="oc-87"/>
      </symbol>
      <symbol id="sm-1826">
         <name>vTaskMissedYield</name>
         <value>0x20006c87</value>
         <object_component_ref idref="oc-87"/>
      </symbol>
      <symbol id="sm-1827">
         <name>uxTaskGetNumberOfTasks</name>
         <value>0x20006775</value>
         <object_component_ref idref="oc-87"/>
      </symbol>
      <symbol id="sm-1828">
         <name>uxTaskPriorityGet</name>
         <value>0x200062f1</value>
         <object_component_ref idref="oc-87"/>
      </symbol>
      <symbol id="sm-1829">
         <name>xTaskResumeAll</name>
         <value>0x2000667d</value>
         <object_component_ref idref="oc-87"/>
      </symbol>
      <symbol id="sm-182a">
         <name>xTaskGetTickCount</name>
         <value>0x20006749</value>
         <object_component_ref idref="oc-87"/>
      </symbol>
      <symbol id="sm-182b">
         <name>xTaskGenericCreate</name>
         <value>0x20005fcd</value>
         <object_component_ref idref="oc-87"/>
      </symbol>
      <symbol id="sm-182c">
         <name>uxTaskGetSystemState</name>
         <value>0x200067a5</value>
         <object_component_ref idref="oc-87"/>
      </symbol>
      <symbol id="sm-182d">
         <name>vTaskDelete</name>
         <value>0x200060db</value>
         <object_component_ref idref="oc-87"/>
      </symbol>
      <symbol id="sm-182e">
         <name>pxCurrentTCB</name>
         <value>0x20019560</value>
         <object_component_ref idref="oc-8d"/>
      </symbol>
      <symbol id="sm-182f">
         <name>eTaskGetState</name>
         <value>0x2000625d</value>
         <object_component_ref idref="oc-87"/>
      </symbol>
      <symbol id="sm-1830">
         <name>vTaskSuspend</name>
         <value>0x2000642d</value>
         <object_component_ref idref="oc-87"/>
      </symbol>
      <symbol id="sm-1831">
         <name>xTaskGetIdleTaskHandle</name>
         <value>0x20006863</value>
         <object_component_ref idref="oc-87"/>
      </symbol>
      <symbol id="sm-1832">
         <name>xTaskGetTickCountFromISR</name>
         <value>0x2000675d</value>
         <object_component_ref idref="oc-87"/>
      </symbol>
      <symbol id="sm-1833">
         <name>vTaskResume</name>
         <value>0x20006521</value>
         <object_component_ref idref="oc-87"/>
      </symbol>
      <symbol id="sm-1834">
         <name>vTaskSetTimeOutState</name>
         <value>0x20006be7</value>
         <object_component_ref idref="oc-87"/>
      </symbol>
      <symbol id="sm-1835">
         <name>xTaskIncrementTick</name>
         <value>0x20006881</value>
         <object_component_ref idref="oc-87"/>
      </symbol>
      <symbol id="sm-1836">
         <name>vTaskSwitchContext</name>
         <value>0x2000699d</value>
         <object_component_ref idref="oc-87"/>
      </symbol>
      <symbol id="sm-1837">
         <name>uxTaskResetEventItemValue</name>
         <value>0x200071ed</value>
         <object_component_ref idref="oc-87"/>
      </symbol>
      <symbol id="sm-1838">
         <name>xTaskGetSchedulerState</name>
         <value>0x20007071</value>
         <object_component_ref idref="oc-87"/>
      </symbol>
      <symbol id="sm-1839">
         <name>xTaskResumeFromISR</name>
         <value>0x20006595</value>
         <object_component_ref idref="oc-87"/>
      </symbol>
      <symbol id="sm-183a">
         <name>xTaskGetCurrentTaskHandle</name>
         <value>0x2000705d</value>
         <object_component_ref idref="oc-87"/>
      </symbol>
      <symbol id="sm-183b">
         <name>vTaskPlaceOnUnorderedEventList</name>
         <value>0x20006a81</value>
         <object_component_ref idref="oc-87"/>
      </symbol>
      <symbol id="sm-183c">
         <name>xTaskRemoveFromEventList</name>
         <value>0x20006af1</value>
         <object_component_ref idref="oc-87"/>
      </symbol>
      <symbol id="sm-184c">
         <name>pvPortMalloc</name>
         <value>0x200107d1</value>
         <object_component_ref idref="oc-f2"/>
      </symbol>
      <symbol id="sm-184d">
         <name>vPortFree</name>
         <value>0x200107f1</value>
         <object_component_ref idref="oc-f2"/>
      </symbol>
      <symbol id="sm-1863">
         <name>uxListRemove</name>
         <value>0x2000d283</value>
         <object_component_ref idref="oc-e2"/>
      </symbol>
      <symbol id="sm-1864">
         <name>vListInsert</name>
         <value>0x2000d21d</value>
         <object_component_ref idref="oc-e2"/>
      </symbol>
      <symbol id="sm-1865">
         <name>vListInitialiseItem</name>
         <value>0x2000d1d1</value>
         <object_component_ref idref="oc-e2"/>
      </symbol>
      <symbol id="sm-1866">
         <name>vListInsertEnd</name>
         <value>0x2000d1e1</value>
         <object_component_ref idref="oc-e2"/>
      </symbol>
      <symbol id="sm-1867">
         <name>vListInitialise</name>
         <value>0x2000d1a1</value>
         <object_component_ref idref="oc-e2"/>
      </symbol>
      <symbol id="sm-1907">
         <name>SPIFIFODisable</name>
         <value>0x200110af</value>
         <object_component_ref idref="oc-6ad"/>
      </symbol>
      <symbol id="sm-1908">
         <name>SPICSEnable</name>
         <value>0x20011113</value>
         <object_component_ref idref="oc-819"/>
      </symbol>
      <symbol id="sm-1909">
         <name>SPIDisable</name>
         <value>0x2001112b</value>
         <object_component_ref idref="oc-63b"/>
      </symbol>
      <symbol id="sm-190a">
         <name>SPIFIFOEnable</name>
         <value>0x200110c9</value>
         <object_component_ref idref="oc-659"/>
      </symbol>
      <symbol id="sm-190b">
         <name>SPIWordCountSet</name>
         <value>0x20010e65</value>
         <object_component_ref idref="oc-81f"/>
      </symbol>
      <symbol id="sm-190c">
         <name>SPIEnable</name>
         <value>0x20011143</value>
         <object_component_ref idref="oc-671"/>
      </symbol>
      <symbol id="sm-190d">
         <name>SPIDmaEnable</name>
         <value>0x20011095</value>
         <object_component_ref idref="oc-65f"/>
      </symbol>
      <symbol id="sm-190e">
         <name>SPIConfigSetExpClk</name>
         <value>0x2000e8a9</value>
         <object_component_ref idref="oc-647"/>
      </symbol>
      <symbol id="sm-190f">
         <name>SPIFIFOLevelSet</name>
         <value>0x20010951</value>
         <object_component_ref idref="oc-665"/>
      </symbol>
      <symbol id="sm-1910">
         <name>SPIDmaDisable</name>
         <value>0x2001107b</value>
         <object_component_ref idref="oc-6b3"/>
      </symbol>
      <symbol id="sm-1911">
         <name>SPIReset</name>
         <value>0x20010e43</value>
         <object_component_ref idref="oc-641"/>
      </symbol>
      <symbol id="sm-1912">
         <name>SPIIntEnable</name>
         <value>0x200100ad</value>
         <object_component_ref idref="oc-66b"/>
      </symbol>
      <symbol id="sm-1913">
         <name>SPIIntClear</name>
         <value>0x200102c1</value>
         <object_component_ref idref="oc-7d7"/>
      </symbol>
      <symbol id="sm-1914">
         <name>SPICSDisable</name>
         <value>0x200110fb</value>
         <object_component_ref idref="oc-635"/>
      </symbol>
      <symbol id="sm-196b">
         <name>uDMAChannelControlSet</name>
         <value>0x2001075d</value>
         <object_component_ref idref="oc-8d8"/>
      </symbol>
      <symbol id="sm-196c">
         <name>uDMAChannelAttributeEnable</name>
         <value>0x2000fc1d</value>
         <object_component_ref idref="oc-8de"/>
      </symbol>
      <symbol id="sm-196d">
         <name>uDMAChannelTransferSet</name>
         <value>0x2000dd2d</value>
         <object_component_ref idref="oc-8e4"/>
      </symbol>
      <symbol id="sm-196e">
         <name>uDMAChannelAssign</name>
         <value>0x20010275</value>
         <object_component_ref idref="oc-7bb"/>
      </symbol>
      <symbol id="sm-196f">
         <name>uDMAChannelAttributeDisable</name>
         <value>0x2000fbb9</value>
         <object_component_ref idref="oc-7c1"/>
      </symbol>
      <symbol id="sm-1970">
         <name>uDMAChannelEnable</name>
         <value>0x20011011</value>
         <object_component_ref idref="oc-8ea"/>
      </symbol>
      <symbol id="sm-1971">
         <name>__TI_static_base__</name>
         <value>0x20011b78</value>
      </symbol>
      <symbol id="sm-1974">
         <name>SHT$$INIT_ARRAY$$Limit</name>
         <value>0x0</value>
      </symbol>
      <symbol id="sm-1975">
         <name>SHT$$INIT_ARRAY$$Base</name>
         <value>0x0</value>
      </symbol>
   </symbol_table>
   <title>Link successful</title>
</link_info>
