******************************************************************************
                  TI ARM Linker PC v15.12.1                    
******************************************************************************
>> Linked Sun Aug 06 17:15:13 2017

OUTPUT FILE NAME:   <distance.out>
ENTRY POINT SYMBOL: "_c_int00"  address: 2000ffb1


MEMORY CONFIGURATION

         name            origin    length      used     unused   attr    fill
----------------------  --------  ---------  --------  --------  ----  --------
  SRAM_CODE             20004000   00013000  0000d527  00005ad9  RW X
  SRAM_DATA             20017000   00019000  000034f0  00015b10  RW X


SEGMENT ALLOCATION MAP

run origin  load origin   length   init length attrs members
----------  ----------- ---------- ----------- ----- -------
20004000    20004000    0000d52c   0000d52c    r-x
  20004000    20004000    00000400   00000400    r-- .intvecs
  20004400    20004400    0000c91e   0000c91e    r-x .text
  20010d20    20010d20    0000078d   0000078d    r-- .const
  200114b0    200114b0    0000007c   0000007c    r-- .cinit
20017000    20017000    000024f0   00000000    rw-
  20017000    20017000    00002000   00000000    rw- .sysmem
  20019000    20019000    0000041c   00000000    rw- .bss
  2001941c    2001941c    000000d4   00000000    rw- .data
2002f000    2002f000    00001000   00000000    rw-
  2002f000    2002f000    00001000   00000000    rw- .stack


SECTION ALLOCATION MAP

 output                                  attributes/
section   page    origin      length       input sections
--------  ----  ----------  ----------   ----------------
.intvecs   0    20004000    00000400     
                  20004000    00000400     startup_ccs.obj (.intvecs)

.init_array 
*          0    20004000    00000000     UNINITIALIZED

.text      0    20004400    0000c91e     
                  20004400    00001764     main.obj (.text)
                  20005b64    00001258     free_rtos.a : tasks.obj (.text)
                  20006dbc    000010fc     rtsv7M4_T_le_eabi.lib : _printfi.obj (.text)
                  20007eb8    00000b24     free_rtos.a : queue.obj (.text)
                  200089dc    00000906     rtsv7M4_T_le_eabi.lib : _scanfi.obj (.text)
                  200092e2    00000002     driverlib.a : interrupt.obj (.text:IntDefaultHandler)
                  200092e4    000005ec     simplelink.a : driver.obj (.text:_SlDrvMsgRead)
                  200098d0    0000045c     free_rtos.a : osi_freertos.obj (.text)
                  20009d2c    000003dc     rtsv7M4_T_le_eabi.lib : memory.obj (.text)
                  2000a108    00000394     gpio_if.obj (.text)
                  2000a49c    00000290     i2c_if.obj (.text)
                  2000a72c    00000290     uart_if.obj (.text)
                  2000a9bc    00000258     rotate.obj (.text)
                  2000ac14    00000248     simplelink.a : driver.obj (.text:_SlDrvRxHdrRead)
                  2000ae5c    00000244                  : wlan.obj (.text:sl_WlanConnect)
                  2000b0a0    00000238     rtsv7M4_T_le_eabi.lib : strtod.obj (.text)
                  2000b2d8    0000021e                           : ll_div_t2.obj (.text)
                  2000b4f6    000001f4                           : ull_div_t2.obj (.text)
                  2000b6ea    00000002                           : l_div0.obj (.text)
                  2000b6ec    000001e4                           : strtoll.obj (.text)
                  2000b8d0    000001d0     simplelink.a : driver.obj (.text:_SlDrvReleasePoolObj)
                  2000baa0    000001cc                  : driver.obj (.text:_SlDrvMsgWrite)
                  2000bc6c    000001b6     rtsv7M4_T_le_eabi.lib : fd_add_t2.obj (.text)
                  2000be22    00000002                           : mpu_init.obj (.text)
                  2000be24    000001b4     pinmux.obj (.text)
                  2000bfd8    00000190     simplelink.a : driver.obj (.text:_SlDrvWaitForPoolObj)
                  2000c168    00000174                  : driver.obj (.text:_SlDrvDriverCBInit)
                  2000c2dc    00000170                  : driver.obj (.text:_SlFindAndSetActiveObj)
                  2000c44c    0000016c     rtsv7M4_T_le_eabi.lib : strtoull.obj (.text)
                  2000c5b8    0000014c     simplelink.a : cc_pal.obj (.text:spi_Open)
                  2000c704    0000013c     move.obj (.text)
                  2000c840    00000138     simplelink.a : socket.obj (.text:sl_Accept)
                  2000c978    00000136     rtsv7M4_T_le_eabi.lib : fd_div_t2.obj (.text)
                  2000caae    00000002                           : startup.obj (.text)
                  2000cab0    00000134     driverlib.a : prcm.obj (.text:PRCMCC3200MCUInit)
                  2000cbe4    00000134     rtsv7M4_T_le_eabi.lib : strtol.obj (.text)
                  2000cd18    0000012a     free_rtos.a : list.obj (.text)
                  2000ce42    00000002     --HOLE-- [fill = 0]
                  2000ce44    00000128     simplelink.a : driver.obj (.text:_SlDrvDataReadOp)
                  2000cf6c    00000114     rtsv7M4_T_le_eabi.lib : strtoul.obj (.text)
                  2000d080    00000110     free_rtos.a : port.obj (.text)
                  2000d190    00000108     simplelink.a : socket.obj (.text:sl_Connect)
                  2000d298    00000108                  : socket.obj (.text:sl_Send)
                  2000d3a0    00000104                  : driver.obj (.text:_SlDrvDataWriteOp)
                  2000d4a4    000000fe                  : netapp.obj (.text:_SlDrvNetAppEventHandler)
                  2000d5a2    000000fc     rtsv7M4_T_le_eabi.lib : fd_mul_t2.obj (.text)
                  2000d69e    00000002     --HOLE-- [fill = 0]
                  2000d6a0    000000f4     simplelink.a : driver.obj (.text:_SlDrvDriverCBDeinit)
                  2000d794    000000f0     driverlib.a : udma.obj (.text:uDMAChannelTransferSet)
                  2000d884    000000dc     simplelink.a : cc_pal.obj (.text:spi_Read)
                  2000d960    000000d8                  : driver.obj (.text:_SlDrvClassifyRxMsg)
                  2000da38    000000d4                  : device.obj (.text:sl_Stop)
                  2000db0c    000000d0     rtsv7M4_T_le_eabi.lib : s_scalbn.obj (.text)
                  2000dbdc    000000cc                           : sscanf.obj (.text)
                  2000dca8    000000c8     simplelink.a : netapp.obj (.text:_sl_HandleAsync_DnsGetHostByService)
                  2000dd70    000000c0                  : driver.obj (.text:_SlRemoveFromList)
                  2000de30    000000bc                  : driver.obj (.text:_SlDrvMsgReadCmdCtx)
                  2000deec    000000bc                  : device.obj (.text:sl_Start)
                  2000dfa8    000000ba     free_rtos.a : portasm.obj (.text)
                  2000e062    00000002     --HOLE-- [fill = 0]
                  2000e064    000000b8     simplelink.a : driver.obj (.text:_SlAsyncEventGenericHandler)
                  2000e11c    000000b4                  : netapp.obj (.text:sl_NetAppMDNSRegisterUnregisterService)
                  2000e1d0    000000a8     driverlib.a : interrupt.obj (.text:IntDisable)
                  2000e278    000000a8                 : interrupt.obj (.text:IntEnable)
                  2000e320    000000a0                 : spi.obj (.text:SPIConfigSetExpClk)
                  2000e3c0    0000009c     simplelink.a : driver.obj (.text:_SlDrvMsgReadSpawnCtx)
                  2000e45c    0000009c     rtsv7M4_T_le_eabi.lib : memcpy_t2.obj (.text)
                  2000e4f8    0000009c     simplelink.a : device.obj (.text:sl_DevGet)
                  2000e594    00000094     driverlib.a : prcm.obj (.text:PRCMPeripheralClockGet)
                  2000e628    00000092     rtsv7M4_T_le_eabi.lib : fs_div_t2.obj (.text)
                  2000e6ba    00000002     --HOLE-- [fill = 0]
                  2000e6bc    0000008c     simplelink.a : cc_pal.obj (.text:SetupDMAReceive)
                  2000e748    0000008c                  : cc_pal.obj (.text:SetupDMASend)
                  2000e7d4    0000008c                  : netapp.obj (.text:_sl_HandleAsync_DnsGetHostByName)
                  2000e860    0000008c                  : netapp.obj (.text:_sl_HandleAsync_PingResponse)
                  2000e8ec    0000008c                  : cc_pal.obj (.text:spi_Write)
                  2000e978    00000088     driverlib.a : pin.obj (.text:PinConfigSet)
                  2000ea00    00000088     rtsv7M4_T_le_eabi.lib : vsnprintf.obj (.text)
                  2000ea88    00000088     simplelink.a : socket.obj (.text:sl_Bind)
                  2000eb10    00000086     rtsv7M4_T_le_eabi.lib : fd_cmp_t2.obj (.text:__aeabi_cdcmple)
                  2000eb96    00000086                           : fd_cmp_t2.obj (.text:__aeabi_cdrcmple)
                  2000ec1c    00000084     driverlib.a : i2c.obj (.text:I2CMasterInitExpClk)
                  2000eca0    00000084     simplelink.a : cc_pal.obj (.text:NwpPowerOnPreamble)
                  2000ed24    00000082     driverlib.a : gpio.obj (.text:GPIOIntTypeSet)
                  2000eda6    00000002     --HOLE-- [fill = 0]
                  2000eda8    00000080     simplelink.a : driver.obj (.text:_SlDrvCmdOp)
                  2000ee28    00000080                  : cc_pal.obj (.text:spi_Read_CPU)
                  2000eea8    00000080                  : cc_pal.obj (.text:spi_Write_CPU)
                  2000ef28    0000007c                  : device.obj (.text:_sl_HandleAsync_InitComplete)
                  2000efa4    0000007a     rtsv7M4_T_le_eabi.lib : fs_mul_t2.obj (.text)
                  2000f01e    0000007a                           : memset_t2.obj (.text)
                  2000f098    00000078     simplelink.a : socket.obj (.text:_sl_HandleAsync_Connect)
                  2000f110    00000078                  : cc_pal.obj (.text:spi_Close)
                  2000f188    00000076     driverlib.a : uart.obj (.text:UARTConfigSetExpClk)
                  2000f1fe    00000002     --HOLE-- [fill = 0]
                  2000f200    00000074     simplelink.a : socket.obj (.text:sl_Recv)
                  2000f274    00000070     rtsv7M4_T_le_eabi.lib : autoinit.obj (.text)
                  2000f2e4    0000006e                           : fd_tos_t2.obj (.text)
                  2000f352    00000002     --HOLE-- [fill = 0]
                  2000f354    0000006c     simplelink.a : driver.obj (.text:_SlDrvCmdSend)
                  2000f3c0    0000006a     rtsv7M4_T_le_eabi.lib : copy_decompress_rle.obj (.text)
                  2000f42a    00000002     --HOLE-- [fill = 0]
                  2000f42c    00000068     simplelink.a : netapp.obj (.text:_sl_NetAppSendTokenValue)
                  2000f494    00000068                  : netcfg.obj (.text:sl_NetCfgSet)
                  2000f4fc    00000068                  : socket.obj (.text:sl_SetSockOpt)
                  2000f564    00000068                  : wlan.obj (.text:sl_WlanSet)
                  2000f5cc    00000064     driverlib.a : udma.obj (.text:uDMAChannelAttributeDisable)
                  2000f630    00000064                 : udma.obj (.text:uDMAChannelAttributeEnable)
                  2000f694    00000060     rtsv7M4_T_le_eabi.lib : fs_cmp_t2.obj (.text:__aeabi_cfrcmple)
                  2000f6f4    00000060     simplelink.a : socket.obj (.text:_sl_HandleAsync_Accept)
                  2000f754    00000060     rtsv7M4_T_le_eabi.lib : sprintf.obj (.text)
                  2000f7b4    00000060     simplelink.a : wlan.obj (.text:sl_WlanPolicySet)
                  2000f814    0000005c     rtsv7M4_T_le_eabi.lib : s_frexp.obj (.text)
                  2000f870    0000005c     simplelink.a : socket.obj (.text:sl_Socket)
                  2000f8cc    00000058     driverlib.a : interrupt.obj (.text:IntPendClear)
                  2000f924    00000058                 : prcm.obj (.text:PRCMPeripheralReset)
                  2000f97c    00000056     rtsv7M4_T_le_eabi.lib : ltoa.obj (.text)
                  2000f9d2    00000002     --HOLE-- [fill = 0]
                  2000f9d4    00000054     driverlib.a : interrupt.obj (.text:IntPrioritySet)
                  2000fa28    00000054     simplelink.a : socket.obj (.text:_sl_HandleAsync_Select)
                  2000fa7c    00000054     rtsv7M4_T_le_eabi.lib : exit.obj (.text)
                  2000fad0    00000054     simplelink.a : wlan.obj (.text:sl_WlanRxFilterSet)
                  2000fb24    00000050                  : device.obj (.text:_sl_HandleAsync_Stop)
                  2000fb74    0000004c     driverlib.a : spi.obj (.text:SPIIntEnable)
                  2000fbc0    0000004c     simplelink.a : driver.obj (.text:_SlDrvProtectAsyncRespSetting)
                  2000fc0c    0000004c                  : driver.obj (.text:_SlDrvRxIrqHandler)
                  2000fc58    0000004c                  : socket.obj (.text:_sl_BuildAddress)
                  2000fca4    0000004c     rtsv7M4_T_le_eabi.lib : atoi.obj (.text)
                  2000fcf0    0000004c                           : cpy_tbl.obj (.text)
                  2000fd3c    0000004c     driverlib.a : udma.obj (.text:uDMAChannelAssign)
                  2000fd88    00000048                 : spi.obj (.text:SPIIntClear)
                  2000fdd0    00000048     simplelink.a : driver.obj (.text:_SlDrvBasicCmd)
                  2000fe18    00000048     rtsv7M4_T_le_eabi.lib : fd_toi_t2.obj (.text)
                  2000fe60    00000044     driverlib.a : spi.obj (.text:SPIDmaMaskGet)
                  2000fea4    00000044                 : timer.obj (.text:TimerConfigure)
                  2000fee8    00000044     simplelink.a : cc_pal.obj (.text:cc_SetupTransfer)
                  2000ff2c    00000042                  : socket.obj (.text:sl_Htonl)
                  2000ff6e    00000002     --HOLE-- [fill = 0]
                  2000ff70    00000040     driverlib.a : pin.obj (.text:PinModeSet)
                  2000ffb0    00000040     rtsv7M4_T_le_eabi.lib : boot.obj (.text)
                  2000fff0    00000040                           : strtok.obj (.text)
                  20010030    0000003c     simplelink.a : netapp.obj (.text:CopyPingResultsToReport)
                  2001006c    0000003c     driverlib.a : prcm.obj (.text:PRCMPeripheralClkEnable)
                  200100a8    0000003c     simplelink.a : socket.obj (.text:_sl_TruncatePayloadByProtocol)
                  200100e4    0000003c                  : socket.obj (.text:sl_Htons)
                  20010120    0000003c                  : socket.obj (.text:sl_Listen)
                  2001015c    0000003c     driverlib.a : udma.obj (.text:uDMAChannelControlSet)
                  20010198    00000038     simplelink.a : cc_pal.obj (.text:NwpPowerOff)
                  200101d0    00000038     free_rtos.a : heap_3.obj (.text)
                  20010208    00000038     rtsv7M4_T_le_eabi.lib : fs_tod_t2.obj (.text)
                  20010240    00000038                           : fs_toi_t2.obj (.text)
                  20010278    00000036     driverlib.a : gpio.obj (.text:GPIODirModeSet)
                  200102ae    00000036                 : timer.obj (.text:TimerControlLevel)
                  200102e4    00000036     simplelink.a : netapp.obj (.text:sl_NetAppMDNSUnRegisterService)
                  2001031a    00000002     --HOLE-- [fill = 0]
                  2001031c    00000034     driverlib.a : prcm.obj (.text:PRCMPeripheralStatusGet)
                  20010350    00000034                 : spi.obj (.text:SPIFIFOLevelSet)
                  20010384    00000034     rtsv7M4_T_le_eabi.lib : fs_tou_t2.obj (.text)
                  200103b8    00000030     driverlib.a : pin.obj (.text:PinTypeGPIO)
                  200103e8    00000030                 : uart.obj (.text:UARTDisable)
                  20010418    00000030     simplelink.a : device.obj (.text:_SlDrvDeviceEventHandler)
                  20010448    00000030                  : socket.obj (.text:sl_Close)
                  20010478    00000030                  : wlan.obj (.text:sl_WlanProfileDel)
                  200104a8    00000030                  : wlan.obj (.text:sl_WlanSetMode)
                  200104d8    0000002e     rtsv7M4_T_le_eabi.lib : i_tofd_t2.obj (.text)
                  20010506    00000002     --HOLE-- [fill = 0]
                  20010508    0000002c     simplelink.a : cc_pal.obj (.text:DmaSpiSwIntHandler)
                  20010534    0000002c     driverlib.a : i2c.obj (.text:I2CMasterErr)
                  20010560    0000002c     simplelink.a : cc_pal.obj (.text:NwpPowerOn)
                  2001058c    0000002c     driverlib.a : prcm.obj (.text:PRCMSysResetCauseGet)
                  200105b8    0000002a                 : timer.obj (.text:TimerLoadSet)
                  200105e2    0000002a                 : timer.obj (.text:TimerMatchSet)
                  2001060c    0000002a                 : timer.obj (.text:TimerPrescaleMatchSet)
                  20010636    0000002a                 : timer.obj (.text:TimerPrescaleSet)
                  20010660    0000002a     rtsv7M4_T_le_eabi.lib : strspn.obj (.text)
                  2001068a    00000002     --HOLE-- [fill = 0]
                  2001068c    00000028     driverlib.a : prcm.obj (.text:PRCMPeripheralClkDisable)
                  200106b4    00000026     simplelink.a : cc_pal.obj (.text:NwpRegisterInterruptHandler)
                  200106da    00000002     --HOLE-- [fill = 0]
                  200106dc    00000024     driverlib.a : interrupt.obj (.text:IntUnregister)
                  20010700    00000024                 : uart.obj (.text:UARTEnable)
                  20010724    00000024     simplelink.a : driver.obj (.text:_SlDrvProtectionObjLockWaitForever)
                  20010748    00000024     rtsv7M4_T_le_eabi.lib : memmov.obj (.text)
                  2001076c    00000024                           : strcspn.obj (.text)
                  20010790    00000022     driverlib.a : i2c.obj (.text:I2CMasterSlaveAddrSet)
                  200107b2    00000022                 : spi.obj (.text:SPIReset)
                  200107d4    00000022                 : spi.obj (.text:SPIWordCountSet)
                  200107f6    00000020                 : gpio.obj (.text:GPIOPinWrite)
                  20010816    00000002     --HOLE-- [fill = 0]
                  20010818    00000020                 : interrupt.obj (.text:IntRegister)
                  20010838    00000020     simplelink.a : driver.obj (.text:_SlDrvProtectionObjUnLock)
                  20010858    0000001e     driverlib.a : i2c.obj (.text:I2CMasterIntStatusEx)
                  20010876    0000001e                 : timer.obj (.text:TimerDisable)
                  20010894    0000001e                 : timer.obj (.text:TimerEnable)
                  200108b2    0000001e                 : uart.obj (.text:UARTCharPut)
                  200108d0    0000001e     simplelink.a : cc_pal.obj (.text:cc_UDMAChannelSelect)
                  200108ee    0000001c     driverlib.a : uart.obj (.text:UARTCharGetNonBlocking)
                  2001090a    0000001c     simplelink.a : driver.obj (.text:_SlDrvObjLockWaitForever)
                  20010926    0000001c                  : driver.obj (.text:_SlDrvSyncObjWaitForever)
                  20010942    0000001c     rtsv7M4_T_le_eabi.lib : memccpy.obj (.text)
                  2001095e    00000002     --HOLE-- [fill = 0]
                  20010960    0000001c     driverlib.a : udma.obj (.text:uDMAChannelEnable)
                  2001097c    0000001a                 : gpio.obj (.text:GPIOIntEnable)
                  20010996    0000001a                 : pin.obj (.text:PinTypeTimer)
                  200109b0    0000001a                 : pin.obj (.text:PinTypeUART)
                  200109ca    0000001a                 : spi.obj (.text:SPIDmaDisable)
                  200109e4    0000001a                 : spi.obj (.text:SPIDmaEnable)
                  200109fe    0000001a                 : spi.obj (.text:SPIFIFODisable)
                  20010a18    0000001a                 : spi.obj (.text:SPIFIFOEnable)
                  20010a32    00000018                 : gpio.obj (.text:GPIOPinRead)
                  20010a4a    00000018                 : spi.obj (.text:SPICSDisable)
                  20010a62    00000018                 : spi.obj (.text:SPICSEnable)
                  20010a7a    00000018                 : spi.obj (.text:SPIDisable)
                  20010a92    00000018                 : spi.obj (.text:SPIEnable)
                  20010aaa    00000018                 : uart.obj (.text:UARTCharsAvail)
                  20010ac2    00000018     simplelink.a : driver.obj (.text:_SlDrvObjUnLock)
                  20010ada    00000018                  : driver.obj (.text:_SlDrvSyncObjSignal)
                  20010af2    00000002     --HOLE-- [fill = 0]
                  20010af4    00000018                  : device.obj (.text:_sl_GetStartResponseConvert)
                  20010b0c    00000018     rtsv7M4_T_le_eabi.lib : args_main.obj (.text)
                  20010b24    00000018                           : ll_mul_t2.obj (.text)
                  20010b3c    00000018                           : strcmp.obj (.text)
                  20010b54    00000018                           : strrchr.obj (.text)
                  20010b6c    00000016     driverlib.a : i2c.obj (.text:I2CMasterDataPut)
                  20010b82    00000016                 : i2c.obj (.text:I2CMasterEnable)
                  20010b98    00000016                 : prcm.obj (.text:PRCMHIBRegRead)
                  20010bae    00000016                 : prcm.obj (.text:PRCMHIBRegWrite)
                  20010bc4    00000016     simplelink.a : driver.obj (.text:_SlDrvMemZero)
                  20010bda    00000016     rtsv7M4_T_le_eabi.lib : strchr.obj (.text)
                  20010bf0    00000014     driverlib.a : cpu.obj (.text:CPUcpsie)
                  20010c04    00000014                 : gpio.obj (.text:GPIOIntClear)
                  20010c18    00000014                 : interrupt.obj (.text:IntVTableBaseSet)
                  20010c2c    00000014     rtsv7M4_T_le_eabi.lib : _lock.obj (.text)
                  20010c40    00000014                           : strcpy.obj (.text)
                  20010c54    00000014                           : strlen.obj (.text)
                  20010c68    00000012     driverlib.a : i2c.obj (.text:I2CMasterControl)
                  20010c7a    00000012                 : i2c.obj (.text:I2CMasterIntClearEx)
                  20010c8c    00000012                 : i2c.obj (.text:I2CMasterTimeoutSet)
                  20010c9e    0000000e                 : i2c.obj (.text:I2CMasterDataGet)
                  20010cac    0000000e     simplelink.a : driver.obj (.text:_SlDrvResetCmdExt)
                  20010cba    0000000e     rtsv7M4_T_le_eabi.lib : copy_decompress_none.obj (.text:decompress:none)
                  20010cc8    0000000e     startup_ccs.obj (.text)
                  20010cd6    00000002     --HOLE-- [fill = 0]
                  20010cd8    0000000c     simplelink.a : cc_pal.obj (.text:NwpMaskInterrupt)
                  20010ce4    0000000c                  : cc_pal.obj (.text:NwpUnMaskInterrupt)
                  20010cf0    0000000c                  : wlan.obj (.text:sl_WlanDisconnect)
                  20010cfc    0000000a     driverlib.a : interrupt.obj (.text:IntMasterEnable)
                  20010d06    00000008     rtsv7M4_T_le_eabi.lib : s_copysign.obj (.text)
                  20010d0e    00000006     driverlib.a : utils.obj (.text:UtilsDelay)
                  20010d14    00000006     rtsv7M4_T_le_eabi.lib : copy_decompress_rle.obj (.text:decompress:rle24)
                  20010d1a    00000004                           : pre_init.obj (.text)

.const     0    20010d20    0000078d     
                  20010d20    00000101     rtsv7M4_T_le_eabi.lib : ctype.obj (.const:.string:_ctypes_)
                  20010e21    00000003     --HOLE-- [fill = 0]
                  20010e24    00000100     driverlib.a : pin.obj (.const:g_ulPinToPadMap)
                  20010f24    000000d4                 : interrupt.obj (.const:g_pulRegs)
                  20010ff8    000000b0     simplelink.a : wlan.obj (.const:$P$T0$1)
                  200110a8    000000a8     driverlib.a : prcm.obj (.const:PRCM_PeriphRegsList)
                  20011150    00000098     rtsv7M4_T_le_eabi.lib : strtod.obj (.const:$O1$$)
                  200111e8    00000080     driverlib.a : interrupt.obj (.const)
                  20011268    0000003c     simplelink.a : driver.obj (.const:OpcodeTranslateTable)
                  200112a4    0000003c                  : wlan.obj (.const)
                  200112e0    00000038                  : driver.obj (.const:_SlActionLookupTable)
                  20011318    00000034                  : driver.obj (.const)
                  2001134c    00000034                  : socket.obj (.const)
                  20011380    0000002c     main.obj (.const:$P$T4$5)
                  200113ac    00000028     simplelink.a : netapp.obj (.const)
                  200113d4    00000022     main.obj (.const:.string:$P$T3$4)
                  200113f6    00000002     --HOLE-- [fill = 0]
                  200113f8    00000018     driverlib.a : spi.obj (.const)
                  20011410    00000014     main.obj (.const:$P$T5$6)
                  20011424    00000014     simplelink.a : device.obj (.const)
                  20011438    00000010     rtsv7M4_T_le_eabi.lib : _scanfi.obj (.const:$O1$$)
                  20011448    00000010     simplelink.a : socket.obj (.const:.string)
                  20011458    0000000d     main.obj (.const:.string:$P$T0$1)
                  20011465    0000000d     main.obj (.const:.string:$P$T1$2)
                  20011472    00000002     --HOLE-- [fill = 0]
                  20011474    0000000c     main.obj (.const:$P$T7$8)
                  20011480    0000000c     main.obj (.const:.string:$P$T2$3)
                  2001148c    0000000c     main.obj (.const:.string:$P$T6$7)
                  20011498    00000008     simplelink.a : device.obj (.const:.string)
                  200114a0    00000008                  : netcfg.obj (.const)
                  200114a8    00000005     main.obj (.const:.string:$P$T8$9)

.cinit     0    200114b0    0000007c     
                  200114b0    00000057     (.cinit..data.load) [load image, compression = rle]
                  20011507    00000001     --HOLE-- [fill = 0]
                  20011508    0000000b     (.cinit..bss.load) [load image, compression = rle]
                  20011513    00000001     --HOLE-- [fill = 0]
                  20011514    00000008     (__TI_handler_table)
                  2001151c    00000010     (__TI_cinit_table)

.sysmem    0    20017000    00002000     UNINITIALIZED
                  20017000    00000008     rtsv7M4_T_le_eabi.lib : memory.obj (.sysmem)
                  20017008    00001ff8     --HOLE--

.bss       0    20019000    0000041c     UNINITIALIZED
                  20019000    00000178     simplelink.a : driver.obj (.bss:g_StatMem)
                  20019178    000000c8     free_rtos.a : tasks.obj (.bss:pxReadyTasksLists)
                  20019240    00000064     (.common:g_cBsdBuf)
                  200192a4    00000050     simplelink.a : cc_pal.obj (.bss:g_ucDinDout)
                  200192f4    00000050     free_rtos.a : queue.obj (.bss:xQueueRegistry)
                  20019344    00000024     (.common:g_ucConnectionSSID)
                  20019368    00000014     (.common:xDelayedTaskList1)
                  2001937c    00000014     (.common:xDelayedTaskList2)
                  20019390    00000014     (.common:xPendingReadyList)
                  200193a4    00000014     (.common:xSuspendedTaskList)
                  200193b8    00000014     (.common:xTasksWaitingTermination)
                  200193cc    00000010     (.common:g_ServerAddr)
                  200193dc    00000008     (.common:g_ucConnectionBSSID)
                  200193e4    00000004     uart_if.obj (.bss)
                  200193e8    00000004     (.common:DMAMsgQ)
                  200193ec    00000004     (.common:g_cDummy)
                  200193f0    00000004     (.common:g_fixPosFlag)
                  200193f4    00000004     (.common:g_forwardInfrared)
                  200193f8    00000004     (.common:g_leftInfrared)
                  200193fc    00000004     (.common:g_lfInfrared)
                  20019400    00000004     (.common:g_rfInfrared)
                  20019404    00000004     (.common:g_rightInfrared)
                  20019408    00000004     (.common:g_sockID)
                  2001940c    00000004     (.common:moveState)
                  20019410    00000004     (.common:pxDelayedTaskList)
                  20019414    00000004     (.common:pxOverflowDelayedTaskList)
                  20019418    00000001     (.common:RxIrqCnt)
                  20019419    00000001     (.common:g_ucLED1Pin)
                  2001941a    00000001     (.common:g_ucLED2Pin)
                  2001941b    00000001     (.common:g_ucLED3Pin)

.data      0    2001941c    000000d4     UNINITIALIZED
                  2001941c    00000034     free_rtos.a : tasks.obj (.data)
                  20019450    0000002c     main.obj (.data)
                  2001947c    00000014     gpio_if.obj (.data:ulReg)
                  20019490    0000000c     rtsv7M4_T_le_eabi.lib : exit.obj (.data:$O1$$)
                  2001949c    0000000c                           : memory.obj (.data:$O1$$)
                  200194a8    0000000c     free_rtos.a : osi_freertos.obj (.data)
                  200194b4    0000000c     gpio_if.obj (.data)
                  200194c0    00000009     simplelink.a : cc_pal.obj (.data)
                  200194c9    00000003     --HOLE--
                  200194cc    00000009                  : driver.obj (.data)
                  200194d5    00000003     --HOLE--
                  200194d8    00000008     rtsv7M4_T_le_eabi.lib : _lock.obj (.data:$O1$$)
                  200194e0    00000004     free_rtos.a : port.obj (.data)
                  200194e4    00000004     rtsv7M4_T_le_eabi.lib : errno.obj (.data)
                  200194e8    00000004                           : stkdepth_vars.obj (.data)
                  200194ec    00000004                           : strtok.obj (.data)

.stack     0    2002f000    00001000     UNINITIALIZED
                  2002f000    00001000     --HOLE--

MODULE SUMMARY

       Module                     code    ro data   rw data
       ------                     ----    -------   -------
    .\
       main.obj                   5988    165       236    
       startup_ccs.obj            14      1024      0      
       gpio_if.obj                916     0         35     
       uart_if.obj                656     0         4      
       i2c_if.obj                 656     0         0      
       pinmux.obj                 436     0         0      
    +--+--------------------------+-------+---------+---------+
       Total:                     8666    1189      275    
                                                           
    .\rotate\
       rotate.obj                 600     0         0      
       move.obj                   316     0         0      
    +--+--------------------------+-------+---------+---------+
       Total:                     916     0         0      
                                                           
    C:/ti/CC3200SDK_1.1.0/cc3200-sdk/driverlib/ccs/Release/driverlib.a
       prcm.obj                   784     168       0      
       interrupt.obj              608     340       0      
       spi.obj                    696     24        0      
       udma.obj                   604     0         0      
       pin.obj                    300     256       0      
       i2c.obj                    352     0         0      
       timer.obj                  350     0         0      
       gpio.obj                   286     0         0      
       uart.obj                   284     0         0      
       cpu.obj                    20      0         0      
       utils.obj                  6       0         0      
    +--+--------------------------+-------+---------+---------+
       Total:                     4290    788       0      
                                                           
    C:/ti/CC3200SDK_1.1.0/cc3200-sdk/oslib/ccs/free_rtos/free_rtos.a
       tasks.obj                  4696    0         360    
       queue.obj                  2852    0         80     
       osi_freertos.obj           1116    0         12     
       list.obj                   298     0         0      
       port.obj                   272     0         4      
       portasm.obj                186     0         0      
       heap_3.obj                 56      0         0      
    +--+--------------------------+-------+---------+---------+
       Total:                     9476    0         456    
                                                           
    C:/ti/CC3200SDK_1.1.0/cc3200-sdk/simplelink/ccs/OS/simplelink.a
       driver.obj                 6568    168       386    
       socket.obj                 1958    68        0      
       cc_pal.obj                 1784    0         97     
       wlan.obj                   972     236       0      
       netapp.obj                 1132    40        0      
       device.obj                 832     28        0      
       netcfg.obj                 104     8         0      
    +--+--------------------------+-------+---------+---------+
       Total:                     13350   548       483    
                                                           
    C:\ti\ccsv6\tools\compiler\ti-cgt-arm_15.12.1.LTS\lib\rtsv7M4_T_le_eabi.lib
       _printfi.obj               4348    0         0      
       _scanfi.obj                2310    16        0      
       memory.obj                 988     0         12     
       strtod.obj                 568     152       0      
       ll_div_t2.obj              542     0         0      
       ull_div_t2.obj             500     0         0      
       strtoll.obj                484     0         0      
       fd_add_t2.obj              438     0         0      
       strtoull.obj               364     0         0      
       fd_div_t2.obj              310     0         0      
       strtol.obj                 308     0         0      
       strtoul.obj                276     0         0      
       fd_cmp_t2.obj              268     0         0      
       ctype.obj                  0       257       0      
       fd_mul_t2.obj              252     0         0      
       s_scalbn.obj               208     0         0      
       sscanf.obj                 204     0         0      
       memcpy_t2.obj              156     0         0      
       fs_div_t2.obj              146     0         0      
       vsnprintf.obj              136     0         0      
       fs_mul_t2.obj              122     0         0      
       memset_t2.obj              122     0         0      
       autoinit.obj               112     0         0      
       copy_decompress_rle.obj    112     0         0      
       fd_tos_t2.obj              110     0         0      
       exit.obj                   84      0         12     
       fs_cmp_t2.obj              96      0         0      
       sprintf.obj                96      0         0      
       s_frexp.obj                92      0         0      
       ltoa.obj                   86      0         0      
       atoi.obj                   76      0         0      
       cpy_tbl.obj                76      0         0      
       fd_toi_t2.obj              72      0         0      
       strtok.obj                 64      0         4      
       boot.obj                   64      0         0      
       fs_tod_t2.obj              56      0         0      
       fs_toi_t2.obj              56      0         0      
       fs_tou_t2.obj              52      0         0      
       i_tofd_t2.obj              46      0         0      
       strspn.obj                 42      0         0      
       memmov.obj                 36      0         0      
       strcspn.obj                36      0         0      
       _lock.obj                  20      0         8      
       memccpy.obj                28      0         0      
       args_main.obj              24      0         0      
       ll_mul_t2.obj              24      0         0      
       strcmp.obj                 24      0         0      
       strrchr.obj                24      0         0      
       strchr.obj                 22      0         0      
       strcpy.obj                 20      0         0      
       strlen.obj                 20      0         0      
       copy_decompress_none.obj   14      0         0      
       s_copysign.obj             8       0         0      
       errno.obj                  0       0         4      
       pre_init.obj               4       0         0      
       stkdepth_vars.obj          0       0         4      
       l_div0.obj                 2       0         0      
       mpu_init.obj               2       0         0      
       startup.obj                2       0         0      
    +--+--------------------------+-------+---------+---------+
       Total:                     14752   425       44     
                                                           
       Heap:                      0       0         8192   
       Stack:                     0       0         4096   
       Linker Generated:          0       122       0      
    +--+--------------------------+-------+---------+---------+
       Grand Total:               51450   3072      13546  


LINKER GENERATED COPY TABLES

__TI_cinit_table @ 2001151c records: 2, size/record: 8, table size: 16
	.data: load addr=200114b0, load size=00000057 bytes, run addr=2001941c, run size=000000d4 bytes, compression=rle
	.bss: load addr=20011508, load size=0000000b bytes, run addr=20019000, run size=0000041c bytes, compression=rle


LINKER GENERATED HANDLER TABLE

__TI_handler_table @ 20011514 records: 2, size/record: 4, table size: 8
	index: 0, handler: __TI_decompress_rle24
	index: 1, handler: __TI_decompress_none


GLOBAL SYMBOLS: SORTED ALPHABETICALLY BY Name 

address   name                                  
-------   ----                                  
2000c7cf  Backward                              
20004c3d  BsdTcpClient                          
20004d01  BsdTcpServer                          
2000fa7d  C$$EXIT                               
20010bf1  CPUcpsie                              
2000a76d  ClearTerm                             
2000ab0b  ConfigureDir                          
2000ab93  ConfigureFrq                          
20010031  CopyPingResultsToReport               
200193e8  DMAMsgQ                               
20010509  DmaSpiSwIntHandler                    
2000a777  Error                                 
2000c7a3  Forward                               
20010279  GPIODirModeSet                        
20010c05  GPIOIntClear                          
2001097d  GPIOIntEnable                         
2000ed25  GPIOIntTypeSet                        
20010a33  GPIOPinRead                           
200107f7  GPIOPinWrite                          
2000a3c9  GPIO_IF_ConfigureNIntEnable           
2000a445  GPIO_IF_Get                           
2000a383  GPIO_IF_GetPortNPin                   
2000a145  GPIO_IF_LedConfigure                  
2000a237  GPIO_IF_LedOff                        
2000a183  GPIO_IF_LedOn                         
2000a2eb  GPIO_IF_LedStatus                     
2000a355  GPIO_IF_LedToggle                     
2000a40b  GPIO_IF_Set                           
2000a7af  GetCmd                                
20010c69  I2CMasterControl                      
20010c9f  I2CMasterDataGet                      
20010b6d  I2CMasterDataPut                      
20010b83  I2CMasterEnable                       
20010535  I2CMasterErr                          
2000ec1d  I2CMasterInitExpClk                   
20010c7b  I2CMasterIntClearEx                   
20010859  I2CMasterIntStatusEx                  
20010791  I2CMasterSlaveAddrSet                 
20010c8d  I2CMasterTimeoutSet                   
2000a715  I2C_IF_Close                          
2000a6cd  I2C_IF_Open                           
2000a5c7  I2C_IF_Read                           
2000a683  I2C_IF_ReadFrom                       
2000a511  I2C_IF_Write                          
2000abdd  InitRotate                            
20004bc9  InitTcpServer                         
2000a72d  InitTerm                              
2000e1d1  IntDisable                            
2000e279  IntEnable                             
20010cfd  IntMasterEnable                       
2000f8cd  IntPendClear                          
2000f9d5  IntPrioritySet                        
20010819  IntRegister                           
200106dd  IntUnregister                         
20010c19  IntVTableBaseSet                      
20005611  IpAddressParser                       
2000c74b  Left                                  
2000a74b  Message                               
20010cd9  NwpMaskInterrupt                      
20010199  NwpPowerOff                           
20010561  NwpPowerOn                            
2000eca1  NwpPowerOnPreamble                    
200106b5  NwpRegisterInterruptHandler           
20010ce5  NwpUnMaskInterrupt                    
20011268  OpcodeTranslateTable                  
2000cab1  PRCMCC3200MCUInit                     
20010b99  PRCMHIBRegRead                        
20010baf  PRCMHIBRegWrite                       
2001068d  PRCMPeripheralClkDisable              
2001006d  PRCMPeripheralClkEnable               
2000e595  PRCMPeripheralClockGet                
2000f925  PRCMPeripheralReset                   
2001031d  PRCMPeripheralStatusGet               
2001058d  PRCMSysResetCauseGet                  
2000c7fb  Pause                                 
2000e979  PinConfigSet                          
2000ff71  PinModeSet                            
2000be25  PinMuxConfig                          
200103b9  PinTypeGPIO                           
20010997  PinTypeTimer                          
200109b1  PinTypeUART                           
20004ee5  RecvCtrlMsg                           
2000a8fd  Report                                
20010cc9  ResetISR                              
2000c777  Right                                 
2000c705  Rotate                                
20005839  RotateAngle                           
20019418  RxIrqCnt                              
20011328  RxMsgClassLUT                         
UNDEFED   SHT$$INIT_ARRAY$$Base                 
UNDEFED   SHT$$INIT_ARRAY$$Limit                
20010a4b  SPICSDisable                          
20010a63  SPICSEnable                           
2000e321  SPIConfigSetExpClk                    
20010a7b  SPIDisable                            
200109cb  SPIDmaDisable                         
200109e5  SPIDmaEnable                          
20010a93  SPIEnable                             
200109ff  SPIFIFODisable                        
20010a19  SPIFIFOEnable                         
20010351  SPIFIFOLevelSet                       
2000fd89  SPIIntClear                           
2000fb75  SPIIntEnable                          
200107b3  SPIReset                              
200107d5  SPIWordCountSet                       
20004b6f  SendThread                            
2000aadb  SetDirection                          
2000a9bd  SetFrequencyOfTimers                  
20004605  SimpleLinkGeneralEventHandler         
200045dd  SimpleLinkHttpServerCallback          
20004547  SimpleLinkNetAppEventHandler          
2000461b  SimpleLinkSockEventHandler            
2000443f  SimpleLinkWlanEventHandler            
20011498  StartResponseLUT                      
2000fea5  TimerConfigure                        
200102af  TimerControlLevel                     
20010877  TimerDisable                          
20010895  TimerEnable                           
200105b9  TimerLoadSet                          
200105e3  TimerMatchSet                         
2001060d  TimerPrescaleMatchSet                 
20010637  TimerPrescaleSet                      
2000a865  TrimSpace                             
200108ef  UARTCharGetNonBlocking                
200108b3  UARTCharPut                           
20010aab  UARTCharsAvail                        
2000f189  UARTConfigSetExpClk                   
200103e9  UARTDisable                           
20010701  UARTEnable                            
20010d0f  UtilsDelay                            
20009b99  VDeleteSimpleLinkSpawnTask            
20009b49  VStartSimpleLinkSpawnTask             
20005771  WlanStationMode                       
20011360  _SlAcceptCmdCtrl                      
200112e0  _SlActionLookupTable                  
2000e065  _SlAsyncEventGenericHandler           
20011430  _SlDeviceGetCmdCtrl                   
20011434  _SlDeviceSetCmdCtrl                   
2000fdd1  _SlDrvBasicCmd                        
2000d961  _SlDrvClassifyRxMsg                   
2000eda9  _SlDrvCmdOp                           
2000f355  _SlDrvCmdSend                         
2000ce45  _SlDrvDataReadOp                      
2000d3a1  _SlDrvDataWriteOp                     
20010419  _SlDrvDeviceEventHandler              
2000d6a1  _SlDrvDriverCBDeinit                  
2000c169  _SlDrvDriverCBInit                    
20010bc5  _SlDrvMemZero                         
200092e5  _SlDrvMsgRead                         
2000de31  _SlDrvMsgReadCmdCtx                   
2000e3c1  _SlDrvMsgReadSpawnCtx                 
2000baa1  _SlDrvMsgWrite                        
2000d4a5  _SlDrvNetAppEventHandler              
2001090b  _SlDrvObjLockWaitForever              
20010ac3  _SlDrvObjUnLock                       
2000fbc1  _SlDrvProtectAsyncRespSetting         
20010725  _SlDrvProtectionObjLockWaitForever    
20010839  _SlDrvProtectionObjUnLock             
2000b8d1  _SlDrvReleasePoolObj                  
20010cad  _SlDrvResetCmdExt                     
2000ac15  _SlDrvRxHdrRead                       
2000fc0d  _SlDrvRxIrqHandler                    
20010adb  _SlDrvSyncObjSignal                   
20010927  _SlDrvSyncObjWaitForever              
2000bfd9  _SlDrvWaitForPoolObj                  
2001142c  _SlEventMaskGetCmdCtrl                
20011428  _SlEventMaskSetCmdCtrl                
2000c2dd  _SlFindAndSetActiveObj                
200113c0  _SlGetHostByNameCtrl                  
200113bc  _SlGetHostByServiceCtrl               
200113b4  _SlGetServiceListeCtrl                
2001136c  _SlGetSockOptCmdCtrl                  
2001135c  _SlListenCmdCtrl                      
200113cc  _SlNetAppGetCmdCtrl                   
200113c8  _SlNetAppSendTokenValueCmdCtrl        
200113c4  _SlNetAppSetCmdCtrl                   
200113ac  _SlNetAppStartCtrl                    
200113b0  _SlNetAppStopCtrl                     
200114a4  _SlNetCfgGetCmdCtrl                   
200114a0  _SlNetCfgSetCmdCtrl                   
20011448  _SlPayloadByProtocolLUT               
200112a8  _SlPolicyGetCmdCtrl                   
200112a4  _SlPolicySetCmdCtrl                   
200112b0  _SlProfileDelCmdCtrl                  
200112ac  _SlProfileGetCmdCtrl                  
20011364  _SlRecvCmdCtrl                        
20011354  _SlRecvfomCmdCtrl                     
200113b8  _SlRegisterServiceCtrl                
2000dd71  _SlRemoveFromList                     
200112b8  _SlRxFilterAddtCmdCtrl                
200112c0  _SlRxFilterGetCmdCtrl                 
200112bc  _SlRxFilterSetCmdCtrl                 
20011370  _SlSelectCmdCtrl                      
20011358  _SlSendCmdCtrl                        
20011368  _SlSetSockOptCmdCtrl                  
200112c4  _SlSmartConfigStartCmdCtrl            
20011350  _SlSockCloseCmdCtrl                   
2001134c  _SlSockSocketCmdCtrl                  
20011424  _SlStopCmdCtrl                        
200112d0  _SlWlanCfgGetCmdCtrl                  
200112cc  _SlWlanCfgSetCmdCtrl                  
200112b4  _SlWlanGetNetworkListCtrl             
200112c8  _SlWlanSetModeCmdCtrl                 
20030000  __STACK_END                           
00001000  __STACK_SIZE                          
00002000  __SYSMEM_SIZE                         
2001151c  __TI_CINIT_Base                       
2001152c  __TI_CINIT_Limit                      
20011514  __TI_Handler_Table_Base               
2001151c  __TI_Handler_Table_Limit              
2000f275  __TI_auto_init                        
20019490  __TI_cleanup_ptr                      
20010cbb  __TI_decompress_none                  
20010d15  __TI_decompress_rle24                 
20019494  __TI_dtors_ptr                        
20019498  __TI_enable_exit_profile_output       
ffffffff  __TI_pprof_out_hndl                   
20007bb3  __TI_printfi                          
ffffffff  __TI_prof_data_size                   
ffffffff  __TI_prof_data_start                  
20008e35  __TI_scanfi                           
200114b0  __TI_static_base__                    
2000eb11  __aeabi_cdcmpeq                       
2000eb11  __aeabi_cdcmple                       
2000eb97  __aeabi_cdrcmple                      
2000f695  __aeabi_cfrcmple                      
2000f2e5  __aeabi_d2f                           
2000fe19  __aeabi_d2iz                          
2000bc77  __aeabi_dadd                          
2000c979  __aeabi_ddiv                          
2000d5a3  __aeabi_dmul                          
2000bc6d  __aeabi_dsub                          
20010209  __aeabi_f2d                           
20010241  __aeabi_f2iz                          
20010385  __aeabi_f2uiz                         
2000e629  __aeabi_fdiv                          
2000efa5  __aeabi_fmul                          
200104d9  __aeabi_i2d                           
2000b6eb  __aeabi_ldiv0                         
2000b2d9  __aeabi_ldivmod                       
20010b25  __aeabi_lmul                          
2000f01f  __aeabi_memclr                        
2000f01f  __aeabi_memclr4                       
2000f01f  __aeabi_memclr8                       
2000e45d  __aeabi_memcpy                        
2000e45d  __aeabi_memcpy4                       
2000e45d  __aeabi_memcpy8                       
2000f021  __aeabi_memset                        
2000f021  __aeabi_memset4                       
2000f021  __aeabi_memset8                       
2000b4f7  __aeabi_uldivmod                      
ffffffff  __binit__                             
ffffffff  __c_args__                            
2000be23  __mpu_init                            
2002f000  __stack                               
20010b0d  _args_main                            
2000ffb1  _c_int00                              
20010d20  _ctypes_                              
200194d8  _lock                                 
20010c3b  _nop                                  
20010c33  _register_lock                        
20010c2d  _register_unlock                      
2000fc59  _sl_BuildAddress                      
20010af5  _sl_GetStartResponseConvert           
2000f6f5  _sl_HandleAsync_Accept                
2000f099  _sl_HandleAsync_Connect               
2000e7d5  _sl_HandleAsync_DnsGetHostByName      
2000dca9  _sl_HandleAsync_DnsGetHostByService   
2000ef29  _sl_HandleAsync_InitComplete          
2000e861  _sl_HandleAsync_PingResponse          
2000fa29  _sl_HandleAsync_Select                
2000fb25  _sl_HandleAsync_Stop                  
2000f42d  _sl_NetAppSendTokenValue              
200100a9  _sl_TruncatePayloadByProtocol         
20017000  _sys_memory                           
2000caaf  _system_post_cinit                    
20010d1b  _system_pre_init                      
200194dc  _unlock                               
2000fa81  abort                                 
2000fca5  atoi                                  
ffffffff  binit                                 
2000a0d5  calloc                                
20019478  connect_flag                          
2000fcf1  copy_in                               
20010d07  copysign                              
20010d07  copysignl                             
2000c81d  delaySec                              
2000495d  detectObstacle                        
20005df5  eTaskGetState                         
200194e4  errno                                 
2000fa89  exit                                  
20009e23  free                                  
2000f815  frexp                                 
2000f815  frexpl                                
200194d4  gFirstCmdMode                         
20011320  g_H2NCnysPattern                      
20011318  g_H2NSyncPattern                      
200193cc  g_ServerAddr                          
200194c0  g_SpiFd                               
20019000  g_StatMem                             
20019240  g_cBsdBuf                             
200193ec  g_cDummy                              
200193f0  g_fixPosFlag                          
200193f4  g_forwardInfrared                     
20019474  g_iServerSockID                       
20019470  g_isPause                             
200193f8  g_leftInfrared                        
200193fc  g_lfInfrared                          
200194cc  g_pCB                                 
200194c4  g_pHostIntHdl                         
20004000  g_pfnVectors                          
20019400  g_rfInfrared                          
20019404  g_rightInfrared                       
20019408  g_sockID                              
200193dc  g_ucConnectionBSSID                   
20019344  g_ucConnectionSSID                    
20019468  g_ucConnectionStatus                  
200194c8  g_ucDMAEnabled                        
200192a4  g_ucDinDout                           
20019419  g_ucLED1Pin                           
2001941a  g_ucLED2Pin                           
2001941b  g_ucLED3Pin                           
20019469  g_ucSimplelinkstarted                 
200194b4  g_uiLED1Port                          
200194b8  g_uiLED2Port                          
200194bc  g_uiLED3Port                          
20019460  g_uiPortNum                           
2001945c  g_ulDestinationIp                     
20019458  g_ulGatewayIP                         
2001946c  g_ulIpAddr                            
20019464  g_ulPacketCount                       
20019454  g_ulPingPacketsRecv                   
20019450  g_ulStatus                            
20004669  initInfrared                          
2000c817  isMoving                              
2000db0d  ldexp                                 
2000db0d  ldexpl                                
2000f97d  ltoa                                  
200058dd  main                                  
200194e8  main_func_sp                          
20009dbb  malloc                                
20009c9d  mem_Free                              
20009c91  mem_Malloc                            
20009cbd  mem_copy                              
20009ca9  mem_set                               
20009ff1  memalign                              
20010943  memccpy                               
2000e45d  memcpy                                
20010749  memmove                               
2000f027  memset                                
20009d2d  minit                                 
2001940c  moveState                             
20009d13  osi_ContextRestore                    
20009d11  osi_ContextSave                       
20009cd1  osi_EnterCritical                     
20009cdb  osi_ExitCritical                      
200098f7  osi_InterruptDeRegister               
200098d1  osi_InterruptRegister                 
20009a01  osi_LockObjCreate                     
20009a75  osi_LockObjDelete                     
20009a85  osi_LockObjLock                       
20009ab1  osi_LockObjUnlock                     
20009bc5  osi_MsgQCreate                        
20009c09  osi_MsgQDelete                        
20009c55  osi_MsgQRead                          
20009c23  osi_MsgQWrite                         
20009ced  osi_Sleep                             
20009adb  osi_Spawn                             
200099df  osi_SyncObjClear                      
20009909  osi_SyncObjCreate                     
20009939  osi_SyncObjDelete                     
20009953  osi_SyncObjSignal                     
2000997b  osi_SyncObjSignalFromISR              
200099b3  osi_SyncObjWait                       
20009a27  osi_TaskCreate                        
20009a67  osi_TaskDelete                        
20009cfd  osi_TaskDisable                       
20009d07  osi_TaskEnable                        
20009ce5  osi_start                             
200194d0  pPingCallBackFunc                     
20006319  pcTaskGetTaskName                     
2000e05d  portCLZ                               
2000e045  prvPortStartFirstTask                 
200101d1  pvPortMalloc                          
2001941c  pxCurrentTCB                          
2000d081  pxPortInitialiseStack                 
20009ee5  realloc                               
20004681  renewInfrared                         
2000db0d  scalbn                                
2000db0d  scalbnl                               
2000c841  sl_Accept                             
2000ea89  sl_Bind                               
20010449  sl_Close                              
2000d191  sl_Connect                            
2000e4f9  sl_DevGet                             
2000ff2d  sl_Htonl                              
200100e5  sl_Htons                              
20010121  sl_Listen                             
2000e11d  sl_NetAppMDNSRegisterUnregisterService
200102e5  sl_NetAppMDNSUnRegisterService        
2000f495  sl_NetCfgSet                          
2000f201  sl_Recv                               
2000d299  sl_Send                               
2000f4fd  sl_SetSockOpt                         
2000f871  sl_Socket                             
2000deed  sl_Start                              
2000da39  sl_Stop                               
2000ae5d  sl_WlanConnect                        
20010cf1  sl_WlanDisconnect                     
2000f7b5  sl_WlanPolicySet                      
20010479  sl_WlanProfileDel                     
2000fad1  sl_WlanRxFilterSet                    
2000f565  sl_WlanSet                            
200104a9  sl_WlanSetMode                        
2000f111  spi_Close                             
2000c5b9  spi_Open                              
2000d885  spi_Read                              
2000e8ed  spi_Write                             
2000f755  sprintf                               
2000dbef  sscanf                                
20010bdb  strchr                                
20010b3d  strcmp                                
20010c41  strcpy                                
2001076d  strcspn                               
20010c55  strlen                                
20010b55  strrchr                               
20010661  strspn                                
2000b0a1  strtod                                
2000fff1  strtok                                
2000cbe5  strtol                                
2000b0a1  strtold                               
2000b6ed  strtoll                               
2000cf6d  strtoul                               
2000c44d  strtoull                              
2000fd3d  uDMAChannelAssign                     
2000f5cd  uDMAChannelAttributeDisable           
2000f631  uDMAChannelAttributeEnable            
2001015d  uDMAChannelControlSet                 
20010961  uDMAChannelEnable                     
2000d795  uDMAChannelTransferSet                
20008639  ucQueueGetQueueType                   
2000dfad  ulPortSetInterruptMask                
2000cdfb  uxListRemove                          
20008619  uxQueueGetQueueNumber                 
200085ad  uxQueueMessagesWaiting                
200085e3  uxQueueMessagesWaitingFromISR         
200085c3  uxQueueSpacesAvailable                
2000630d  uxTaskGetNumberOfTasks                
2000633d  uxTaskGetSystemState                  
2000682d  uxTaskGetTaskNumber                   
20005e89  uxTaskPriorityGet                     
20006d85  uxTaskResetEventItemValue             
20004431  vApplicationIdleHook                  
20004433  vApplicationMallocFailedHook          
20004435  vApplicationStackOverflowHook         
20004427  vAssertCalled                         
2000cd19  vListInitialise                       
2000cd49  vListInitialiseItem                   
2000cd95  vListInsert                           
2000cd59  vListInsertEnd                        
2000dfc3  vPortClearInterruptMask               
2000d0fd  vPortEndScheduler                     
2000d111  vPortEnterCritical                    
2000d129  vPortExitCritical                     
200101f1  vPortFree                             
2000e01d  vPortSVCHandler                       
2000d15d  vPortSetupTimerInterrupt              
2000d0ff  vPortYield                            
20008853  vQueueAddToRegistry                   
200085f5  vQueueDelete                          
20008627  vQueueSetQueueNumber                  
20008895  vQueueUnregisterQueue                 
20005d9f  vTaskDelay                            
20005d03  vTaskDelayUntil                       
20005c73  vTaskDelete                           
200061f1  vTaskEndScheduler                     
2000681f  vTaskMissedYield                      
200065b5  vTaskPlaceOnEventList                 
20006619  vTaskPlaceOnUnorderedEventList        
20006cfb  vTaskPriorityDisinherit               
20006c41  vTaskPriorityInherit                  
20005ec1  vTaskPrioritySet                      
200060b9  vTaskResume                           
2000684d  vTaskSetTaskNumber                    
2000677f  vTaskSetTimeOutState                  
200061a7  vTaskStartScheduler                   
20005fc5  vTaskSuspend                          
20006203  vTaskSuspendAll                       
20006535  vTaskSwitchContext                    
2000ea01  vsnprintf                             
2000dbdd  vsscanf                               
20004401  wait_ms                               
200194a8  xHigherPriorityTaskWoken              
2000dfd1  xPortPendSVHandler                    
2000d0d1  xPortStartScheduler                   
2000d141  xPortSysTickHandler                   
200088e3  xQueueAddToSet                        
20008215  xQueueAltGenericReceive               
20008169  xQueueAltGenericSend                  
2000803d  xQueueCreateCountingSemaphore         
20007fbf  xQueueCreateMutex                     
200088cf  xQueueCreateSet                       
20007f49  xQueueGenericCreate                   
200083af  xQueueGenericReceive                  
20007eb9  xQueueGenericReset                    
2000805d  xQueueGenericSend                     
20008313  xQueueGenericSendFromISR              
200087ef  xQueueIsQueueEmptyFromISR             
20008831  xQueueIsQueueFullFromISR              
20008569  xQueuePeekFromISR                     
200084f1  xQueueReceiveFromISR                  
200192f4  xQueueRegistry                        
20008917  xQueueRemoveFromSet                   
20008959  xQueueSelectFromSet                   
20008973  xQueueSelectFromSetFromISR            
200194ac  xSimpleLinkSpawnQueue                 
200194b0  xSimpleLinkSpawnTaskHndl              
200067a5  xTaskCheckForTimeOut                  
20005b65  xTaskGenericCreate                    
20006bf5  xTaskGetCurrentTaskHandle             
200063fb  xTaskGetIdleTaskHandle                
20006c09  xTaskGetSchedulerState                
200062e1  xTaskGetTickCount                     
200062f5  xTaskGetTickCountFromISR              
20006419  xTaskIncrementTick                    
20006689  xTaskRemoveFromEventList              
20006711  xTaskRemoveFromUnorderedEventList     
20006215  xTaskResumeAll                        
2000612d  xTaskResumeFromISR                    


GLOBAL SYMBOLS: SORTED BY Symbol Address 

address   name                                  
-------   ----                                  
00001000  __STACK_SIZE                          
00002000  __SYSMEM_SIZE                         
20004000  g_pfnVectors                          
20004401  wait_ms                               
20004427  vAssertCalled                         
20004431  vApplicationIdleHook                  
20004433  vApplicationMallocFailedHook          
20004435  vApplicationStackOverflowHook         
2000443f  SimpleLinkWlanEventHandler            
20004547  SimpleLinkNetAppEventHandler          
200045dd  SimpleLinkHttpServerCallback          
20004605  SimpleLinkGeneralEventHandler         
2000461b  SimpleLinkSockEventHandler            
20004669  initInfrared                          
20004681  renewInfrared                         
2000495d  detectObstacle                        
20004b6f  SendThread                            
20004bc9  InitTcpServer                         
20004c3d  BsdTcpClient                          
20004d01  BsdTcpServer                          
20004ee5  RecvCtrlMsg                           
20005611  IpAddressParser                       
20005771  WlanStationMode                       
20005839  RotateAngle                           
200058dd  main                                  
20005b65  xTaskGenericCreate                    
20005c73  vTaskDelete                           
20005d03  vTaskDelayUntil                       
20005d9f  vTaskDelay                            
20005df5  eTaskGetState                         
20005e89  uxTaskPriorityGet                     
20005ec1  vTaskPrioritySet                      
20005fc5  vTaskSuspend                          
200060b9  vTaskResume                           
2000612d  xTaskResumeFromISR                    
200061a7  vTaskStartScheduler                   
200061f1  vTaskEndScheduler                     
20006203  vTaskSuspendAll                       
20006215  xTaskResumeAll                        
200062e1  xTaskGetTickCount                     
200062f5  xTaskGetTickCountFromISR              
2000630d  uxTaskGetNumberOfTasks                
20006319  pcTaskGetTaskName                     
2000633d  uxTaskGetSystemState                  
200063fb  xTaskGetIdleTaskHandle                
20006419  xTaskIncrementTick                    
20006535  vTaskSwitchContext                    
200065b5  vTaskPlaceOnEventList                 
20006619  vTaskPlaceOnUnorderedEventList        
20006689  xTaskRemoveFromEventList              
20006711  xTaskRemoveFromUnorderedEventList     
2000677f  vTaskSetTimeOutState                  
200067a5  xTaskCheckForTimeOut                  
2000681f  vTaskMissedYield                      
2000682d  uxTaskGetTaskNumber                   
2000684d  vTaskSetTaskNumber                    
20006bf5  xTaskGetCurrentTaskHandle             
20006c09  xTaskGetSchedulerState                
20006c41  vTaskPriorityInherit                  
20006cfb  vTaskPriorityDisinherit               
20006d85  uxTaskResetEventItemValue             
20007bb3  __TI_printfi                          
20007eb9  xQueueGenericReset                    
20007f49  xQueueGenericCreate                   
20007fbf  xQueueCreateMutex                     
2000803d  xQueueCreateCountingSemaphore         
2000805d  xQueueGenericSend                     
20008169  xQueueAltGenericSend                  
20008215  xQueueAltGenericReceive               
20008313  xQueueGenericSendFromISR              
200083af  xQueueGenericReceive                  
200084f1  xQueueReceiveFromISR                  
20008569  xQueuePeekFromISR                     
200085ad  uxQueueMessagesWaiting                
200085c3  uxQueueSpacesAvailable                
200085e3  uxQueueMessagesWaitingFromISR         
200085f5  vQueueDelete                          
20008619  uxQueueGetQueueNumber                 
20008627  vQueueSetQueueNumber                  
20008639  ucQueueGetQueueType                   
200087ef  xQueueIsQueueEmptyFromISR             
20008831  xQueueIsQueueFullFromISR              
20008853  vQueueAddToRegistry                   
20008895  vQueueUnregisterQueue                 
200088cf  xQueueCreateSet                       
200088e3  xQueueAddToSet                        
20008917  xQueueRemoveFromSet                   
20008959  xQueueSelectFromSet                   
20008973  xQueueSelectFromSetFromISR            
20008e35  __TI_scanfi                           
200092e5  _SlDrvMsgRead                         
200098d1  osi_InterruptRegister                 
200098f7  osi_InterruptDeRegister               
20009909  osi_SyncObjCreate                     
20009939  osi_SyncObjDelete                     
20009953  osi_SyncObjSignal                     
2000997b  osi_SyncObjSignalFromISR              
200099b3  osi_SyncObjWait                       
200099df  osi_SyncObjClear                      
20009a01  osi_LockObjCreate                     
20009a27  osi_TaskCreate                        
20009a67  osi_TaskDelete                        
20009a75  osi_LockObjDelete                     
20009a85  osi_LockObjLock                       
20009ab1  osi_LockObjUnlock                     
20009adb  osi_Spawn                             
20009b49  VStartSimpleLinkSpawnTask             
20009b99  VDeleteSimpleLinkSpawnTask            
20009bc5  osi_MsgQCreate                        
20009c09  osi_MsgQDelete                        
20009c23  osi_MsgQWrite                         
20009c55  osi_MsgQRead                          
20009c91  mem_Malloc                            
20009c9d  mem_Free                              
20009ca9  mem_set                               
20009cbd  mem_copy                              
20009cd1  osi_EnterCritical                     
20009cdb  osi_ExitCritical                      
20009ce5  osi_start                             
20009ced  osi_Sleep                             
20009cfd  osi_TaskDisable                       
20009d07  osi_TaskEnable                        
20009d11  osi_ContextSave                       
20009d13  osi_ContextRestore                    
20009d2d  minit                                 
20009dbb  malloc                                
20009e23  free                                  
20009ee5  realloc                               
20009ff1  memalign                              
2000a0d5  calloc                                
2000a145  GPIO_IF_LedConfigure                  
2000a183  GPIO_IF_LedOn                         
2000a237  GPIO_IF_LedOff                        
2000a2eb  GPIO_IF_LedStatus                     
2000a355  GPIO_IF_LedToggle                     
2000a383  GPIO_IF_GetPortNPin                   
2000a3c9  GPIO_IF_ConfigureNIntEnable           
2000a40b  GPIO_IF_Set                           
2000a445  GPIO_IF_Get                           
2000a511  I2C_IF_Write                          
2000a5c7  I2C_IF_Read                           
2000a683  I2C_IF_ReadFrom                       
2000a6cd  I2C_IF_Open                           
2000a715  I2C_IF_Close                          
2000a72d  InitTerm                              
2000a74b  Message                               
2000a76d  ClearTerm                             
2000a777  Error                                 
2000a7af  GetCmd                                
2000a865  TrimSpace                             
2000a8fd  Report                                
2000a9bd  SetFrequencyOfTimers                  
2000aadb  SetDirection                          
2000ab0b  ConfigureDir                          
2000ab93  ConfigureFrq                          
2000abdd  InitRotate                            
2000ac15  _SlDrvRxHdrRead                       
2000ae5d  sl_WlanConnect                        
2000b0a1  strtod                                
2000b0a1  strtold                               
2000b2d9  __aeabi_ldivmod                       
2000b4f7  __aeabi_uldivmod                      
2000b6eb  __aeabi_ldiv0                         
2000b6ed  strtoll                               
2000b8d1  _SlDrvReleasePoolObj                  
2000baa1  _SlDrvMsgWrite                        
2000bc6d  __aeabi_dsub                          
2000bc77  __aeabi_dadd                          
2000be23  __mpu_init                            
2000be25  PinMuxConfig                          
2000bfd9  _SlDrvWaitForPoolObj                  
2000c169  _SlDrvDriverCBInit                    
2000c2dd  _SlFindAndSetActiveObj                
2000c44d  strtoull                              
2000c5b9  spi_Open                              
2000c705  Rotate                                
2000c74b  Left                                  
2000c777  Right                                 
2000c7a3  Forward                               
2000c7cf  Backward                              
2000c7fb  Pause                                 
2000c817  isMoving                              
2000c81d  delaySec                              
2000c841  sl_Accept                             
2000c979  __aeabi_ddiv                          
2000caaf  _system_post_cinit                    
2000cab1  PRCMCC3200MCUInit                     
2000cbe5  strtol                                
2000cd19  vListInitialise                       
2000cd49  vListInitialiseItem                   
2000cd59  vListInsertEnd                        
2000cd95  vListInsert                           
2000cdfb  uxListRemove                          
2000ce45  _SlDrvDataReadOp                      
2000cf6d  strtoul                               
2000d081  pxPortInitialiseStack                 
2000d0d1  xPortStartScheduler                   
2000d0fd  vPortEndScheduler                     
2000d0ff  vPortYield                            
2000d111  vPortEnterCritical                    
2000d129  vPortExitCritical                     
2000d141  xPortSysTickHandler                   
2000d15d  vPortSetupTimerInterrupt              
2000d191  sl_Connect                            
2000d299  sl_Send                               
2000d3a1  _SlDrvDataWriteOp                     
2000d4a5  _SlDrvNetAppEventHandler              
2000d5a3  __aeabi_dmul                          
2000d6a1  _SlDrvDriverCBDeinit                  
2000d795  uDMAChannelTransferSet                
2000d885  spi_Read                              
2000d961  _SlDrvClassifyRxMsg                   
2000da39  sl_Stop                               
2000db0d  ldexp                                 
2000db0d  ldexpl                                
2000db0d  scalbn                                
2000db0d  scalbnl                               
2000dbdd  vsscanf                               
2000dbef  sscanf                                
2000dca9  _sl_HandleAsync_DnsGetHostByService   
2000dd71  _SlRemoveFromList                     
2000de31  _SlDrvMsgReadCmdCtx                   
2000deed  sl_Start                              
2000dfad  ulPortSetInterruptMask                
2000dfc3  vPortClearInterruptMask               
2000dfd1  xPortPendSVHandler                    
2000e01d  vPortSVCHandler                       
2000e045  prvPortStartFirstTask                 
2000e05d  portCLZ                               
2000e065  _SlAsyncEventGenericHandler           
2000e11d  sl_NetAppMDNSRegisterUnregisterService
2000e1d1  IntDisable                            
2000e279  IntEnable                             
2000e321  SPIConfigSetExpClk                    
2000e3c1  _SlDrvMsgReadSpawnCtx                 
2000e45d  __aeabi_memcpy                        
2000e45d  __aeabi_memcpy4                       
2000e45d  __aeabi_memcpy8                       
2000e45d  memcpy                                
2000e4f9  sl_DevGet                             
2000e595  PRCMPeripheralClockGet                
2000e629  __aeabi_fdiv                          
2000e7d5  _sl_HandleAsync_DnsGetHostByName      
2000e861  _sl_HandleAsync_PingResponse          
2000e8ed  spi_Write                             
2000e979  PinConfigSet                          
2000ea01  vsnprintf                             
2000ea89  sl_Bind                               
2000eb11  __aeabi_cdcmpeq                       
2000eb11  __aeabi_cdcmple                       
2000eb97  __aeabi_cdrcmple                      
2000ec1d  I2CMasterInitExpClk                   
2000eca1  NwpPowerOnPreamble                    
2000ed25  GPIOIntTypeSet                        
2000eda9  _SlDrvCmdOp                           
2000ef29  _sl_HandleAsync_InitComplete          
2000efa5  __aeabi_fmul                          
2000f01f  __aeabi_memclr                        
2000f01f  __aeabi_memclr4                       
2000f01f  __aeabi_memclr8                       
2000f021  __aeabi_memset                        
2000f021  __aeabi_memset4                       
2000f021  __aeabi_memset8                       
2000f027  memset                                
2000f099  _sl_HandleAsync_Connect               
2000f111  spi_Close                             
2000f189  UARTConfigSetExpClk                   
2000f201  sl_Recv                               
2000f275  __TI_auto_init                        
2000f2e5  __aeabi_d2f                           
2000f355  _SlDrvCmdSend                         
2000f42d  _sl_NetAppSendTokenValue              
2000f495  sl_NetCfgSet                          
2000f4fd  sl_SetSockOpt                         
2000f565  sl_WlanSet                            
2000f5cd  uDMAChannelAttributeDisable           
2000f631  uDMAChannelAttributeEnable            
2000f695  __aeabi_cfrcmple                      
2000f6f5  _sl_HandleAsync_Accept                
2000f755  sprintf                               
2000f7b5  sl_WlanPolicySet                      
2000f815  frexp                                 
2000f815  frexpl                                
2000f871  sl_Socket                             
2000f8cd  IntPendClear                          
2000f925  PRCMPeripheralReset                   
2000f97d  ltoa                                  
2000f9d5  IntPrioritySet                        
2000fa29  _sl_HandleAsync_Select                
2000fa7d  C$$EXIT                               
2000fa81  abort                                 
2000fa89  exit                                  
2000fad1  sl_WlanRxFilterSet                    
2000fb25  _sl_HandleAsync_Stop                  
2000fb75  SPIIntEnable                          
2000fbc1  _SlDrvProtectAsyncRespSetting         
2000fc0d  _SlDrvRxIrqHandler                    
2000fc59  _sl_BuildAddress                      
2000fca5  atoi                                  
2000fcf1  copy_in                               
2000fd3d  uDMAChannelAssign                     
2000fd89  SPIIntClear                           
2000fdd1  _SlDrvBasicCmd                        
2000fe19  __aeabi_d2iz                          
2000fea5  TimerConfigure                        
2000ff2d  sl_Htonl                              
2000ff71  PinModeSet                            
2000ffb1  _c_int00                              
2000fff1  strtok                                
20010031  CopyPingResultsToReport               
2001006d  PRCMPeripheralClkEnable               
200100a9  _sl_TruncatePayloadByProtocol         
200100e5  sl_Htons                              
20010121  sl_Listen                             
2001015d  uDMAChannelControlSet                 
20010199  NwpPowerOff                           
200101d1  pvPortMalloc                          
200101f1  vPortFree                             
20010209  __aeabi_f2d                           
20010241  __aeabi_f2iz                          
20010279  GPIODirModeSet                        
200102af  TimerControlLevel                     
200102e5  sl_NetAppMDNSUnRegisterService        
2001031d  PRCMPeripheralStatusGet               
20010351  SPIFIFOLevelSet                       
20010385  __aeabi_f2uiz                         
200103b9  PinTypeGPIO                           
200103e9  UARTDisable                           
20010419  _SlDrvDeviceEventHandler              
20010449  sl_Close                              
20010479  sl_WlanProfileDel                     
200104a9  sl_WlanSetMode                        
200104d9  __aeabi_i2d                           
20010509  DmaSpiSwIntHandler                    
20010535  I2CMasterErr                          
20010561  NwpPowerOn                            
2001058d  PRCMSysResetCauseGet                  
200105b9  TimerLoadSet                          
200105e3  TimerMatchSet                         
2001060d  TimerPrescaleMatchSet                 
20010637  TimerPrescaleSet                      
20010661  strspn                                
2001068d  PRCMPeripheralClkDisable              
200106b5  NwpRegisterInterruptHandler           
200106dd  IntUnregister                         
20010701  UARTEnable                            
20010725  _SlDrvProtectionObjLockWaitForever    
20010749  memmove                               
2001076d  strcspn                               
20010791  I2CMasterSlaveAddrSet                 
200107b3  SPIReset                              
200107d5  SPIWordCountSet                       
200107f7  GPIOPinWrite                          
20010819  IntRegister                           
20010839  _SlDrvProtectionObjUnLock             
20010859  I2CMasterIntStatusEx                  
20010877  TimerDisable                          
20010895  TimerEnable                           
200108b3  UARTCharPut                           
200108ef  UARTCharGetNonBlocking                
2001090b  _SlDrvObjLockWaitForever              
20010927  _SlDrvSyncObjWaitForever              
20010943  memccpy                               
20010961  uDMAChannelEnable                     
2001097d  GPIOIntEnable                         
20010997  PinTypeTimer                          
200109b1  PinTypeUART                           
200109cb  SPIDmaDisable                         
200109e5  SPIDmaEnable                          
200109ff  SPIFIFODisable                        
20010a19  SPIFIFOEnable                         
20010a33  GPIOPinRead                           
20010a4b  SPICSDisable                          
20010a63  SPICSEnable                           
20010a7b  SPIDisable                            
20010a93  SPIEnable                             
20010aab  UARTCharsAvail                        
20010ac3  _SlDrvObjUnLock                       
20010adb  _SlDrvSyncObjSignal                   
20010af5  _sl_GetStartResponseConvert           
20010b0d  _args_main                            
20010b25  __aeabi_lmul                          
20010b3d  strcmp                                
20010b55  strrchr                               
20010b6d  I2CMasterDataPut                      
20010b83  I2CMasterEnable                       
20010b99  PRCMHIBRegRead                        
20010baf  PRCMHIBRegWrite                       
20010bc5  _SlDrvMemZero                         
20010bdb  strchr                                
20010bf1  CPUcpsie                              
20010c05  GPIOIntClear                          
20010c19  IntVTableBaseSet                      
20010c2d  _register_unlock                      
20010c33  _register_lock                        
20010c3b  _nop                                  
20010c41  strcpy                                
20010c55  strlen                                
20010c69  I2CMasterControl                      
20010c7b  I2CMasterIntClearEx                   
20010c8d  I2CMasterTimeoutSet                   
20010c9f  I2CMasterDataGet                      
20010cad  _SlDrvResetCmdExt                     
20010cbb  __TI_decompress_none                  
20010cc9  ResetISR                              
20010cd9  NwpMaskInterrupt                      
20010ce5  NwpUnMaskInterrupt                    
20010cf1  sl_WlanDisconnect                     
20010cfd  IntMasterEnable                       
20010d07  copysign                              
20010d07  copysignl                             
20010d0f  UtilsDelay                            
20010d15  __TI_decompress_rle24                 
20010d1b  _system_pre_init                      
20010d20  _ctypes_                              
20011268  OpcodeTranslateTable                  
200112a4  _SlPolicySetCmdCtrl                   
200112a8  _SlPolicyGetCmdCtrl                   
200112ac  _SlProfileGetCmdCtrl                  
200112b0  _SlProfileDelCmdCtrl                  
200112b4  _SlWlanGetNetworkListCtrl             
200112b8  _SlRxFilterAddtCmdCtrl                
200112bc  _SlRxFilterSetCmdCtrl                 
200112c0  _SlRxFilterGetCmdCtrl                 
200112c4  _SlSmartConfigStartCmdCtrl            
200112c8  _SlWlanSetModeCmdCtrl                 
200112cc  _SlWlanCfgSetCmdCtrl                  
200112d0  _SlWlanCfgGetCmdCtrl                  
200112e0  _SlActionLookupTable                  
20011318  g_H2NSyncPattern                      
20011320  g_H2NCnysPattern                      
20011328  RxMsgClassLUT                         
2001134c  _SlSockSocketCmdCtrl                  
20011350  _SlSockCloseCmdCtrl                   
20011354  _SlRecvfomCmdCtrl                     
20011358  _SlSendCmdCtrl                        
2001135c  _SlListenCmdCtrl                      
20011360  _SlAcceptCmdCtrl                      
20011364  _SlRecvCmdCtrl                        
20011368  _SlSetSockOptCmdCtrl                  
2001136c  _SlGetSockOptCmdCtrl                  
20011370  _SlSelectCmdCtrl                      
200113ac  _SlNetAppStartCtrl                    
200113b0  _SlNetAppStopCtrl                     
200113b4  _SlGetServiceListeCtrl                
200113b8  _SlRegisterServiceCtrl                
200113bc  _SlGetHostByServiceCtrl               
200113c0  _SlGetHostByNameCtrl                  
200113c4  _SlNetAppSetCmdCtrl                   
200113c8  _SlNetAppSendTokenValueCmdCtrl        
200113cc  _SlNetAppGetCmdCtrl                   
20011424  _SlStopCmdCtrl                        
20011428  _SlEventMaskSetCmdCtrl                
2001142c  _SlEventMaskGetCmdCtrl                
20011430  _SlDeviceGetCmdCtrl                   
20011434  _SlDeviceSetCmdCtrl                   
20011448  _SlPayloadByProtocolLUT               
20011498  StartResponseLUT                      
200114a0  _SlNetCfgSetCmdCtrl                   
200114a4  _SlNetCfgGetCmdCtrl                   
200114b0  __TI_static_base__                    
20011514  __TI_Handler_Table_Base               
2001151c  __TI_CINIT_Base                       
2001151c  __TI_Handler_Table_Limit              
2001152c  __TI_CINIT_Limit                      
20017000  _sys_memory                           
20019000  g_StatMem                             
20019240  g_cBsdBuf                             
200192a4  g_ucDinDout                           
200192f4  xQueueRegistry                        
20019344  g_ucConnectionSSID                    
200193cc  g_ServerAddr                          
200193dc  g_ucConnectionBSSID                   
200193e8  DMAMsgQ                               
200193ec  g_cDummy                              
200193f0  g_fixPosFlag                          
200193f4  g_forwardInfrared                     
200193f8  g_leftInfrared                        
200193fc  g_lfInfrared                          
20019400  g_rfInfrared                          
20019404  g_rightInfrared                       
20019408  g_sockID                              
2001940c  moveState                             
20019418  RxIrqCnt                              
20019419  g_ucLED1Pin                           
2001941a  g_ucLED2Pin                           
2001941b  g_ucLED3Pin                           
2001941c  pxCurrentTCB                          
20019450  g_ulStatus                            
20019454  g_ulPingPacketsRecv                   
20019458  g_ulGatewayIP                         
2001945c  g_ulDestinationIp                     
20019460  g_uiPortNum                           
20019464  g_ulPacketCount                       
20019468  g_ucConnectionStatus                  
20019469  g_ucSimplelinkstarted                 
2001946c  g_ulIpAddr                            
20019470  g_isPause                             
20019474  g_iServerSockID                       
20019478  connect_flag                          
20019490  __TI_cleanup_ptr                      
20019494  __TI_dtors_ptr                        
20019498  __TI_enable_exit_profile_output       
200194a8  xHigherPriorityTaskWoken              
200194ac  xSimpleLinkSpawnQueue                 
200194b0  xSimpleLinkSpawnTaskHndl              
200194b4  g_uiLED1Port                          
200194b8  g_uiLED2Port                          
200194bc  g_uiLED3Port                          
200194c0  g_SpiFd                               
200194c4  g_pHostIntHdl                         
200194c8  g_ucDMAEnabled                        
200194cc  g_pCB                                 
200194d0  pPingCallBackFunc                     
200194d4  gFirstCmdMode                         
200194d8  _lock                                 
200194dc  _unlock                               
200194e4  errno                                 
200194e8  main_func_sp                          
2002f000  __stack                               
20030000  __STACK_END                           
ffffffff  __TI_pprof_out_hndl                   
ffffffff  __TI_prof_data_size                   
ffffffff  __TI_prof_data_start                  
ffffffff  __binit__                             
ffffffff  __c_args__                            
ffffffff  binit                                 
UNDEFED   SHT$$INIT_ARRAY$$Base                 
UNDEFED   SHT$$INIT_ARRAY$$Limit                

[529 symbols]
