******************************************************************************
                  TI ARM Linker PC v5.2.9                      
******************************************************************************
>> Linked Wed Aug 09 19:05:46 2017

OUTPUT FILE NAME:   <distance_with_infrared.out>
ENTRY POINT SYMBOL: "_c_int00"  address: 200106a9


MEMORY CONFIGURATION

         name            origin    length      used     unused   attr    fill
----------------------  --------  ---------  --------  --------  ----  --------
  SRAM_CODE             20004000   00013000  0000dc1e  000053e2  RW X
  SRAM_DATA             20017000   00019000  00003640  000159c0  RW X


SEGMENT ALLOCATION MAP

run origin  load origin   length   init length attrs members
----------  ----------- ---------- ----------- ----- -------
20004000    20004000    0000dc28   0000dc28    r-x
  20004000    20004000    00000400   00000400    r-- .intvecs
  20004400    20004400    0000cfd2   0000cfd2    r-x .text
  200113d8    200113d8    0000079c   0000079c    r-- .const
  20011b78    20011b78    000000b0   000000b0    r-- .cinit
20017000    20017000    00002640   00000000    rw-
  20017000    20017000    00002000   00000000    rw- .sysmem
  20019000    20019000    00000430   00000000    rw- .bss
  20019430    20019430    00000210   00000000    rw- .data
2002f000    2002f000    00001000   00000000    rw-
  2002f000    2002f000    00001000   00000000    rw- .stack


SECTION ALLOCATION MAP

 output                                  attributes/
section   page    origin      length       input sections
--------  ----  ----------  ----------   ----------------
.intvecs   0    20004000    00000400     
                  20004000    00000400     startup_ccs.obj (.intvecs)

.init_array 
*          0    20004000    00000000     UNINITIALIZED

.text      0    20004400    0000cfd2     
                  20004400    00001bcc     main.obj (.text)
                  20005fcc    00001258     free_rtos.a : tasks.obj (.text)
                  20007224    000010e0     rtsv7M4_T_le_eabi.lib : _printfi.obj (.text)
                  20008304    00000b24     free_rtos.a : queue.obj (.text)
                  20008e28    00000906     rtsv7M4_T_le_eabi.lib : _scanfi.obj (.text)
                  2000972e    00000002     driverlib.a : interrupt.obj (.text:IntDefaultHandler)
                  20009730    000005ec     simplelink.a : driver.obj (.text:_SlDrvMsgRead)
                  20009d1c    0000045c     free_rtos.a : osi_freertos.obj (.text)
                  2000a178    000003dc     rtsv7M4_T_le_eabi.lib : memory.obj (.text)
                  2000a554    00000394     gpio_if.obj (.text)
                  2000a8e8    00000290     i2c_if.obj (.text)
                  2000ab78    00000290     uart_if.obj (.text)
                  2000ae08    00000258     rotate.obj (.text)
                  2000b060    00000248     simplelink.a : driver.obj (.text:_SlDrvRxHdrRead)
                  2000b2a8    00000244                  : wlan.obj (.text:sl_WlanConnect)
                  2000b4ec    00000238     rtsv7M4_T_le_eabi.lib : strtod.obj (.text)
                  2000b724    0000021e                           : ll_div_t2.obj (.text)
                  2000b942    000001f4                           : ull_div_t2.obj (.text)
                  2000bb36    00000002                           : l_div0.obj (.text)
                  2000bb38    000001e4                           : strtoll.obj (.text)
                  2000bd1c    000001d0     simplelink.a : driver.obj (.text:_SlDrvReleasePoolObj)
                  2000beec    000001cc                  : driver.obj (.text:_SlDrvMsgWrite)
                  2000c0b8    000001b6     rtsv7M4_T_le_eabi.lib : fd_add_t2.obj (.text)
                  2000c26e    00000002     --HOLE-- [fill = 0]
                  2000c270    000001b4     pinmux.obj (.text)
                  2000c424    00000190     simplelink.a : driver.obj (.text:_SlDrvWaitForPoolObj)
                  2000c5b4    00000178     move.obj (.text)
                  2000c72c    00000174     simplelink.a : driver.obj (.text:_SlDrvDriverCBInit)
                  2000c8a0    00000170                  : driver.obj (.text:_SlFindAndSetActiveObj)
                  2000ca10    0000016c     rtsv7M4_T_le_eabi.lib : strtoull.obj (.text)
                  2000cb7c    0000014c     simplelink.a : cc_pal.obj (.text:spi_Open)
                  2000ccc8    00000138                  : socket.obj (.text:sl_Accept)
                  2000ce00    00000136     rtsv7M4_T_le_eabi.lib : fd_div_t2.obj (.text)
                  2000cf36    00000002     --HOLE-- [fill = 0]
                  2000cf38    00000134     driverlib.a : prcm.obj (.text:PRCMCC3200MCUInit)
                  2000d06c    00000134     rtsv7M4_T_le_eabi.lib : strtol.obj (.text)
                  2000d1a0    0000012a     free_rtos.a : list.obj (.text)
                  2000d2ca    00000002     --HOLE-- [fill = 0]
                  2000d2cc    00000128     simplelink.a : driver.obj (.text:_SlDrvDataReadOp)
                  2000d3f4    00000114     rtsv7M4_T_le_eabi.lib : strtoul.obj (.text)
                  2000d508    00000110     free_rtos.a : port.obj (.text)
                  2000d618    00000110     rtsv7M4_T_le_eabi.lib : xdscale.obj (.text)
                  2000d728    00000108     simplelink.a : socket.obj (.text:sl_Connect)
                  2000d830    00000108                  : socket.obj (.text:sl_Send)
                  2000d938    00000104                  : driver.obj (.text:_SlDrvDataWriteOp)
                  2000da3c    000000fe                  : netapp.obj (.text:_SlDrvNetAppEventHandler)
                  2000db3a    000000fc     rtsv7M4_T_le_eabi.lib : fd_mul_t2.obj (.text)
                  2000dc36    00000002     --HOLE-- [fill = 0]
                  2000dc38    000000f4     simplelink.a : driver.obj (.text:_SlDrvDriverCBDeinit)
                  2000dd2c    000000f0     driverlib.a : udma.obj (.text:uDMAChannelTransferSet)
                  2000de1c    000000dc     simplelink.a : cc_pal.obj (.text:spi_Read)
                  2000def8    000000d8                  : driver.obj (.text:_SlDrvClassifyRxMsg)
                  2000dfd0    000000d4                  : device.obj (.text:sl_Stop)
                  2000e0a4    000000cc     rtsv7M4_T_le_eabi.lib : sscanf.obj (.text)
                  2000e170    000000c8     simplelink.a : netapp.obj (.text:_sl_HandleAsync_DnsGetHostByService)
                  2000e238    000000c0                  : driver.obj (.text:_SlRemoveFromList)
                  2000e2f8    000000be     rtsv7M4_T_le_eabi.lib : xdnorm.obj (.text)
                  2000e3b6    00000002     --HOLE-- [fill = 0]
                  2000e3b8    000000bc     simplelink.a : driver.obj (.text:_SlDrvMsgReadCmdCtx)
                  2000e474    000000bc                  : device.obj (.text:sl_Start)
                  2000e530    000000ba     free_rtos.a : portasm.obj (.text)
                  2000e5ea    00000002     --HOLE-- [fill = 0]
                  2000e5ec    000000b8     simplelink.a : driver.obj (.text:_SlAsyncEventGenericHandler)
                  2000e6a4    000000b4                  : netapp.obj (.text:sl_NetAppMDNSRegisterUnregisterService)
                  2000e758    000000a8     driverlib.a : interrupt.obj (.text:IntDisable)
                  2000e800    000000a8                 : interrupt.obj (.text:IntEnable)
                  2000e8a8    000000a0                 : spi.obj (.text:SPIConfigSetExpClk)
                  2000e948    0000009c     simplelink.a : driver.obj (.text:_SlDrvMsgReadSpawnCtx)
                  2000e9e4    0000009c     rtsv7M4_T_le_eabi.lib : memcpy_t2.obj (.text)
                  2000ea80    0000009c     simplelink.a : device.obj (.text:sl_DevGet)
                  2000eb1c    00000094     driverlib.a : prcm.obj (.text:PRCMPeripheralClockGet)
                  2000ebb0    00000092     rtsv7M4_T_le_eabi.lib : fs_div_t2.obj (.text)
                  2000ec42    00000002     --HOLE-- [fill = 0]
                  2000ec44    0000008c     simplelink.a : cc_pal.obj (.text:SetupDMAReceive)
                  2000ecd0    0000008c                  : cc_pal.obj (.text:SetupDMASend)
                  2000ed5c    0000008c                  : netapp.obj (.text:_sl_HandleAsync_DnsGetHostByName)
                  2000ede8    0000008c                  : netapp.obj (.text:_sl_HandleAsync_PingResponse)
                  2000ee74    0000008c                  : cc_pal.obj (.text:spi_Write)
                  2000ef00    00000088     driverlib.a : pin.obj (.text:PinConfigSet)
                  2000ef88    00000088     rtsv7M4_T_le_eabi.lib : vsnprintf.obj (.text)
                  2000f010    00000088     simplelink.a : socket.obj (.text:sl_Bind)
                  2000f098    00000086     rtsv7M4_T_le_eabi.lib : fd_cmp_t2.obj (.text:__aeabi_cdcmple)
                  2000f11e    00000086                           : fd_cmp_t2.obj (.text:__aeabi_cdrcmple)
                  2000f1a4    00000084     driverlib.a : i2c.obj (.text:I2CMasterInitExpClk)
                  2000f228    00000084     simplelink.a : cc_pal.obj (.text:NwpPowerOnPreamble)
                  2000f2ac    00000082     driverlib.a : gpio.obj (.text:GPIOIntTypeSet)
                  2000f32e    00000002     --HOLE-- [fill = 0]
                  2000f330    00000080     simplelink.a : driver.obj (.text:_SlDrvCmdOp)
                  2000f3b0    00000080                  : cc_pal.obj (.text:spi_Read_CPU)
                  2000f430    00000080                  : cc_pal.obj (.text:spi_Write_CPU)
                  2000f4b0    0000007c                  : device.obj (.text:_sl_HandleAsync_InitComplete)
                  2000f52c    0000007a     rtsv7M4_T_le_eabi.lib : fs_mul_t2.obj (.text)
                  2000f5a6    0000007a                           : memset_t2.obj (.text)
                  2000f620    00000078     simplelink.a : socket.obj (.text:_sl_HandleAsync_Connect)
                  2000f698    00000078                  : cc_pal.obj (.text:spi_Close)
                  2000f710    00000076     driverlib.a : uart.obj (.text:UARTConfigSetExpClk)
                  2000f786    00000002     --HOLE-- [fill = 0]
                  2000f788    00000074     simplelink.a : socket.obj (.text:sl_Recv)
                  2000f7fc    0000006e     rtsv7M4_T_le_eabi.lib : fd_tos_t2.obj (.text)
                  2000f86a    00000002     --HOLE-- [fill = 0]
                  2000f86c    0000006c     simplelink.a : driver.obj (.text:_SlDrvCmdSend)
                  2000f8d8    0000006c     rtsv7M4_T_le_eabi.lib : autoinit.obj (.text)
                  2000f944    0000006a                           : copy_decompress_rle.obj (.text)
                  2000f9ae    00000002     --HOLE-- [fill = 0]
                  2000f9b0    00000068     simplelink.a : netapp.obj (.text:_sl_NetAppSendTokenValue)
                  2000fa18    00000068                  : netcfg.obj (.text:sl_NetCfgSet)
                  2000fa80    00000068                  : socket.obj (.text:sl_SetSockOpt)
                  2000fae8    00000068                  : wlan.obj (.text:sl_WlanSet)
                  2000fb50    00000066     rtsv7M4_T_le_eabi.lib : xdunscal.obj (.text)
                  2000fbb6    00000002     --HOLE-- [fill = 0]
                  2000fbb8    00000064     driverlib.a : udma.obj (.text:uDMAChannelAttributeDisable)
                  2000fc1c    00000064                 : udma.obj (.text:uDMAChannelAttributeEnable)
                  2000fc80    00000060     rtsv7M4_T_le_eabi.lib : fs_cmp_t2.obj (.text:__aeabi_cfrcmple)
                  2000fce0    00000060     simplelink.a : socket.obj (.text:_sl_HandleAsync_Accept)
                  2000fd40    00000060     rtsv7M4_T_le_eabi.lib : sprintf.obj (.text)
                  2000fda0    00000060     simplelink.a : wlan.obj (.text:sl_WlanPolicySet)
                  2000fe00    0000005c                  : socket.obj (.text:sl_Socket)
                  2000fe5c    00000058     driverlib.a : interrupt.obj (.text:IntPendClear)
                  2000feb4    00000058                 : prcm.obj (.text:PRCMPeripheralReset)
                  2000ff0c    00000054                 : interrupt.obj (.text:IntPrioritySet)
                  2000ff60    00000054     simplelink.a : socket.obj (.text:_sl_HandleAsync_Select)
                  2000ffb4    00000054     rtsv7M4_T_le_eabi.lib : ltoa.obj (.text)
                  20010008    00000054     simplelink.a : wlan.obj (.text:sl_WlanRxFilterSet)
                  2001005c    00000050                  : device.obj (.text:_sl_HandleAsync_Stop)
                  200100ac    0000004c     driverlib.a : spi.obj (.text:SPIIntEnable)
                  200100f8    0000004c     simplelink.a : driver.obj (.text:_SlDrvProtectAsyncRespSetting)
                  20010144    0000004c                  : driver.obj (.text:_SlDrvRxIrqHandler)
                  20010190    0000004c                  : socket.obj (.text:_sl_BuildAddress)
                  200101dc    0000004c     rtsv7M4_T_le_eabi.lib : atoi.obj (.text)
                  20010228    0000004c                           : cpy_tbl.obj (.text)
                  20010274    0000004c     driverlib.a : udma.obj (.text:uDMAChannelAssign)
                  200102c0    00000048                 : spi.obj (.text:SPIIntClear)
                  20010308    00000048     simplelink.a : driver.obj (.text:_SlDrvBasicCmd)
                  20010350    00000048     rtsv7M4_T_le_eabi.lib : fd_toi_t2.obj (.text)
                  20010398    00000046                           : ldexp.obj (.text)
                  200103de    00000002     --HOLE-- [fill = 0]
                  200103e0    00000044     driverlib.a : spi.obj (.text:SPIDmaMaskGet)
                  20010424    00000044                 : timer.obj (.text:TimerConfigure)
                  20010468    00000044     simplelink.a : cc_pal.obj (.text:cc_SetupTransfer)
                  200104ac    00000044     rtsv7M4_T_le_eabi.lib : exit.obj (.text)
                  200104f0    00000042     simplelink.a : socket.obj (.text:sl_Htonl)
                  20010532    00000002     --HOLE-- [fill = 0]
                  20010534    00000040     driverlib.a : pin.obj (.text:PinModeSet)
                  20010574    00000040     rtsv7M4_T_le_eabi.lib : signal.obj (.text)
                  200105b4    00000040                           : strtok.obj (.text)
                  200105f4    0000003c     simplelink.a : netapp.obj (.text:CopyPingResultsToReport)
                  20010630    0000003c     driverlib.a : prcm.obj (.text:PRCMPeripheralClkEnable)
                  2001066c    0000003c     simplelink.a : socket.obj (.text:_sl_TruncatePayloadByProtocol)
                  200106a8    0000003c     rtsv7M4_T_le_eabi.lib : boot.obj (.text)
                  200106e4    0000003c     simplelink.a : socket.obj (.text:sl_Htons)
                  20010720    0000003c                  : socket.obj (.text:sl_Listen)
                  2001075c    0000003c     driverlib.a : udma.obj (.text:uDMAChannelControlSet)
                  20010798    00000038     simplelink.a : cc_pal.obj (.text:NwpPowerOff)
                  200107d0    00000038     free_rtos.a : heap_3.obj (.text)
                  20010808    00000038     rtsv7M4_T_le_eabi.lib : fs_tod_t2.obj (.text)
                  20010840    00000038                           : fs_toi_t2.obj (.text)
                  20010878    00000036     driverlib.a : gpio.obj (.text:GPIODirModeSet)
                  200108ae    00000036                 : timer.obj (.text:TimerControlLevel)
                  200108e4    00000036     simplelink.a : netapp.obj (.text:sl_NetAppMDNSUnRegisterService)
                  2001091a    00000002     --HOLE-- [fill = 0]
                  2001091c    00000034     driverlib.a : prcm.obj (.text:PRCMPeripheralStatusGet)
                  20010950    00000034                 : spi.obj (.text:SPIFIFOLevelSet)
                  20010984    00000034     rtsv7M4_T_le_eabi.lib : feraiseexcept.obj (.text)
                  200109b8    00000034                           : fs_tou_t2.obj (.text)
                  200109ec    00000030     driverlib.a : pin.obj (.text:PinTypeGPIO)
                  20010a1c    00000030                 : uart.obj (.text:UARTDisable)
                  20010a4c    00000030     simplelink.a : device.obj (.text:_SlDrvDeviceEventHandler)
                  20010a7c    00000030     rtsv7M4_T_le_eabi.lib : xferaise.obj (.text)
                  20010aac    00000030     simplelink.a : socket.obj (.text:sl_Close)
                  20010adc    00000030                  : wlan.obj (.text:sl_WlanProfileDel)
                  20010b0c    00000030                  : wlan.obj (.text:sl_WlanSetMode)
                  20010b3c    0000002e     rtsv7M4_T_le_eabi.lib : i_tofd_t2.obj (.text)
                  20010b6a    0000002e                           : raise.obj (.text)
                  20010b98    0000002c     simplelink.a : cc_pal.obj (.text:DmaSpiSwIntHandler)
                  20010bc4    0000002c     driverlib.a : i2c.obj (.text:I2CMasterErr)
                  20010bf0    0000002c     simplelink.a : cc_pal.obj (.text:NwpPowerOn)
                  20010c1c    0000002c     driverlib.a : prcm.obj (.text:PRCMSysResetCauseGet)
                  20010c48    0000002a                 : timer.obj (.text:TimerLoadSet)
                  20010c72    0000002a                 : timer.obj (.text:TimerMatchSet)
                  20010c9c    0000002a                 : timer.obj (.text:TimerPrescaleMatchSet)
                  20010cc6    0000002a                 : timer.obj (.text:TimerPrescaleSet)
                  20010cf0    0000002a     rtsv7M4_T_le_eabi.lib : strspn.obj (.text)
                  20010d1a    00000002     --HOLE-- [fill = 0]
                  20010d1c    00000028     driverlib.a : prcm.obj (.text:PRCMPeripheralClkDisable)
                  20010d44    00000026     simplelink.a : cc_pal.obj (.text:NwpRegisterInterruptHandler)
                  20010d6a    00000002     --HOLE-- [fill = 0]
                  20010d6c    00000024     driverlib.a : interrupt.obj (.text:IntUnregister)
                  20010d90    00000024                 : uart.obj (.text:UARTEnable)
                  20010db4    00000024     simplelink.a : driver.obj (.text:_SlDrvProtectionObjLockWaitForever)
                  20010dd8    00000024     rtsv7M4_T_le_eabi.lib : memmov.obj (.text)
                  20010dfc    00000024                           : strcspn.obj (.text)
                  20010e20    00000022     driverlib.a : i2c.obj (.text:I2CMasterSlaveAddrSet)
                  20010e42    00000022                 : spi.obj (.text:SPIReset)
                  20010e64    00000022                 : spi.obj (.text:SPIWordCountSet)
                  20010e86    00000022     rtsv7M4_T_le_eabi.lib : frexp.obj (.text)
                  20010ea8    00000020     driverlib.a : gpio.obj (.text:GPIOPinWrite)
                  20010ec8    00000020                 : interrupt.obj (.text:IntRegister)
                  20010ee8    00000020     simplelink.a : driver.obj (.text:_SlDrvProtectionObjUnLock)
                  20010f08    0000001e     driverlib.a : i2c.obj (.text:I2CMasterIntStatusEx)
                  20010f26    0000001e                 : timer.obj (.text:TimerDisable)
                  20010f44    0000001e                 : timer.obj (.text:TimerEnable)
                  20010f62    0000001e                 : uart.obj (.text:UARTCharPut)
                  20010f80    0000001e     simplelink.a : cc_pal.obj (.text:cc_UDMAChannelSelect)
                  20010f9e    0000001c     driverlib.a : uart.obj (.text:UARTCharGetNonBlocking)
                  20010fba    0000001c     simplelink.a : driver.obj (.text:_SlDrvObjLockWaitForever)
                  20010fd6    0000001c                  : driver.obj (.text:_SlDrvSyncObjWaitForever)
                  20010ff2    0000001c     rtsv7M4_T_le_eabi.lib : memccpy.obj (.text)
                  2001100e    00000002     --HOLE-- [fill = 0]
                  20011010    0000001c     driverlib.a : udma.obj (.text:uDMAChannelEnable)
                  2001102c    0000001a                 : gpio.obj (.text:GPIOIntEnable)
                  20011046    0000001a                 : pin.obj (.text:PinTypeTimer)
                  20011060    0000001a                 : pin.obj (.text:PinTypeUART)
                  2001107a    0000001a                 : spi.obj (.text:SPIDmaDisable)
                  20011094    0000001a                 : spi.obj (.text:SPIDmaEnable)
                  200110ae    0000001a                 : spi.obj (.text:SPIFIFODisable)
                  200110c8    0000001a                 : spi.obj (.text:SPIFIFOEnable)
                  200110e2    00000018                 : gpio.obj (.text:GPIOPinRead)
                  200110fa    00000018                 : spi.obj (.text:SPICSDisable)
                  20011112    00000018                 : spi.obj (.text:SPICSEnable)
                  2001112a    00000018                 : spi.obj (.text:SPIDisable)
                  20011142    00000018                 : spi.obj (.text:SPIEnable)
                  2001115a    00000018                 : uart.obj (.text:UARTCharsAvail)
                  20011172    00000018     simplelink.a : driver.obj (.text:_SlDrvObjUnLock)
                  2001118a    00000018                  : driver.obj (.text:_SlDrvSyncObjSignal)
                  200111a2    00000002     --HOLE-- [fill = 0]
                  200111a4    00000018                  : device.obj (.text:_sl_GetStartResponseConvert)
                  200111bc    00000018     rtsv7M4_T_le_eabi.lib : args_main.obj (.text)
                  200111d4    00000018                           : ll_mul_t2.obj (.text)
                  200111ec    00000018                           : strcmp.obj (.text)
                  20011204    00000018                           : strrchr.obj (.text)
                  2001121c    00000016     driverlib.a : i2c.obj (.text:I2CMasterDataPut)
                  20011232    00000016                 : i2c.obj (.text:I2CMasterEnable)
                  20011248    00000016                 : prcm.obj (.text:PRCMHIBRegRead)
                  2001125e    00000016                 : prcm.obj (.text:PRCMHIBRegWrite)
                  20011274    00000016     simplelink.a : driver.obj (.text:_SlDrvMemZero)
                  2001128a    00000016     rtsv7M4_T_le_eabi.lib : strchr.obj (.text)
                  200112a0    00000014     driverlib.a : cpu.obj (.text:CPUcpsie)
                  200112b4    00000014                 : gpio.obj (.text:GPIOIntClear)
                  200112c8    00000014                 : interrupt.obj (.text:IntVTableBaseSet)
                  200112dc    00000014     rtsv7M4_T_le_eabi.lib : _lock.obj (.text)
                  200112f0    00000014                           : strcpy.obj (.text)
                  20011304    00000014                           : strlen.obj (.text)
                  20011318    00000012     driverlib.a : i2c.obj (.text:I2CMasterControl)
                  2001132a    00000012                 : i2c.obj (.text:I2CMasterIntClearEx)
                  2001133c    00000012                 : i2c.obj (.text:I2CMasterTimeoutSet)
                  2001134e    0000000e                 : i2c.obj (.text:I2CMasterDataGet)
                  2001135c    0000000e     simplelink.a : driver.obj (.text:_SlDrvResetCmdExt)
                  2001136a    0000000e     rtsv7M4_T_le_eabi.lib : copy_decompress_none.obj (.text:decompress:none)
                  20011378    0000000e     startup_ccs.obj (.text)
                  20011386    00000002     --HOLE-- [fill = 0]
                  20011388    0000000c     simplelink.a : cc_pal.obj (.text:NwpMaskInterrupt)
                  20011394    0000000c                  : cc_pal.obj (.text:NwpUnMaskInterrupt)
                  200113a0    0000000c     rtsv7M4_T_le_eabi.lib : copy_zero_init.obj (.text:decompress:ZI)
                  200113ac    0000000c     simplelink.a : wlan.obj (.text:sl_WlanDisconnect)
                  200113b8    0000000a     driverlib.a : interrupt.obj (.text:IntMasterEnable)
                  200113c2    00000006                 : utils.obj (.text:UtilsDelay)
                  200113c8    00000006     rtsv7M4_T_le_eabi.lib : copy_decompress_rle.obj (.text:decompress:rle24)
                  200113ce    00000004                           : pre_init.obj (.text)

.const     0    200113d8    0000079c     
                  200113d8    00000101     rtsv7M4_T_le_eabi.lib : ctype.obj (.const:.string:_ctypes_)
                  200114d9    00000003     --HOLE-- [fill = 0]
                  200114dc    00000100     driverlib.a : pin.obj (.const:g_ulPinToPadMap)
                  200115dc    000000d4                 : interrupt.obj (.const:g_pulRegs)
                  200116b0    000000b0     simplelink.a : wlan.obj (.const:$P$T0$1)
                  20011760    000000a8     driverlib.a : prcm.obj (.const:PRCM_PeriphRegsList)
                  20011808    00000098     rtsv7M4_T_le_eabi.lib : strtod.obj (.const)
                  200118a0    00000080     driverlib.a : interrupt.obj (.const)
                  20011920    00000045     main.obj (.const:.string)
                  20011965    00000001     --HOLE-- [fill = 0]
                  20011966    0000003c     simplelink.a : driver.obj (.const:OpcodeTranslateTable)
                  200119a2    0000003c                  : wlan.obj (.const)
                  200119de    00000002     --HOLE-- [fill = 0]
                  200119e0    00000038                  : driver.obj (.const:_SlActionLookupTable)
                  20011a18    00000034                  : driver.obj (.const)
                  20011a4c    00000034                  : socket.obj (.const)
                  20011a80    0000002c     main.obj (.const:$P$T5$6)
                  20011aac    00000028     simplelink.a : netapp.obj (.const)
                  20011ad4    00000022     main.obj (.const:.string:$P$T4$5)
                  20011af6    00000002     --HOLE-- [fill = 0]
                  20011af8    00000020     main.obj (.const)
                  20011b18    00000018     driverlib.a : spi.obj (.const)
                  20011b30    00000014     simplelink.a : device.obj (.const)
                  20011b44    00000010                  : socket.obj (.const:.string)
                  20011b54    00000010     rtsv7M4_T_le_eabi.lib : _scanfi.obj (.const)
                  20011b64    00000008     simplelink.a : device.obj (.const:.string)
                  20011b6c    00000008                  : netcfg.obj (.const)

.cinit     0    20011b78    000000b0     
                  20011b78    00000089     (.cinit..data.load) [load image, compression = rle]
                  20011c01    00000003     --HOLE-- [fill = 0]
                  20011c04    0000000c     (__TI_handler_table)
                  20011c10    00000008     (.cinit..bss.load) [load image, compression = zero_init]
                  20011c18    00000010     (__TI_cinit_table)

.sysmem    0    20017000    00002000     UNINITIALIZED
                  20017000    00000008     rtsv7M4_T_le_eabi.lib : memory.obj (.sysmem)
                  20017008    00001ff8     --HOLE--

.bss       0    20019000    00000430     UNINITIALIZED
                  20019000    00000178     simplelink.a : driver.obj (.bss:g_StatMem)
                  20019178    000000c8     free_rtos.a : tasks.obj (.bss:pxReadyTasksLists)
                  20019240    00000064     main.obj (.bss:g_cBsdBuf)
                  200192a4    00000050     simplelink.a : cc_pal.obj (.bss:g_ucDinDout)
                  200192f4    00000050     free_rtos.a : queue.obj (.bss:xQueueRegistry)
                  20019344    00000024     main.obj (.bss:g_ucConnectionSSID)
                  20019368    00000014     (.common:xDelayedTaskList1)
                  2001937c    00000014     (.common:xDelayedTaskList2)
                  20019390    00000014     (.common:xPendingReadyList)
                  200193a4    00000014     (.common:xSuspendedTaskList)
                  200193b8    00000014     (.common:xTasksWaitingTermination)
                  200193cc    00000010     (.common:g_ServerAddr)
                  200193dc    00000010     (.common:g_ServerAddr2)
                  200193ec    00000008     (.common:g_ucConnectionBSSID)
                  200193f4    00000004     (.common:DMAMsgQ)
                  200193f8    00000004     (.common:__Errorlog)
                  200193fc    00000004     (.common:g_cDummy)
                  20019400    00000004     (.common:g_fixPosFlag)
                  20019404    00000004     (.common:g_forwardInfrared)
                  20019408    00000004     (.common:g_leftInfrared)
                  2001940c    00000004     (.common:g_lfInfrared)
                  20019410    00000004     (.common:g_rfInfrared)
                  20019414    00000004     (.common:g_rightInfrared)
                  20019418    00000004     (.common:g_sockID)
                  2001941c    00000004     (.common:moveState)
                  20019420    00000004     (.common:os_m)
                  20019424    00000004     (.common:pxDelayedTaskList)
                  20019428    00000004     (.common:pxOverflowDelayedTaskList)
                  2001942c    00000001     (.common:RxIrqCnt)
                  2001942d    00000001     (.common:g_ucLED1Pin)
                  2001942e    00000001     (.common:g_ucLED2Pin)
                  2001942f    00000001     (.common:g_ucLED3Pin)

.TI.noinit 
*          0    20019000    00000000     UNINITIALIZED

.data      0    20019430    00000210     UNINITIALIZED
                  20019430    000000b0     rtsv7M4_T_le_eabi.lib : signal.obj (.data:sigtable)
                  200194e0    00000080                           : xvalues.obj (.data)
                  20019560    00000034     free_rtos.a : tasks.obj (.data)
                  20019594    00000034     main.obj (.data)
                  200195c8    00000020     gpio_if.obj (.data)
                  200195e8    0000000c     free_rtos.a : osi_freertos.obj (.data)
                  200195f4    0000000c     rtsv7M4_T_le_eabi.lib : memory.obj (.data)
                  20019600    00000009     simplelink.a : cc_pal.obj (.data)
                  20019609    00000003     --HOLE--
                  2001960c    00000009                  : driver.obj (.data)
                  20019615    00000003     --HOLE--
                  20019618    00000008     rtsv7M4_T_le_eabi.lib : _lock.obj (.data)
                  20019620    00000008                           : exit.obj (.data)
                  20019628    00000008                           : feraiseexcept.obj (.data)
                  20019630    00000004     free_rtos.a : port.obj (.data)
                  20019634    00000004     rtsv7M4_T_le_eabi.lib : errno.obj (.data)
                  20019638    00000004                           : stkdepth_vars.obj (.data)
                  2001963c    00000004                           : strtok.obj (.data)

.TI.persistent 
*          0    20019430    00000000     UNINITIALIZED

.stack     0    2002f000    00001000     UNINITIALIZED
                  2002f000    00001000     --HOLE--


LINKER GENERATED COPY TABLES

__TI_cinit_table @ 20011c18 records: 2, size/record: 8, table size: 16
	.data: load addr=20011b78, load size=00000089 bytes, run addr=20019430, run size=00000210 bytes, compression=rle
	.bss: load addr=20011c10, load size=00000008 bytes, run addr=20019000, run size=00000430 bytes, compression=zero_init


LINKER GENERATED HANDLER TABLE

__TI_handler_table @ 20011c04 records: 3, size/record: 4, table size: 12
	index: 0, handler: __TI_decompress_rle24
	index: 1, handler: __TI_decompress_none
	index: 2, handler: __TI_zero_init


GLOBAL SYMBOLS: SORTED ALPHABETICALLY BY Name 

address   name                                  
-------   ----                                  
2000c67f  Backward                              
20004cc1  BsdTcpClient                          
20004d85  BsdTcpServer                          
20004f3d  BsdTcpServer2                         
200104ad  C$$EXIT                               
200112a1  CPUcpsie                              
2000abb9  ClearTerm                             
2000af57  ConfigureDir                          
2000afdf  ConfigureFrq                          
200105f5  CopyPingResultsToReport               
200193f4  DMAMsgQ                               
20010b99  DmaSpiSwIntHandler                    
2000abc3  Error                                 
2000c653  Forward                               
20010879  GPIODirModeSet                        
200112b5  GPIOIntClear                          
2001102d  GPIOIntEnable                         
2000f2ad  GPIOIntTypeSet                        
200110e3  GPIOPinRead                           
20010ea9  GPIOPinWrite                          
2000a815  GPIO_IF_ConfigureNIntEnable           
2000a891  GPIO_IF_Get                           
2000a7cf  GPIO_IF_GetPortNPin                   
2000a591  GPIO_IF_LedConfigure                  
2000a683  GPIO_IF_LedOff                        
2000a5cf  GPIO_IF_LedOn                         
2000a737  GPIO_IF_LedStatus                     
2000a7a1  GPIO_IF_LedToggle                     
2000a857  GPIO_IF_Set                           
2000abfb  GetCmd                                
20011319  I2CMasterControl                      
2001134f  I2CMasterDataGet                      
2001121d  I2CMasterDataPut                      
20011233  I2CMasterEnable                       
20010bc5  I2CMasterErr                          
2000f1a5  I2CMasterInitExpClk                   
2001132b  I2CMasterIntClearEx                   
20010f09  I2CMasterIntStatusEx                  
20010e21  I2CMasterSlaveAddrSet                 
2001133d  I2CMasterTimeoutSet                   
2000ab61  I2C_IF_Close                          
2000ab19  I2C_IF_Open                           
2000aa13  I2C_IF_Read                           
2000aacf  I2C_IF_ReadFrom                       
2000a95d  I2C_IF_Write                          
2000b029  InitRotate                            
20004c59  InitTcpServer                         
2000ab79  InitTerm                              
2000e759  IntDisable                            
2000e801  IntEnable                             
200113b9  IntMasterEnable                       
2000fe5d  IntPendClear                          
2000ff0d  IntPrioritySet                        
20010ec9  IntRegister                           
20010d6d  IntUnregister                         
200112c9  IntVTableBaseSet                      
20005a55  IpAddressParser                       
2000c5fb  Left                                  
2000ab97  Message                               
20011389  NwpMaskInterrupt                      
20010799  NwpPowerOff                           
20010bf1  NwpPowerOn                            
2000f229  NwpPowerOnPreamble                    
20010d45  NwpRegisterInterruptHandler           
20011395  NwpUnMaskInterrupt                    
20011966  OpcodeTranslateTable                  
2000cf39  PRCMCC3200MCUInit                     
20011249  PRCMHIBRegRead                        
2001125f  PRCMHIBRegWrite                       
20010d1d  PRCMPeripheralClkDisable              
20010631  PRCMPeripheralClkEnable               
2000eb1d  PRCMPeripheralClockGet                
2000feb5  PRCMPeripheralReset                   
2001091d  PRCMPeripheralStatusGet               
20010c1d  PRCMSysResetCauseGet                  
2000c6ab  Pause                                 
2000ef01  PinConfigSet                          
20010535  PinModeSet                            
2000c271  PinMuxConfig                          
200109ed  PinTypeGPIO                           
20011047  PinTypeTimer                          
20011061  PinTypeUART                           
200050ed  RecvCtrlMsg                           
2000ad49  Report                                
20011379  ResetISR                              
2000c627  Right                                 
2000c5b5  Rotate                                
20005c7d  RotateAngle                           
2001942c  RxIrqCnt                              
20011a28  RxMsgClassLUT                         
UNDEFED   SHT$$INIT_ARRAY$$Base                 
UNDEFED   SHT$$INIT_ARRAY$$Limit                
200110fb  SPICSDisable                          
20011113  SPICSEnable                           
2000e8a9  SPIConfigSetExpClk                    
2001112b  SPIDisable                            
2001107b  SPIDmaDisable                         
20011095  SPIDmaEnable                          
20011143  SPIEnable                             
200110af  SPIFIFODisable                        
200110c9  SPIFIFOEnable                         
20010951  SPIFIFOLevelSet                       
200102c1  SPIIntClear                           
200100ad  SPIIntEnable                          
20010e43  SPIReset                              
20010e65  SPIWordCountSet                       
20004bf5  SendThread                            
2000af27  SetDirection                          
2000ae09  SetFrequencyOfTimers                  
2000c6c7  SetOs                                 
20004605  SimpleLinkGeneralEventHandler         
200045dd  SimpleLinkHttpServerCallback          
20004547  SimpleLinkNetAppEventHandler          
2000461b  SimpleLinkSockEventHandler            
2000443f  SimpleLinkWlanEventHandler            
20011b64  StartResponseLUT                      
20010425  TimerConfigure                        
200108af  TimerControlLevel                     
20010f27  TimerDisable                          
20010f45  TimerEnable                           
20010c49  TimerLoadSet                          
20010c73  TimerMatchSet                         
20010c9d  TimerPrescaleMatchSet                 
20010cc7  TimerPrescaleSet                      
2000acb1  TrimSpace                             
20010f9f  UARTCharGetNonBlocking                
20010f63  UARTCharPut                           
2001115b  UARTCharsAvail                        
2000f711  UARTConfigSetExpClk                   
20010a1d  UARTDisable                           
20010d91  UARTEnable                            
200113c3  UtilsDelay                            
20009fe5  VDeleteSimpleLinkSpawnTask            
20009f95  VStartSimpleLinkSpawnTask             
20005bb5  WlanStationMode                       
200194e0  _Denorm                               
2000e2f9  _Dnorm                                
2000d619  _Dscale                               
2000fb51  _Dunscale                             
200194f0  _Eps                                  
20019634  _Errno                                
20019628  _Fenv                                 
20010a7d  _Feraise                              
20019500  _Hugeval                              
20019510  _Inf                                  
20019520  _Nan                                  
20019540  _Rteps                                
20011a60  _SlAcceptCmdCtrl                      
200119e0  _SlActionLookupTable                  
2000e5ed  _SlAsyncEventGenericHandler           
20011b3c  _SlDeviceGetCmdCtrl                   
20011b40  _SlDeviceSetCmdCtrl                   
20010309  _SlDrvBasicCmd                        
2000def9  _SlDrvClassifyRxMsg                   
2000f331  _SlDrvCmdOp                           
2000f86d  _SlDrvCmdSend                         
2000d2cd  _SlDrvDataReadOp                      
2000d939  _SlDrvDataWriteOp                     
20010a4d  _SlDrvDeviceEventHandler              
2000dc39  _SlDrvDriverCBDeinit                  
2000c72d  _SlDrvDriverCBInit                    
20011275  _SlDrvMemZero                         
20009731  _SlDrvMsgRead                         
2000e3b9  _SlDrvMsgReadCmdCtx                   
2000e949  _SlDrvMsgReadSpawnCtx                 
2000beed  _SlDrvMsgWrite                        
2000da3d  _SlDrvNetAppEventHandler              
20010fbb  _SlDrvObjLockWaitForever              
20011173  _SlDrvObjUnLock                       
200100f9  _SlDrvProtectAsyncRespSetting         
20010db5  _SlDrvProtectionObjLockWaitForever    
20010ee9  _SlDrvProtectionObjUnLock             
2000bd1d  _SlDrvReleasePoolObj                  
2001135d  _SlDrvResetCmdExt                     
2000b061  _SlDrvRxHdrRead                       
20010145  _SlDrvRxIrqHandler                    
2001118b  _SlDrvSyncObjSignal                   
20010fd7  _SlDrvSyncObjWaitForever              
2000c425  _SlDrvWaitForPoolObj                  
20011b38  _SlEventMaskGetCmdCtrl                
20011b34  _SlEventMaskSetCmdCtrl                
2000c8a1  _SlFindAndSetActiveObj                
20011ac0  _SlGetHostByNameCtrl                  
20011abc  _SlGetHostByServiceCtrl               
20011ab4  _SlGetServiceListeCtrl                
20011a6c  _SlGetSockOptCmdCtrl                  
20011a5c  _SlListenCmdCtrl                      
20011acc  _SlNetAppGetCmdCtrl                   
20011ac8  _SlNetAppSendTokenValueCmdCtrl        
20011ac4  _SlNetAppSetCmdCtrl                   
20011aac  _SlNetAppStartCtrl                    
20011ab0  _SlNetAppStopCtrl                     
20011b70  _SlNetCfgGetCmdCtrl                   
20011b6c  _SlNetCfgSetCmdCtrl                   
20011b44  _SlPayloadByProtocolLUT               
200119a6  _SlPolicyGetCmdCtrl                   
200119a2  _SlPolicySetCmdCtrl                   
200119ae  _SlProfileDelCmdCtrl                  
200119aa  _SlProfileGetCmdCtrl                  
20011a64  _SlRecvCmdCtrl                        
20011a54  _SlRecvfomCmdCtrl                     
20011ab8  _SlRegisterServiceCtrl                
2000e239  _SlRemoveFromList                     
200119b6  _SlRxFilterAddtCmdCtrl                
200119be  _SlRxFilterGetCmdCtrl                 
200119ba  _SlRxFilterSetCmdCtrl                 
20011a70  _SlSelectCmdCtrl                      
20011a58  _SlSendCmdCtrl                        
20011a68  _SlSetSockOptCmdCtrl                  
200119c2  _SlSmartConfigStartCmdCtrl            
20011a50  _SlSockCloseCmdCtrl                   
20011a4c  _SlSockSocketCmdCtrl                  
20011b30  _SlStopCmdCtrl                        
200119ce  _SlWlanCfgGetCmdCtrl                  
200119ca  _SlWlanCfgSetCmdCtrl                  
200119b2  _SlWlanGetNetworkListCtrl             
200119c6  _SlWlanSetModeCmdCtrl                 
20019530  _Snan                                 
2001962c  _Tls_setup__Fenv                      
20019550  _Xbig                                 
20019558  _Zero                                 
20030000  __STACK_END                           
00001000  __STACK_SIZE                          
00002000  __SYSMEM_SIZE                         
20011c18  __TI_CINIT_Base                       
20011c28  __TI_CINIT_Limit                      
20011c04  __TI_Handler_Table_Base               
20011c10  __TI_Handler_Table_Limit              
2000f8d9  __TI_auto_init                        
20019620  __TI_cleanup_ptr                      
2001136b  __TI_decompress_none                  
200113c9  __TI_decompress_rle24                 
20019624  __TI_dtors_ptr                        
20007ffb  __TI_printfi                          
20009281  __TI_scanfi                           
20011b78  __TI_static_base__                    
200113a1  __TI_zero_init                        
2000f099  __aeabi_cdcmpeq                       
2000f099  __aeabi_cdcmple                       
2000f11f  __aeabi_cdrcmple                      
2000fc81  __aeabi_cfrcmple                      
2000f7fd  __aeabi_d2f                           
20010351  __aeabi_d2iz                          
2000c0c3  __aeabi_dadd                          
2000ce01  __aeabi_ddiv                          
2000db3b  __aeabi_dmul                          
2000c0b9  __aeabi_dsub                          
20010809  __aeabi_f2d                           
20010841  __aeabi_f2iz                          
200109b9  __aeabi_f2uiz                         
2000ebb1  __aeabi_fdiv                          
2000f52d  __aeabi_fmul                          
20010b3d  __aeabi_i2d                           
2000bb37  __aeabi_ldiv0                         
2000b725  __aeabi_ldivmod                       
200111d5  __aeabi_lmul                          
2000f5a7  __aeabi_memclr                        
2000f5a7  __aeabi_memclr4                       
2000f5a7  __aeabi_memclr8                       
2000e9e5  __aeabi_memcpy                        
2000e9e5  __aeabi_memcpy4                       
2000e9e5  __aeabi_memcpy8                       
2000f5a9  __aeabi_memset                        
2000f5a9  __aeabi_memset4                       
2000f5a9  __aeabi_memset8                       
2000b943  __aeabi_uldivmod                      
ffffffff  __binit__                             
ffffffff  __c_args__                            
2002f000  __stack                               
200111bd  _args_main                            
200106a9  _c_int00                              
200113d8  _ctypes_                              
20019618  _lock                                 
200112eb  _nop                                  
200112e3  _register_lock                        
200112dd  _register_unlock                      
20010191  _sl_BuildAddress                      
200111a5  _sl_GetStartResponseConvert           
2000fce1  _sl_HandleAsync_Accept                
2000f621  _sl_HandleAsync_Connect               
2000ed5d  _sl_HandleAsync_DnsGetHostByName      
2000e171  _sl_HandleAsync_DnsGetHostByService   
2000f4b1  _sl_HandleAsync_InitComplete          
2000ede9  _sl_HandleAsync_PingResponse          
2000ff61  _sl_HandleAsync_Select                
2001005d  _sl_HandleAsync_Stop                  
2000f9b1  _sl_NetAppSendTokenValue              
2001066d  _sl_TruncatePayloadByProtocol         
20017000  _sys_memory                           
200113cf  _system_pre_init                      
2001961c  _unlock                               
200104b1  abort                                 
200101dd  atoi                                  
ffffffff  binit                                 
2000a521  calloc                                
200195c4  connect_flag                          
20010229  copy_in                               
2000c6e9  delaySec                              
20004961  detectObstacle                        
2000625d  eTaskGetState                         
200104b9  exit                                  
20010985  feraiseexcept                         
2000a26f  free                                  
20010e87  frexp                                 
20019614  gFirstCmdMode                         
20011a20  g_H2NCnysPattern                      
20011a18  g_H2NSyncPattern                      
200193cc  g_ServerAddr                          
200193dc  g_ServerAddr2                         
20019600  g_SpiFd                               
20019000  g_StatMem                             
20019240  g_cBsdBuf                             
200193fc  g_cDummy                              
20019400  g_fixPosFlag                          
20019404  g_forwardInfrared                     
200195bc  g_iServerSockID                       
200195c0  g_iServerSockID2                      
200195b8  g_isPause                             
20019408  g_leftInfrared                        
2001940c  g_lfInfrared                          
2001960c  g_pCB                                 
20019604  g_pHostIntHdl                         
20004000  g_pfnVectors                          
20019410  g_rfInfrared                          
20019414  g_rightInfrared                       
20019418  g_sockID                              
200193ec  g_ucConnectionBSSID                   
20019344  g_ucConnectionSSID                    
200195b0  g_ucConnectionStatus                  
20019608  g_ucDMAEnabled                        
200192a4  g_ucDinDout                           
2001942d  g_ucLED1Pin                           
2001942e  g_ucLED2Pin                           
2001942f  g_ucLED3Pin                           
200195b1  g_ucSimplelinkstarted                 
200195dc  g_uiLED1Port                          
200195e0  g_uiLED2Port                          
200195e4  g_uiLED3Port                          
200195a8  g_uiPort2Num                          
200195a4  g_uiPortNum                           
200195a0  g_ulDestinationIp                     
2001959c  g_ulGatewayIP                         
200195b4  g_ulIpAddr                            
200195ac  g_ulPacketCount                       
20019598  g_ulPingPacketsRecv                   
20019594  g_ulStatus                            
20004669  initInfrared                          
2000c6e3  isMoving                              
20010399  ldexp                                 
2000ffb5  ltoa                                  
20005d39  main                                  
20019638  main_func_sp                          
2000a207  malloc                                
2000a0e9  mem_Free                              
2000a0dd  mem_Malloc                            
2000a109  mem_copy                              
2000a0f5  mem_set                               
2000a43d  memalign                              
20010ff3  memccpy                               
2000e9e5  memcpy                                
20010dd9  memmove                               
2000f5af  memset                                
2000a179  minit                                 
2001941c  moveState                             
20019420  os_m                                  
2000a15f  osi_ContextRestore                    
2000a15d  osi_ContextSave                       
2000a11d  osi_EnterCritical                     
2000a127  osi_ExitCritical                      
20009d43  osi_InterruptDeRegister               
20009d1d  osi_InterruptRegister                 
20009e4d  osi_LockObjCreate                     
20009ec1  osi_LockObjDelete                     
20009ed1  osi_LockObjLock                       
20009efd  osi_LockObjUnlock                     
2000a011  osi_MsgQCreate                        
2000a055  osi_MsgQDelete                        
2000a0a1  osi_MsgQRead                          
2000a06f  osi_MsgQWrite                         
2000a139  osi_Sleep                             
20009f27  osi_Spawn                             
20009e2b  osi_SyncObjClear                      
20009d55  osi_SyncObjCreate                     
20009d85  osi_SyncObjDelete                     
20009d9f  osi_SyncObjSignal                     
20009dc7  osi_SyncObjSignalFromISR              
20009dff  osi_SyncObjWait                       
20009e73  osi_TaskCreate                        
20009eb3  osi_TaskDelete                        
2000a149  osi_TaskDisable                       
2000a153  osi_TaskEnable                        
2000a131  osi_start                             
20019610  pPingCallBackFunc                     
20006781  pcTaskGetTaskName                     
2000e5e5  portCLZ                               
2000e5cd  prvPortStartFirstTask                 
200107d1  pvPortMalloc                          
20019560  pxCurrentTCB                          
2000d509  pxPortInitialiseStack                 
20010b6b  raise                                 
2000a331  realloc                               
20004681  renewInfrared                         
20010575  signal                                
2000ccc9  sl_Accept                             
2000f011  sl_Bind                               
20010aad  sl_Close                              
2000d729  sl_Connect                            
2000ea81  sl_DevGet                             
200104f1  sl_Htonl                              
200106e5  sl_Htons                              
20010721  sl_Listen                             
2000e6a5  sl_NetAppMDNSRegisterUnregisterService
200108e5  sl_NetAppMDNSUnRegisterService        
2000fa19  sl_NetCfgSet                          
2000f789  sl_Recv                               
2000d831  sl_Send                               
2000fa81  sl_SetSockOpt                         
2000fe01  sl_Socket                             
2000e475  sl_Start                              
2000dfd1  sl_Stop                               
2000b2a9  sl_WlanConnect                        
200113ad  sl_WlanDisconnect                     
2000fda1  sl_WlanPolicySet                      
20010add  sl_WlanProfileDel                     
20010009  sl_WlanRxFilterSet                    
2000fae9  sl_WlanSet                            
20010b0d  sl_WlanSetMode                        
2000f699  spi_Close                             
2000cb7d  spi_Open                              
2000de1d  spi_Read                              
2000ee75  spi_Write                             
2000fd41  sprintf                               
2000e0b7  sscanf                                
2001128b  strchr                                
200111ed  strcmp                                
200112f1  strcpy                                
20010dfd  strcspn                               
20011305  strlen                                
20011205  strrchr                               
20010cf1  strspn                                
2000b4ed  strtod                                
200105b5  strtok                                
2000d06d  strtol                                
2000b4ed  strtold                               
2000bb39  strtoll                               
2000d3f5  strtoul                               
2000ca11  strtoull                              
20010275  uDMAChannelAssign                     
2000fbb9  uDMAChannelAttributeDisable           
2000fc1d  uDMAChannelAttributeEnable            
2001075d  uDMAChannelControlSet                 
20011011  uDMAChannelEnable                     
2000dd2d  uDMAChannelTransferSet                
20008a85  ucQueueGetQueueType                   
2000e535  ulPortSetInterruptMask                
2000d283  uxListRemove                          
20008a65  uxQueueGetQueueNumber                 
200089f9  uxQueueMessagesWaiting                
20008a2f  uxQueueMessagesWaitingFromISR         
20008a0f  uxQueueSpacesAvailable                
20006775  uxTaskGetNumberOfTasks                
200067a5  uxTaskGetSystemState                  
20006c95  uxTaskGetTaskNumber                   
200062f1  uxTaskPriorityGet                     
200071ed  uxTaskResetEventItemValue             
20004431  vApplicationIdleHook                  
20004433  vApplicationMallocFailedHook          
20004435  vApplicationStackOverflowHook         
20004427  vAssertCalled                         
2000d1a1  vListInitialise                       
2000d1d1  vListInitialiseItem                   
2000d21d  vListInsert                           
2000d1e1  vListInsertEnd                        
2000e54b  vPortClearInterruptMask               
2000d585  vPortEndScheduler                     
2000d599  vPortEnterCritical                    
2000d5b1  vPortExitCritical                     
200107f1  vPortFree                             
2000e5a5  vPortSVCHandler                       
2000d5e5  vPortSetupTimerInterrupt              
2000d587  vPortYield                            
20008c9f  vQueueAddToRegistry                   
20008a41  vQueueDelete                          
20008a73  vQueueSetQueueNumber                  
20008ce1  vQueueUnregisterQueue                 
20006207  vTaskDelay                            
2000616b  vTaskDelayUntil                       
200060db  vTaskDelete                           
20006659  vTaskEndScheduler                     
20006c87  vTaskMissedYield                      
20006a1d  vTaskPlaceOnEventList                 
20006a81  vTaskPlaceOnUnorderedEventList        
20007163  vTaskPriorityDisinherit               
200070a9  vTaskPriorityInherit                  
20006329  vTaskPrioritySet                      
20006521  vTaskResume                           
20006cb5  vTaskSetTaskNumber                    
20006be7  vTaskSetTimeOutState                  
2000660f  vTaskStartScheduler                   
2000642d  vTaskSuspend                          
2000666b  vTaskSuspendAll                       
2000699d  vTaskSwitchContext                    
2000ef89  vsnprintf                             
2000e0a5  vsscanf                               
20004401  wait_ms                               
200195e8  xHigherPriorityTaskWoken              
2000e559  xPortPendSVHandler                    
2000d559  xPortStartScheduler                   
2000d5c9  xPortSysTickHandler                   
20008d2f  xQueueAddToSet                        
20008661  xQueueAltGenericReceive               
200085b5  xQueueAltGenericSend                  
20008489  xQueueCreateCountingSemaphore         
2000840b  xQueueCreateMutex                     
20008d1b  xQueueCreateSet                       
20008395  xQueueGenericCreate                   
200087fb  xQueueGenericReceive                  
20008305  xQueueGenericReset                    
200084a9  xQueueGenericSend                     
2000875f  xQueueGenericSendFromISR              
20008c3b  xQueueIsQueueEmptyFromISR             
20008c7d  xQueueIsQueueFullFromISR              
200089b5  xQueuePeekFromISR                     
2000893d  xQueueReceiveFromISR                  
200192f4  xQueueRegistry                        
20008d63  xQueueRemoveFromSet                   
20008da5  xQueueSelectFromSet                   
20008dbf  xQueueSelectFromSetFromISR            
200195ec  xSimpleLinkSpawnQueue                 
200195f0  xSimpleLinkSpawnTaskHndl              
20006c0d  xTaskCheckForTimeOut                  
20005fcd  xTaskGenericCreate                    
2000705d  xTaskGetCurrentTaskHandle             
20006863  xTaskGetIdleTaskHandle                
20007071  xTaskGetSchedulerState                
20006749  xTaskGetTickCount                     
2000675d  xTaskGetTickCountFromISR              
20006881  xTaskIncrementTick                    
20006af1  xTaskRemoveFromEventList              
20006b79  xTaskRemoveFromUnorderedEventList     
2000667d  xTaskResumeAll                        
20006595  xTaskResumeFromISR                    


GLOBAL SYMBOLS: SORTED BY Symbol Address 

address   name                                  
-------   ----                                  
00001000  __STACK_SIZE                          
00002000  __SYSMEM_SIZE                         
20004000  g_pfnVectors                          
20004401  wait_ms                               
20004427  vAssertCalled                         
20004431  vApplicationIdleHook                  
20004433  vApplicationMallocFailedHook          
20004435  vApplicationStackOverflowHook         
2000443f  SimpleLinkWlanEventHandler            
20004547  SimpleLinkNetAppEventHandler          
200045dd  SimpleLinkHttpServerCallback          
20004605  SimpleLinkGeneralEventHandler         
2000461b  SimpleLinkSockEventHandler            
20004669  initInfrared                          
20004681  renewInfrared                         
20004961  detectObstacle                        
20004bf5  SendThread                            
20004c59  InitTcpServer                         
20004cc1  BsdTcpClient                          
20004d85  BsdTcpServer                          
20004f3d  BsdTcpServer2                         
200050ed  RecvCtrlMsg                           
20005a55  IpAddressParser                       
20005bb5  WlanStationMode                       
20005c7d  RotateAngle                           
20005d39  main                                  
20005fcd  xTaskGenericCreate                    
200060db  vTaskDelete                           
2000616b  vTaskDelayUntil                       
20006207  vTaskDelay                            
2000625d  eTaskGetState                         
200062f1  uxTaskPriorityGet                     
20006329  vTaskPrioritySet                      
2000642d  vTaskSuspend                          
20006521  vTaskResume                           
20006595  xTaskResumeFromISR                    
2000660f  vTaskStartScheduler                   
20006659  vTaskEndScheduler                     
2000666b  vTaskSuspendAll                       
2000667d  xTaskResumeAll                        
20006749  xTaskGetTickCount                     
2000675d  xTaskGetTickCountFromISR              
20006775  uxTaskGetNumberOfTasks                
20006781  pcTaskGetTaskName                     
200067a5  uxTaskGetSystemState                  
20006863  xTaskGetIdleTaskHandle                
20006881  xTaskIncrementTick                    
2000699d  vTaskSwitchContext                    
20006a1d  vTaskPlaceOnEventList                 
20006a81  vTaskPlaceOnUnorderedEventList        
20006af1  xTaskRemoveFromEventList              
20006b79  xTaskRemoveFromUnorderedEventList     
20006be7  vTaskSetTimeOutState                  
20006c0d  xTaskCheckForTimeOut                  
20006c87  vTaskMissedYield                      
20006c95  uxTaskGetTaskNumber                   
20006cb5  vTaskSetTaskNumber                    
2000705d  xTaskGetCurrentTaskHandle             
20007071  xTaskGetSchedulerState                
200070a9  vTaskPriorityInherit                  
20007163  vTaskPriorityDisinherit               
200071ed  uxTaskResetEventItemValue             
20007ffb  __TI_printfi                          
20008305  xQueueGenericReset                    
20008395  xQueueGenericCreate                   
2000840b  xQueueCreateMutex                     
20008489  xQueueCreateCountingSemaphore         
200084a9  xQueueGenericSend                     
200085b5  xQueueAltGenericSend                  
20008661  xQueueAltGenericReceive               
2000875f  xQueueGenericSendFromISR              
200087fb  xQueueGenericReceive                  
2000893d  xQueueReceiveFromISR                  
200089b5  xQueuePeekFromISR                     
200089f9  uxQueueMessagesWaiting                
20008a0f  uxQueueSpacesAvailable                
20008a2f  uxQueueMessagesWaitingFromISR         
20008a41  vQueueDelete                          
20008a65  uxQueueGetQueueNumber                 
20008a73  vQueueSetQueueNumber                  
20008a85  ucQueueGetQueueType                   
20008c3b  xQueueIsQueueEmptyFromISR             
20008c7d  xQueueIsQueueFullFromISR              
20008c9f  vQueueAddToRegistry                   
20008ce1  vQueueUnregisterQueue                 
20008d1b  xQueueCreateSet                       
20008d2f  xQueueAddToSet                        
20008d63  xQueueRemoveFromSet                   
20008da5  xQueueSelectFromSet                   
20008dbf  xQueueSelectFromSetFromISR            
20009281  __TI_scanfi                           
20009731  _SlDrvMsgRead                         
20009d1d  osi_InterruptRegister                 
20009d43  osi_InterruptDeRegister               
20009d55  osi_SyncObjCreate                     
20009d85  osi_SyncObjDelete                     
20009d9f  osi_SyncObjSignal                     
20009dc7  osi_SyncObjSignalFromISR              
20009dff  osi_SyncObjWait                       
20009e2b  osi_SyncObjClear                      
20009e4d  osi_LockObjCreate                     
20009e73  osi_TaskCreate                        
20009eb3  osi_TaskDelete                        
20009ec1  osi_LockObjDelete                     
20009ed1  osi_LockObjLock                       
20009efd  osi_LockObjUnlock                     
20009f27  osi_Spawn                             
20009f95  VStartSimpleLinkSpawnTask             
20009fe5  VDeleteSimpleLinkSpawnTask            
2000a011  osi_MsgQCreate                        
2000a055  osi_MsgQDelete                        
2000a06f  osi_MsgQWrite                         
2000a0a1  osi_MsgQRead                          
2000a0dd  mem_Malloc                            
2000a0e9  mem_Free                              
2000a0f5  mem_set                               
2000a109  mem_copy                              
2000a11d  osi_EnterCritical                     
2000a127  osi_ExitCritical                      
2000a131  osi_start                             
2000a139  osi_Sleep                             
2000a149  osi_TaskDisable                       
2000a153  osi_TaskEnable                        
2000a15d  osi_ContextSave                       
2000a15f  osi_ContextRestore                    
2000a179  minit                                 
2000a207  malloc                                
2000a26f  free                                  
2000a331  realloc                               
2000a43d  memalign                              
2000a521  calloc                                
2000a591  GPIO_IF_LedConfigure                  
2000a5cf  GPIO_IF_LedOn                         
2000a683  GPIO_IF_LedOff                        
2000a737  GPIO_IF_LedStatus                     
2000a7a1  GPIO_IF_LedToggle                     
2000a7cf  GPIO_IF_GetPortNPin                   
2000a815  GPIO_IF_ConfigureNIntEnable           
2000a857  GPIO_IF_Set                           
2000a891  GPIO_IF_Get                           
2000a95d  I2C_IF_Write                          
2000aa13  I2C_IF_Read                           
2000aacf  I2C_IF_ReadFrom                       
2000ab19  I2C_IF_Open                           
2000ab61  I2C_IF_Close                          
2000ab79  InitTerm                              
2000ab97  Message                               
2000abb9  ClearTerm                             
2000abc3  Error                                 
2000abfb  GetCmd                                
2000acb1  TrimSpace                             
2000ad49  Report                                
2000ae09  SetFrequencyOfTimers                  
2000af27  SetDirection                          
2000af57  ConfigureDir                          
2000afdf  ConfigureFrq                          
2000b029  InitRotate                            
2000b061  _SlDrvRxHdrRead                       
2000b2a9  sl_WlanConnect                        
2000b4ed  strtod                                
2000b4ed  strtold                               
2000b725  __aeabi_ldivmod                       
2000b943  __aeabi_uldivmod                      
2000bb37  __aeabi_ldiv0                         
2000bb39  strtoll                               
2000bd1d  _SlDrvReleasePoolObj                  
2000beed  _SlDrvMsgWrite                        
2000c0b9  __aeabi_dsub                          
2000c0c3  __aeabi_dadd                          
2000c271  PinMuxConfig                          
2000c425  _SlDrvWaitForPoolObj                  
2000c5b5  Rotate                                
2000c5fb  Left                                  
2000c627  Right                                 
2000c653  Forward                               
2000c67f  Backward                              
2000c6ab  Pause                                 
2000c6c7  SetOs                                 
2000c6e3  isMoving                              
2000c6e9  delaySec                              
2000c72d  _SlDrvDriverCBInit                    
2000c8a1  _SlFindAndSetActiveObj                
2000ca11  strtoull                              
2000cb7d  spi_Open                              
2000ccc9  sl_Accept                             
2000ce01  __aeabi_ddiv                          
2000cf39  PRCMCC3200MCUInit                     
2000d06d  strtol                                
2000d1a1  vListInitialise                       
2000d1d1  vListInitialiseItem                   
2000d1e1  vListInsertEnd                        
2000d21d  vListInsert                           
2000d283  uxListRemove                          
2000d2cd  _SlDrvDataReadOp                      
2000d3f5  strtoul                               
2000d509  pxPortInitialiseStack                 
2000d559  xPortStartScheduler                   
2000d585  vPortEndScheduler                     
2000d587  vPortYield                            
2000d599  vPortEnterCritical                    
2000d5b1  vPortExitCritical                     
2000d5c9  xPortSysTickHandler                   
2000d5e5  vPortSetupTimerInterrupt              
2000d619  _Dscale                               
2000d729  sl_Connect                            
2000d831  sl_Send                               
2000d939  _SlDrvDataWriteOp                     
2000da3d  _SlDrvNetAppEventHandler              
2000db3b  __aeabi_dmul                          
2000dc39  _SlDrvDriverCBDeinit                  
2000dd2d  uDMAChannelTransferSet                
2000de1d  spi_Read                              
2000def9  _SlDrvClassifyRxMsg                   
2000dfd1  sl_Stop                               
2000e0a5  vsscanf                               
2000e0b7  sscanf                                
2000e171  _sl_HandleAsync_DnsGetHostByService   
2000e239  _SlRemoveFromList                     
2000e2f9  _Dnorm                                
2000e3b9  _SlDrvMsgReadCmdCtx                   
2000e475  sl_Start                              
2000e535  ulPortSetInterruptMask                
2000e54b  vPortClearInterruptMask               
2000e559  xPortPendSVHandler                    
2000e5a5  vPortSVCHandler                       
2000e5cd  prvPortStartFirstTask                 
2000e5e5  portCLZ                               
2000e5ed  _SlAsyncEventGenericHandler           
2000e6a5  sl_NetAppMDNSRegisterUnregisterService
2000e759  IntDisable                            
2000e801  IntEnable                             
2000e8a9  SPIConfigSetExpClk                    
2000e949  _SlDrvMsgReadSpawnCtx                 
2000e9e5  __aeabi_memcpy                        
2000e9e5  __aeabi_memcpy4                       
2000e9e5  __aeabi_memcpy8                       
2000e9e5  memcpy                                
2000ea81  sl_DevGet                             
2000eb1d  PRCMPeripheralClockGet                
2000ebb1  __aeabi_fdiv                          
2000ed5d  _sl_HandleAsync_DnsGetHostByName      
2000ede9  _sl_HandleAsync_PingResponse          
2000ee75  spi_Write                             
2000ef01  PinConfigSet                          
2000ef89  vsnprintf                             
2000f011  sl_Bind                               
2000f099  __aeabi_cdcmpeq                       
2000f099  __aeabi_cdcmple                       
2000f11f  __aeabi_cdrcmple                      
2000f1a5  I2CMasterInitExpClk                   
2000f229  NwpPowerOnPreamble                    
2000f2ad  GPIOIntTypeSet                        
2000f331  _SlDrvCmdOp                           
2000f4b1  _sl_HandleAsync_InitComplete          
2000f52d  __aeabi_fmul                          
2000f5a7  __aeabi_memclr                        
2000f5a7  __aeabi_memclr4                       
2000f5a7  __aeabi_memclr8                       
2000f5a9  __aeabi_memset                        
2000f5a9  __aeabi_memset4                       
2000f5a9  __aeabi_memset8                       
2000f5af  memset                                
2000f621  _sl_HandleAsync_Connect               
2000f699  spi_Close                             
2000f711  UARTConfigSetExpClk                   
2000f789  sl_Recv                               
2000f7fd  __aeabi_d2f                           
2000f86d  _SlDrvCmdSend                         
2000f8d9  __TI_auto_init                        
2000f9b1  _sl_NetAppSendTokenValue              
2000fa19  sl_NetCfgSet                          
2000fa81  sl_SetSockOpt                         
2000fae9  sl_WlanSet                            
2000fb51  _Dunscale                             
2000fbb9  uDMAChannelAttributeDisable           
2000fc1d  uDMAChannelAttributeEnable            
2000fc81  __aeabi_cfrcmple                      
2000fce1  _sl_HandleAsync_Accept                
2000fd41  sprintf                               
2000fda1  sl_WlanPolicySet                      
2000fe01  sl_Socket                             
2000fe5d  IntPendClear                          
2000feb5  PRCMPeripheralReset                   
2000ff0d  IntPrioritySet                        
2000ff61  _sl_HandleAsync_Select                
2000ffb5  ltoa                                  
20010009  sl_WlanRxFilterSet                    
2001005d  _sl_HandleAsync_Stop                  
200100ad  SPIIntEnable                          
200100f9  _SlDrvProtectAsyncRespSetting         
20010145  _SlDrvRxIrqHandler                    
20010191  _sl_BuildAddress                      
200101dd  atoi                                  
20010229  copy_in                               
20010275  uDMAChannelAssign                     
200102c1  SPIIntClear                           
20010309  _SlDrvBasicCmd                        
20010351  __aeabi_d2iz                          
20010399  ldexp                                 
20010425  TimerConfigure                        
200104ad  C$$EXIT                               
200104b1  abort                                 
200104b9  exit                                  
200104f1  sl_Htonl                              
20010535  PinModeSet                            
20010575  signal                                
200105b5  strtok                                
200105f5  CopyPingResultsToReport               
20010631  PRCMPeripheralClkEnable               
2001066d  _sl_TruncatePayloadByProtocol         
200106a9  _c_int00                              
200106e5  sl_Htons                              
20010721  sl_Listen                             
2001075d  uDMAChannelControlSet                 
20010799  NwpPowerOff                           
200107d1  pvPortMalloc                          
200107f1  vPortFree                             
20010809  __aeabi_f2d                           
20010841  __aeabi_f2iz                          
20010879  GPIODirModeSet                        
200108af  TimerControlLevel                     
200108e5  sl_NetAppMDNSUnRegisterService        
2001091d  PRCMPeripheralStatusGet               
20010951  SPIFIFOLevelSet                       
20010985  feraiseexcept                         
200109b9  __aeabi_f2uiz                         
200109ed  PinTypeGPIO                           
20010a1d  UARTDisable                           
20010a4d  _SlDrvDeviceEventHandler              
20010a7d  _Feraise                              
20010aad  sl_Close                              
20010add  sl_WlanProfileDel                     
20010b0d  sl_WlanSetMode                        
20010b3d  __aeabi_i2d                           
20010b6b  raise                                 
20010b99  DmaSpiSwIntHandler                    
20010bc5  I2CMasterErr                          
20010bf1  NwpPowerOn                            
20010c1d  PRCMSysResetCauseGet                  
20010c49  TimerLoadSet                          
20010c73  TimerMatchSet                         
20010c9d  TimerPrescaleMatchSet                 
20010cc7  TimerPrescaleSet                      
20010cf1  strspn                                
20010d1d  PRCMPeripheralClkDisable              
20010d45  NwpRegisterInterruptHandler           
20010d6d  IntUnregister                         
20010d91  UARTEnable                            
20010db5  _SlDrvProtectionObjLockWaitForever    
20010dd9  memmove                               
20010dfd  strcspn                               
20010e21  I2CMasterSlaveAddrSet                 
20010e43  SPIReset                              
20010e65  SPIWordCountSet                       
20010e87  frexp                                 
20010ea9  GPIOPinWrite                          
20010ec9  IntRegister                           
20010ee9  _SlDrvProtectionObjUnLock             
20010f09  I2CMasterIntStatusEx                  
20010f27  TimerDisable                          
20010f45  TimerEnable                           
20010f63  UARTCharPut                           
20010f9f  UARTCharGetNonBlocking                
20010fbb  _SlDrvObjLockWaitForever              
20010fd7  _SlDrvSyncObjWaitForever              
20010ff3  memccpy                               
20011011  uDMAChannelEnable                     
2001102d  GPIOIntEnable                         
20011047  PinTypeTimer                          
20011061  PinTypeUART                           
2001107b  SPIDmaDisable                         
20011095  SPIDmaEnable                          
200110af  SPIFIFODisable                        
200110c9  SPIFIFOEnable                         
200110e3  GPIOPinRead                           
200110fb  SPICSDisable                          
20011113  SPICSEnable                           
2001112b  SPIDisable                            
20011143  SPIEnable                             
2001115b  UARTCharsAvail                        
20011173  _SlDrvObjUnLock                       
2001118b  _SlDrvSyncObjSignal                   
200111a5  _sl_GetStartResponseConvert           
200111bd  _args_main                            
200111d5  __aeabi_lmul                          
200111ed  strcmp                                
20011205  strrchr                               
2001121d  I2CMasterDataPut                      
20011233  I2CMasterEnable                       
20011249  PRCMHIBRegRead                        
2001125f  PRCMHIBRegWrite                       
20011275  _SlDrvMemZero                         
2001128b  strchr                                
200112a1  CPUcpsie                              
200112b5  GPIOIntClear                          
200112c9  IntVTableBaseSet                      
200112dd  _register_unlock                      
200112e3  _register_lock                        
200112eb  _nop                                  
200112f1  strcpy                                
20011305  strlen                                
20011319  I2CMasterControl                      
2001132b  I2CMasterIntClearEx                   
2001133d  I2CMasterTimeoutSet                   
2001134f  I2CMasterDataGet                      
2001135d  _SlDrvResetCmdExt                     
2001136b  __TI_decompress_none                  
20011379  ResetISR                              
20011389  NwpMaskInterrupt                      
20011395  NwpUnMaskInterrupt                    
200113a1  __TI_zero_init                        
200113ad  sl_WlanDisconnect                     
200113b9  IntMasterEnable                       
200113c3  UtilsDelay                            
200113c9  __TI_decompress_rle24                 
200113cf  _system_pre_init                      
200113d8  _ctypes_                              
20011966  OpcodeTranslateTable                  
200119a2  _SlPolicySetCmdCtrl                   
200119a6  _SlPolicyGetCmdCtrl                   
200119aa  _SlProfileGetCmdCtrl                  
200119ae  _SlProfileDelCmdCtrl                  
200119b2  _SlWlanGetNetworkListCtrl             
200119b6  _SlRxFilterAddtCmdCtrl                
200119ba  _SlRxFilterSetCmdCtrl                 
200119be  _SlRxFilterGetCmdCtrl                 
200119c2  _SlSmartConfigStartCmdCtrl            
200119c6  _SlWlanSetModeCmdCtrl                 
200119ca  _SlWlanCfgSetCmdCtrl                  
200119ce  _SlWlanCfgGetCmdCtrl                  
200119e0  _SlActionLookupTable                  
20011a18  g_H2NSyncPattern                      
20011a20  g_H2NCnysPattern                      
20011a28  RxMsgClassLUT                         
20011a4c  _SlSockSocketCmdCtrl                  
20011a50  _SlSockCloseCmdCtrl                   
20011a54  _SlRecvfomCmdCtrl                     
20011a58  _SlSendCmdCtrl                        
20011a5c  _SlListenCmdCtrl                      
20011a60  _SlAcceptCmdCtrl                      
20011a64  _SlRecvCmdCtrl                        
20011a68  _SlSetSockOptCmdCtrl                  
20011a6c  _SlGetSockOptCmdCtrl                  
20011a70  _SlSelectCmdCtrl                      
20011aac  _SlNetAppStartCtrl                    
20011ab0  _SlNetAppStopCtrl                     
20011ab4  _SlGetServiceListeCtrl                
20011ab8  _SlRegisterServiceCtrl                
20011abc  _SlGetHostByServiceCtrl               
20011ac0  _SlGetHostByNameCtrl                  
20011ac4  _SlNetAppSetCmdCtrl                   
20011ac8  _SlNetAppSendTokenValueCmdCtrl        
20011acc  _SlNetAppGetCmdCtrl                   
20011b30  _SlStopCmdCtrl                        
20011b34  _SlEventMaskSetCmdCtrl                
20011b38  _SlEventMaskGetCmdCtrl                
20011b3c  _SlDeviceGetCmdCtrl                   
20011b40  _SlDeviceSetCmdCtrl                   
20011b44  _SlPayloadByProtocolLUT               
20011b64  StartResponseLUT                      
20011b6c  _SlNetCfgSetCmdCtrl                   
20011b70  _SlNetCfgGetCmdCtrl                   
20011b78  __TI_static_base__                    
20011c04  __TI_Handler_Table_Base               
20011c10  __TI_Handler_Table_Limit              
20011c18  __TI_CINIT_Base                       
20011c28  __TI_CINIT_Limit                      
20017000  _sys_memory                           
20019000  g_StatMem                             
20019240  g_cBsdBuf                             
200192a4  g_ucDinDout                           
200192f4  xQueueRegistry                        
20019344  g_ucConnectionSSID                    
200193cc  g_ServerAddr                          
200193dc  g_ServerAddr2                         
200193ec  g_ucConnectionBSSID                   
200193f4  DMAMsgQ                               
200193fc  g_cDummy                              
20019400  g_fixPosFlag                          
20019404  g_forwardInfrared                     
20019408  g_leftInfrared                        
2001940c  g_lfInfrared                          
20019410  g_rfInfrared                          
20019414  g_rightInfrared                       
20019418  g_sockID                              
2001941c  moveState                             
20019420  os_m                                  
2001942c  RxIrqCnt                              
2001942d  g_ucLED1Pin                           
2001942e  g_ucLED2Pin                           
2001942f  g_ucLED3Pin                           
200194e0  _Denorm                               
200194f0  _Eps                                  
20019500  _Hugeval                              
20019510  _Inf                                  
20019520  _Nan                                  
20019530  _Snan                                 
20019540  _Rteps                                
20019550  _Xbig                                 
20019558  _Zero                                 
20019560  pxCurrentTCB                          
20019594  g_ulStatus                            
20019598  g_ulPingPacketsRecv                   
2001959c  g_ulGatewayIP                         
200195a0  g_ulDestinationIp                     
200195a4  g_uiPortNum                           
200195a8  g_uiPort2Num                          
200195ac  g_ulPacketCount                       
200195b0  g_ucConnectionStatus                  
200195b1  g_ucSimplelinkstarted                 
200195b4  g_ulIpAddr                            
200195b8  g_isPause                             
200195bc  g_iServerSockID                       
200195c0  g_iServerSockID2                      
200195c4  connect_flag                          
200195dc  g_uiLED1Port                          
200195e0  g_uiLED2Port                          
200195e4  g_uiLED3Port                          
200195e8  xHigherPriorityTaskWoken              
200195ec  xSimpleLinkSpawnQueue                 
200195f0  xSimpleLinkSpawnTaskHndl              
20019600  g_SpiFd                               
20019604  g_pHostIntHdl                         
20019608  g_ucDMAEnabled                        
2001960c  g_pCB                                 
20019610  pPingCallBackFunc                     
20019614  gFirstCmdMode                         
20019618  _lock                                 
2001961c  _unlock                               
20019620  __TI_cleanup_ptr                      
20019624  __TI_dtors_ptr                        
20019628  _Fenv                                 
2001962c  _Tls_setup__Fenv                      
20019634  _Errno                                
20019638  main_func_sp                          
2002f000  __stack                               
20030000  __STACK_END                           
ffffffff  __binit__                             
ffffffff  __c_args__                            
ffffffff  binit                                 
UNDEFED   SHT$$INIT_ARRAY$$Base                 
UNDEFED   SHT$$INIT_ARRAY$$Limit                

[542 symbols]
