******************************************************************************
                  TI ARM Linker PC v5.2.5                      
******************************************************************************
>> Linked Mon Dec 14 15:41:38 2015

OUTPUT FILE NAME:   <oob.out>
ENTRY POINT SYMBOL: "_c_int00"  address: 2000f501


MEMORY CONFIGURATION

         name            origin    length      used     unused   attr    fill
----------------------  --------  ---------  --------  --------  ----  --------
  SRAM_CODE             20004000   00013000  0000c8c4  0000673c  RW X
  SRAM_DATA             20017000   00019000  0000365f  000159a1  RW X


SEGMENT ALLOCATION MAP

run origin  load origin   length   init length attrs members
----------  ----------- ---------- ----------- ----- -------
20004000    20004000    0000c8c8   0000c8c8    r-x
  20004000    20004000    00000400   00000400    r-- .intvecs
  20004400    20004400    0000bc74   0000bc74    r-x .text
  20010078    20010078    00000788   00000788    r-- .const
  20010800    20010800    000000c8   000000c8    r-- .cinit
20017000    20017000    00002660   00000000    rw-
  20017000    20017000    00002000   00000000    rw- .sysmem
  20019000    20019000    000003f7   00000000    rw- .bss
  200193f8    200193f8    00000268   00000000    rw- .data
2002f000    2002f000    00001000   00000000    rw-
  2002f000    2002f000    00001000   00000000    rw- .stack


SECTION ALLOCATION MAP

 output                                  attributes/
section   page    origin      length       input sections
--------  ----  ----------  ----------   ----------------
.intvecs   0    20004000    00000400     
                  20004000    00000400     startup_ccs.obj (.intvecs)

.init_array 
*          0    20004000    00000000     UNINITIALIZED

.text      0    20004400    0000bc74     
                  20004400    00001258     free_rtos.a : tasks.obj (.text)
                  20005658    000011ac     main.obj (.text)
                  20006804    000010a6     rtsv7M4_T_le_eabi.lib : _printfi.obj (.text)
                  200078aa    00000002     driverlib.a : interrupt.obj (.text:IntDefaultHandler)
                  200078ac    00000b24     free_rtos.a : queue.obj (.text)
                  200083d0    000005ec     simplelink.a : driver.obj (.text:_SlDrvMsgRead)
                  200089bc    00000480     rtsv7M4_T_le_eabi.lib : pow.obj (.text)
                  20008e3c    0000045c     free_rtos.a : osi_freertos.obj (.text)
                  20009298    00000434     tmp006drv.obj (.text)
                  200096cc    000003dc     rtsv7M4_T_le_eabi.lib : memory.obj (.text)
                  20009aa8    00000394     gpio_if.obj (.text)
                  20009e3c    000002e4     rtsv7M4_T_le_eabi.lib : xlog.obj (.text)
                  2000a120    00000290     i2c_if.obj (.text)
                  2000a3b0    00000290     uart_if.obj (.text)
                  2000a640    00000248     simplelink.a : driver.obj (.text:_SlDrvRxHdrRead)
                  2000a888    00000244                  : wlan.obj (.text:sl_WlanConnect)
                  2000aacc    000001fc     rtsv7M4_T_le_eabi.lib : xexp.obj (.text)
                  2000acc8    000001f4                           : ull_div_t2.obj (.text)
                  2000aebc    000001ec     bma222drv.obj (.text)
                  2000b0a8    000001d0     simplelink.a : driver.obj (.text:_SlDrvReleasePoolObj)
                  2000b278    000001cc                  : driver.obj (.text:_SlDrvMsgWrite)
                  2000b444    000001b6     rtsv7M4_T_le_eabi.lib : fd_add_t2.obj (.text)
                  2000b5fa    00000002     --HOLE-- [fill = 0]
                  2000b5fc    00000190     simplelink.a : driver.obj (.text:_SlDrvWaitForPoolObj)
                  2000b78c    00000174                  : driver.obj (.text:_SlDrvDriverCBInit)
                  2000b900    00000170                  : driver.obj (.text:_SlFindAndSetActiveObj)
                  2000ba70    0000014c                  : cc_pal.obj (.text:spi_Open)
                  2000bbbc    00000138                  : socket.obj (.text:sl_Accept)
                  2000bcf4    00000136     rtsv7M4_T_le_eabi.lib : fd_div_t2.obj (.text)
                  2000be2a    00000002     --HOLE-- [fill = 0]
                  2000be2c    00000134     driverlib.a : prcm.obj (.text:PRCMCC3200MCUInit)
                  2000bf60    0000012a     free_rtos.a : list.obj (.text)
                  2000c08a    00000002     --HOLE-- [fill = 0]
                  2000c08c    00000128     simplelink.a : driver.obj (.text:_SlDrvDataReadOp)
                  2000c1b4    00000114     rtsv7M4_T_le_eabi.lib : strtoul.obj (.text)
                  2000c2c8    00000110     free_rtos.a : port.obj (.text)
                  2000c3d8    00000110     rtsv7M4_T_le_eabi.lib : xdscale.obj (.text)
                  2000c4e8    00000108     simplelink.a : socket.obj (.text:sl_Connect)
                  2000c5f0    00000108                  : socket.obj (.text:sl_Send)
                  2000c6f8    00000104                  : driver.obj (.text:_SlDrvDataWriteOp)
                  2000c7fc    000000fe                  : netapp.obj (.text:_SlDrvNetAppEventHandler)
                  2000c8fa    000000fc     rtsv7M4_T_le_eabi.lib : fd_mul_t2.obj (.text)
                  2000c9f6    000000fa                           : fs_add_t2.obj (.text)
                  2000caf0    000000f4     simplelink.a : driver.obj (.text:_SlDrvDriverCBDeinit)
                  2000cbe4    000000f0     driverlib.a : udma.obj (.text:uDMAChannelTransferSet)
                  2000ccd4    000000dc     simplelink.a : cc_pal.obj (.text:spi_Read)
                  2000cdb0    000000d8                  : driver.obj (.text:_SlDrvClassifyRxMsg)
                  2000ce88    000000d4                  : device.obj (.text:sl_Stop)
                  2000cf5c    000000c8                  : netapp.obj (.text:_sl_HandleAsync_DnsGetHostByService)
                  2000d024    000000c0                  : driver.obj (.text:_SlRemoveFromList)
                  2000d0e4    000000c0     rtsv7M4_T_le_eabi.lib : xdint.obj (.text)
                  2000d1a4    000000be                           : xdnorm.obj (.text)
                  2000d262    00000002     --HOLE-- [fill = 0]
                  2000d264    000000bc     simplelink.a : driver.obj (.text:_SlDrvMsgReadCmdCtx)
                  2000d320    000000bc                  : device.obj (.text:sl_Start)
                  2000d3dc    000000ba     free_rtos.a : portasm.obj (.text)
                  2000d496    00000002     --HOLE-- [fill = 0]
                  2000d498    000000b8     simplelink.a : driver.obj (.text:_SlAsyncEventGenericHandler)
                  2000d550    000000b4                  : netapp.obj (.text:sl_NetAppMDNSRegisterUnregisterService)
                  2000d604    000000a8     driverlib.a : interrupt.obj (.text:IntDisable)
                  2000d6ac    000000a8                 : interrupt.obj (.text:IntEnable)
                  2000d754    000000a0                 : spi.obj (.text:SPIConfigSetExpClk)
                  2000d7f4    0000009c     simplelink.a : driver.obj (.text:_SlDrvMsgReadSpawnCtx)
                  2000d890    0000009c     rtsv7M4_T_le_eabi.lib : memcpy_t2.obj (.text)
                  2000d92c    0000009c     simplelink.a : device.obj (.text:sl_DevGet)
                  2000d9c8    00000094     driverlib.a : prcm.obj (.text:PRCMPeripheralClockGet)
                  2000da5c    00000092     rtsv7M4_T_le_eabi.lib : fs_div_t2.obj (.text)
                  2000daee    00000002     --HOLE-- [fill = 0]
                  2000daf0    0000008c     simplelink.a : cc_pal.obj (.text:SetupDMAReceive)
                  2000db7c    0000008c                  : cc_pal.obj (.text:SetupDMASend)
                  2000dc08    0000008c                  : netapp.obj (.text:_sl_HandleAsync_DnsGetHostByName)
                  2000dc94    0000008c                  : netapp.obj (.text:_sl_HandleAsync_PingResponse)
                  2000dd20    0000008c                  : cc_pal.obj (.text:spi_Write)
                  2000ddac    00000088     driverlib.a : pin.obj (.text:PinConfigSet)
                  2000de34    00000088     rtsv7M4_T_le_eabi.lib : vsnprintf.obj (.text)
                  2000debc    00000088     simplelink.a : socket.obj (.text:sl_Bind)
                  2000df44    00000086     rtsv7M4_T_le_eabi.lib : fd_cmp_t2.obj (.text:__aeabi_cdcmple)
                  2000dfca    00000086                           : fd_cmp_t2.obj (.text:__aeabi_cdrcmple)
                  2000e050    00000084     driverlib.a : i2c.obj (.text:I2CMasterInitExpClk)
                  2000e0d4    00000084     simplelink.a : cc_pal.obj (.text:NwpPowerOnPreamble)
                  2000e158    00000082     driverlib.a : gpio.obj (.text:GPIOIntTypeSet)
                  2000e1da    00000002     --HOLE-- [fill = 0]
                  2000e1dc    00000080     simplelink.a : driver.obj (.text:_SlDrvCmdOp)
                  2000e25c    00000080                  : cc_pal.obj (.text:spi_Read_CPU)
                  2000e2dc    00000080                  : cc_pal.obj (.text:spi_Write_CPU)
                  2000e35c    0000007c                  : device.obj (.text:_sl_HandleAsync_InitComplete)
                  2000e3d8    0000007a     rtsv7M4_T_le_eabi.lib : fs_mul_t2.obj (.text)
                  2000e452    0000007a                           : memset_t2.obj (.text)
                  2000e4cc    00000078     simplelink.a : socket.obj (.text:_sl_HandleAsync_Connect)
                  2000e544    00000078                  : cc_pal.obj (.text:spi_Close)
                  2000e5bc    00000076     driverlib.a : uart.obj (.text:UARTConfigSetExpClk)
                  2000e632    00000002     --HOLE-- [fill = 0]
                  2000e634    00000074     pinmux.obj (.text)
                  2000e6a8    00000074     simplelink.a : socket.obj (.text:sl_Recv)
                  2000e71c    0000006c                  : driver.obj (.text:_SlDrvCmdSend)
                  2000e788    0000006c     rtsv7M4_T_le_eabi.lib : autoinit.obj (.text)
                  2000e7f4    0000006a                           : copy_decompress_rle.obj (.text)
                  2000e85e    00000002     --HOLE-- [fill = 0]
                  2000e860    00000068     simplelink.a : netapp.obj (.text:_sl_NetAppSendTokenValue)
                  2000e8c8    00000068                  : netcfg.obj (.text:sl_NetCfgSet)
                  2000e930    00000068                  : socket.obj (.text:sl_SetSockOpt)
                  2000e998    00000068                  : wlan.obj (.text:sl_WlanSet)
                  2000ea00    00000066     rtsv7M4_T_le_eabi.lib : xdunscal.obj (.text)
                  2000ea66    00000002     --HOLE-- [fill = 0]
                  2000ea68    00000064     driverlib.a : udma.obj (.text:uDMAChannelAttributeDisable)
                  2000eacc    00000064                 : udma.obj (.text:uDMAChannelAttributeEnable)
                  2000eb30    00000060     simplelink.a : socket.obj (.text:_sl_HandleAsync_Accept)
                  2000eb90    00000060     rtsv7M4_T_le_eabi.lib : sprintf.obj (.text)
                  2000ebf0    00000060     simplelink.a : wlan.obj (.text:sl_WlanPolicySet)
                  2000ec50    0000005c                  : socket.obj (.text:sl_Socket)
                  2000ecac    00000058     driverlib.a : interrupt.obj (.text:IntPendClear)
                  2000ed04    00000058                 : prcm.obj (.text:PRCMPeripheralReset)
                  2000ed5c    00000056     rtsv7M4_T_le_eabi.lib : ltoa.obj (.text)
                  2000edb2    00000002     --HOLE-- [fill = 0]
                  2000edb4    00000054     driverlib.a : interrupt.obj (.text:IntPrioritySet)
                  2000ee08    00000054     simplelink.a : socket.obj (.text:_sl_HandleAsync_Select)
                  2000ee5c    00000054                  : wlan.obj (.text:sl_WlanRxFilterSet)
                  2000eeb0    00000050                  : device.obj (.text:_sl_HandleAsync_Stop)
                  2000ef00    0000004c     driverlib.a : spi.obj (.text:SPIIntEnable)
                  2000ef4c    0000004c     simplelink.a : driver.obj (.text:_SlDrvProtectAsyncRespSetting)
                  2000ef98    0000004c                  : driver.obj (.text:_SlDrvRxIrqHandler)
                  2000efe4    0000004c                  : socket.obj (.text:_sl_BuildAddress)
                  2000f030    0000004c     rtsv7M4_T_le_eabi.lib : atoi.obj (.text)
                  2000f07c    0000004c                           : cpy_tbl.obj (.text)
                  2000f0c8    0000004c     driverlib.a : udma.obj (.text:uDMAChannelAssign)
                  2000f114    00000048                 : spi.obj (.text:SPIIntClear)
                  2000f15c    00000048     simplelink.a : driver.obj (.text:_SlDrvBasicCmd)
                  2000f1a4    00000048     rtsv7M4_T_le_eabi.lib : fd_toi_t2.obj (.text)
                  2000f1ec    00000048                           : fd_tos_t2.obj (.text)
                  2000f234    00000046                           : ldexp.obj (.text)
                  2000f27a    00000002     --HOLE-- [fill = 0]
                  2000f27c    00000044     driverlib.a : spi.obj (.text:SPIDmaMaskGet)
                  2000f2c0    00000044     simplelink.a : cc_pal.obj (.text:cc_SetupTransfer)
                  2000f304    00000044     rtsv7M4_T_le_eabi.lib : exit.obj (.text)
                  2000f348    00000042     simplelink.a : socket.obj (.text:sl_Htonl)
                  2000f38a    00000002     --HOLE-- [fill = 0]
                  2000f38c    00000040     driverlib.a : pin.obj (.text:PinModeSet)
                  2000f3cc    00000040     rtsv7M4_T_le_eabi.lib : signal.obj (.text)
                  2000f40c    00000040                           : strtok.obj (.text)
                  2000f44c    0000003c     simplelink.a : netapp.obj (.text:CopyPingResultsToReport)
                  2000f488    0000003c     driverlib.a : prcm.obj (.text:PRCMPeripheralClkEnable)
                  2000f4c4    0000003c     simplelink.a : socket.obj (.text:_sl_TruncatePayloadByProtocol)
                  2000f500    0000003c     rtsv7M4_T_le_eabi.lib : boot.obj (.text)
                  2000f53c    0000003c     simplelink.a : socket.obj (.text:sl_Htons)
                  2000f578    0000003c                  : socket.obj (.text:sl_Listen)
                  2000f5b4    0000003c     driverlib.a : udma.obj (.text:uDMAChannelControlSet)
                  2000f5f0    00000038     simplelink.a : cc_pal.obj (.text:NwpPowerOff)
                  2000f628    00000038     free_rtos.a : heap_3.obj (.text)
                  2000f660    00000038     rtsv7M4_T_le_eabi.lib : fs_tod_t2.obj (.text)
                  2000f698    00000036     driverlib.a : gpio.obj (.text:GPIODirModeSet)
                  2000f6ce    00000036     simplelink.a : netapp.obj (.text:sl_NetAppMDNSUnRegisterService)
                  2000f704    00000034     driverlib.a : prcm.obj (.text:PRCMPeripheralStatusGet)
                  2000f738    00000034                 : spi.obj (.text:SPIFIFOLevelSet)
                  2000f76c    00000034     rtsv7M4_T_le_eabi.lib : feraiseexcept.obj (.text)
                  2000f7a0    00000030     driverlib.a : pin.obj (.text:PinTypeGPIO)
                  2000f7d0    00000030                 : uart.obj (.text:UARTDisable)
                  2000f800    00000030     simplelink.a : device.obj (.text:_SlDrvDeviceEventHandler)
                  2000f830    00000030     rtsv7M4_T_le_eabi.lib : xferaise.obj (.text)
                  2000f860    00000030     simplelink.a : socket.obj (.text:sl_Close)
                  2000f890    00000030                  : wlan.obj (.text:sl_WlanProfileDel)
                  2000f8c0    00000030                  : wlan.obj (.text:sl_WlanSetMode)
                  2000f8f0    0000002e     rtsv7M4_T_le_eabi.lib : i_tofd_t2.obj (.text)
                  2000f91e    0000002e                           : raise.obj (.text)
                  2000f94c    0000002c     simplelink.a : cc_pal.obj (.text:DmaSpiSwIntHandler)
                  2000f978    0000002c     driverlib.a : i2c.obj (.text:I2CMasterErr)
                  2000f9a4    0000002c     simplelink.a : cc_pal.obj (.text:NwpPowerOn)
                  2000f9d0    0000002c     driverlib.a : prcm.obj (.text:PRCMSysResetCauseGet)
                  2000f9fc    0000002a     rtsv7M4_T_le_eabi.lib : strspn.obj (.text)
                  2000fa26    0000002a                           : xdclass.obj (.text)
                  2000fa50    00000028     driverlib.a : prcm.obj (.text:PRCMPeripheralClkDisable)
                  2000fa78    00000026     simplelink.a : cc_pal.obj (.text:NwpRegisterInterruptHandler)
                  2000fa9e    00000002     --HOLE-- [fill = 0]
                  2000faa0    00000024     driverlib.a : interrupt.obj (.text:IntUnregister)
                  2000fac4    00000024                 : uart.obj (.text:UARTEnable)
                  2000fae8    00000024     simplelink.a : driver.obj (.text:_SlDrvProtectionObjLockWaitForever)
                  2000fb0c    00000024     rtsv7M4_T_le_eabi.lib : memmov.obj (.text)
                  2000fb30    00000024                           : strcspn.obj (.text)
                  2000fb54    00000022     driverlib.a : i2c.obj (.text:I2CMasterSlaveAddrSet)
                  2000fb76    00000022                 : spi.obj (.text:SPIReset)
                  2000fb98    00000022                 : spi.obj (.text:SPIWordCountSet)
                  2000fbba    00000022     rtsv7M4_T_le_eabi.lib : frexp.obj (.text)
                  2000fbdc    00000020     driverlib.a : gpio.obj (.text:GPIOPinWrite)
                  2000fbfc    00000020                 : interrupt.obj (.text:IntRegister)
                  2000fc1c    00000020     simplelink.a : driver.obj (.text:_SlDrvProtectionObjUnLock)
                  2000fc3c    0000001e     driverlib.a : i2c.obj (.text:I2CMasterIntStatusEx)
                  2000fc5a    0000001e                 : uart.obj (.text:UARTCharPut)
                  2000fc78    0000001e     simplelink.a : cc_pal.obj (.text:cc_UDMAChannelSelect)
                  2000fc96    0000001c     driverlib.a : pin.obj (.text:PinTypeI2C)
                  2000fcb2    0000001c                 : uart.obj (.text:UARTCharGetNonBlocking)
                  2000fcce    0000001c     simplelink.a : driver.obj (.text:_SlDrvObjLockWaitForever)
                  2000fcea    0000001c                  : driver.obj (.text:_SlDrvSyncObjWaitForever)
                  2000fd06    0000001c     rtsv7M4_T_le_eabi.lib : memccpy.obj (.text)
                  2000fd22    00000002     --HOLE-- [fill = 0]
                  2000fd24    0000001c     driverlib.a : udma.obj (.text:uDMAChannelEnable)
                  2000fd40    0000001a                 : gpio.obj (.text:GPIOIntEnable)
                  2000fd5a    0000001a                 : pin.obj (.text:PinTypeUART)
                  2000fd74    0000001a                 : spi.obj (.text:SPIDmaDisable)
                  2000fd8e    0000001a                 : spi.obj (.text:SPIDmaEnable)
                  2000fda8    0000001a                 : spi.obj (.text:SPIFIFODisable)
                  2000fdc2    0000001a                 : spi.obj (.text:SPIFIFOEnable)
                  2000fddc    00000018                 : gpio.obj (.text:GPIOPinRead)
                  2000fdf4    00000018                 : spi.obj (.text:SPICSDisable)
                  2000fe0c    00000018                 : spi.obj (.text:SPICSEnable)
                  2000fe24    00000018                 : spi.obj (.text:SPIDisable)
                  2000fe3c    00000018                 : spi.obj (.text:SPIEnable)
                  2000fe54    00000018                 : uart.obj (.text:UARTCharsAvail)
                  2000fe6c    00000018     simplelink.a : driver.obj (.text:_SlDrvObjUnLock)
                  2000fe84    00000018                  : driver.obj (.text:_SlDrvSyncObjSignal)
                  2000fe9c    00000018                  : device.obj (.text:_sl_GetStartResponseConvert)
                  2000feb4    00000018     rtsv7M4_T_le_eabi.lib : args_main.obj (.text)
                  2000fecc    00000016     driverlib.a : i2c.obj (.text:I2CMasterDataPut)
                  2000fee2    00000016                 : i2c.obj (.text:I2CMasterEnable)
                  2000fef8    00000016                 : prcm.obj (.text:PRCMHIBRegRead)
                  2000ff0e    00000016                 : prcm.obj (.text:PRCMHIBRegWrite)
                  2000ff24    00000016     simplelink.a : driver.obj (.text:_SlDrvMemZero)
                  2000ff3a    00000016     rtsv7M4_T_le_eabi.lib : strchr.obj (.text)
                  2000ff50    00000014     driverlib.a : cpu.obj (.text:CPUcpsie)
                  2000ff64    00000014                 : gpio.obj (.text:GPIOIntClear)
                  2000ff78    00000014                 : interrupt.obj (.text:IntVTableBaseSet)
                  2000ff8c    00000014     rtsv7M4_T_le_eabi.lib : _lock.obj (.text)
                  2000ffa0    00000014                           : strlen.obj (.text)
                  2000ffb4    00000012     driverlib.a : i2c.obj (.text:I2CMasterControl)
                  2000ffc6    00000012                 : i2c.obj (.text:I2CMasterIntClearEx)
                  2000ffd8    00000012                 : i2c.obj (.text:I2CMasterTimeoutSet)
                  2000ffea    0000000e                 : i2c.obj (.text:I2CMasterDataGet)
                  2000fff8    0000000e     simplelink.a : driver.obj (.text:_SlDrvResetCmdExt)
                  20010006    0000000e     rtsv7M4_T_le_eabi.lib : copy_decompress_none.obj (.text:decompress:none)
                  20010014    0000000e     startup_ccs.obj (.text)
                  20010022    00000002     --HOLE-- [fill = 0]
                  20010024    0000000c     simplelink.a : cc_pal.obj (.text:NwpMaskInterrupt)
                  20010030    0000000c                  : cc_pal.obj (.text:NwpUnMaskInterrupt)
                  2001003c    0000000c     rtsv7M4_T_le_eabi.lib : copy_zero_init.obj (.text:decompress:ZI)
                  20010048    0000000c     simplelink.a : wlan.obj (.text:sl_WlanDisconnect)
                  20010054    0000000a     driverlib.a : interrupt.obj (.text:IntMasterEnable)
                  2001005e    00000006                 : utils.obj (.text:UtilsDelay)
                  20010064    00000006     rtsv7M4_T_le_eabi.lib : copy_decompress_rle.obj (.text:decompress:rle24)
                  2001006a    00000006                           : log.obj (.text)
                  20010070    00000004                           : pre_init.obj (.text)

.const     0    20010078    00000788     
                  20010078    00000101     rtsv7M4_T_le_eabi.lib : ctype.obj (.const:.string:_ctypes_)
                  20010179    00000003     --HOLE-- [fill = 0]
                  2001017c    00000100     driverlib.a : pin.obj (.const:g_ulPinToPadMap)
                  2001027c    000000d4                 : interrupt.obj (.const:g_pulRegs)
                  20010350    000000b0     simplelink.a : wlan.obj (.const:$P$T0$1)
                  20010400    000000a8     driverlib.a : prcm.obj (.const:PRCM_PeriphRegsList)
                  200104a8    00000080                 : interrupt.obj (.const)
                  20010528    00000048     rtsv7M4_T_le_eabi.lib : xexp.obj (.const)
                  20010570    0000003c     simplelink.a : driver.obj (.const:OpcodeTranslateTable)
                  200105ac    0000003c                  : wlan.obj (.const)
                  200105e8    00000038                  : driver.obj (.const:_SlActionLookupTable)
                  20010620    00000038     rtsv7M4_T_le_eabi.lib : xlog.obj (.const:p)
                  20010658    00000034     simplelink.a : driver.obj (.const)
                  2001068c    00000034                  : socket.obj (.const)
                  200106c0    00000030     rtsv7M4_T_le_eabi.lib : xdint.obj (.const)
                  200106f0    0000002c     main.obj (.const:$P$T3$4)
                  2001071c    0000002b     main.obj (.const:.string)
                  20010747    00000001     --HOLE-- [fill = 0]
                  20010748    00000028     simplelink.a : netapp.obj (.const)
                  20010770    00000022     main.obj (.const:.string:$P$T2$3)
                  20010792    00000002     --HOLE-- [fill = 0]
                  20010794    00000020     main.obj (.const)
                  200107b4    00000018     driverlib.a : spi.obj (.const)
                  200107cc    00000014     simplelink.a : device.obj (.const)
                  200107e0    00000010                  : socket.obj (.const:.string)
                  200107f0    00000008                  : device.obj (.const:.string)
                  200107f8    00000008                  : netcfg.obj (.const)

.cinit     0    20010800    000000c8     
                  20010800    000000a3     (.cinit..data.load) [load image, compression = rle]
                  200108a3    00000001     --HOLE-- [fill = 0]
                  200108a4    0000000c     (__TI_handler_table)
                  200108b0    00000008     (.cinit..bss.load) [load image, compression = zero_init]
                  200108b8    00000010     (__TI_cinit_table)

.sysmem    0    20017000    00002000     UNINITIALIZED
                  20017000    00000008     rtsv7M4_T_le_eabi.lib : memory.obj (.sysmem)
                  20017008    00001ff8     --HOLE--

.bss       0    20019000    000003f7     UNINITIALIZED
                  20019000    00000178     simplelink.a : driver.obj (.bss:g_StatMem)
                  20019178    000000c8     free_rtos.a : tasks.obj (.bss:pxReadyTasksLists)
                  20019240    00000064     main.obj (.bss:g_cBsdBuf)
                  200192a4    00000050     simplelink.a : cc_pal.obj (.bss:g_ucDinDout)
                  200192f4    00000050     free_rtos.a : queue.obj (.bss:xQueueRegistry)
                  20019344    00000024     main.obj (.bss:g_ucConnectionSSID)
                  20019368    00000014     (.common:xDelayedTaskList1)
                  2001937c    00000014     (.common:xDelayedTaskList2)
                  20019390    00000014     (.common:xPendingReadyList)
                  200193a4    00000014     (.common:xSuspendedTaskList)
                  200193b8    00000014     (.common:xTasksWaitingTermination)
                  200193cc    00000008     (.common:g_ucConnectionBSSID)
                  200193d4    00000004     (.common:DMAMsgQ)
                  200193d8    00000004     (.common:__Errorlog)
                  200193dc    00000004     (.common:g_cDummy)
                  200193e0    00000004     (.common:g_sockID)
                  200193e4    00000004     (.common:g_temp)
                  200193e8    00000004     (.common:pxDelayedTaskList)
                  200193ec    00000004     (.common:pxOverflowDelayedTaskList)
                  200193f0    00000001     (.common:RxIrqCnt)
                  200193f1    00000001     (.common:g_cAccX)
                  200193f2    00000001     (.common:g_cAccY)
                  200193f3    00000001     (.common:g_cAccZ)
                  200193f4    00000001     (.common:g_ucLED1Pin)
                  200193f5    00000001     (.common:g_ucLED2Pin)
                  200193f6    00000001     (.common:g_ucLED3Pin)

.TI.noinit 
*          0    20019000    00000000     UNINITIALIZED

.data      0    200193f8    00000268     UNINITIALIZED
                  200193f8    000000b0     rtsv7M4_T_le_eabi.lib : signal.obj (.data:sigtable)
                  200194a8    00000080                           : xvalues.obj (.data)
                  20019528    00000068                           : xfvalues.obj (.data)
                  20019590    00000034     free_rtos.a : tasks.obj (.data)
                  200195c4    00000024     main.obj (.data)
                  200195e8    00000020     gpio_if.obj (.data)
                  20019608    0000000c     free_rtos.a : osi_freertos.obj (.data)
                  20019614    0000000c     rtsv7M4_T_le_eabi.lib : memory.obj (.data)
                  20019620    00000009     simplelink.a : cc_pal.obj (.data)
                  20019629    00000003     --HOLE--
                  2001962c    00000009                  : driver.obj (.data)
                  20019635    00000003     --HOLE--
                  20019638    00000008     rtsv7M4_T_le_eabi.lib : _lock.obj (.data)
                  20019640    00000008                           : exit.obj (.data)
                  20019648    00000008                           : feraiseexcept.obj (.data)
                  20019650    00000004     free_rtos.a : port.obj (.data)
                  20019654    00000004     rtsv7M4_T_le_eabi.lib : errno.obj (.data)
                  20019658    00000004                           : stkdepth_vars.obj (.data)
                  2001965c    00000004                           : strtok.obj (.data)

.TI.persistent 
*          0    200193f8    00000000     UNINITIALIZED

.stack     0    2002f000    00001000     UNINITIALIZED
                  2002f000    00001000     --HOLE--


LINKER GENERATED COPY TABLES

__TI_cinit_table @ 200108b8 records: 2, size/record: 8, table size: 16
	.data: load addr=20010800, load size=000000a3 bytes, run addr=200193f8, run size=00000268 bytes, compression=rle
	.bss: load addr=200108b0, load size=00000008 bytes, run addr=20019000, run size=000003f7 bytes, compression=zero_init


LINKER GENERATED HANDLER TABLE

__TI_handler_table @ 200108a4 records: 3, size/record: 4, table size: 12
	index: 0, handler: __TI_decompress_rle24
	index: 1, handler: __TI_decompress_none
	index: 2, handler: __TI_zero_init


GLOBAL SYMBOLS: SORTED ALPHABETICALLY BY Name 

address   name                                  
-------   ----                                  
2000af79  BMA222Close                           
2000af57  BMA222Open                            
2000af7d  BMA222Read                            
2000aff9  BMA222ReadNew                         
2000af21  BlockRead                             
20005b95  BsdTcpClient                          
20005d01  BsdTcpServer                          
2000f305  C$$EXIT                               
2000ff51  CPUcpsie                              
2000a3f1  ClearTerm                             
20006559  CollectAcc                            
20006541  CollectTmp                            
2000f44d  CopyPingResultsToReport               
200193d4  DMAMsgQ                               
2000f94d  DmaSpiSwIntHandler                    
2000a3fb  Error                                 
2000f699  GPIODirModeSet                        
2000ff65  GPIOIntClear                          
2000fd41  GPIOIntEnable                         
2000e159  GPIOIntTypeSet                        
2000fddd  GPIOPinRead                           
2000fbdd  GPIOPinWrite                          
20009d69  GPIO_IF_ConfigureNIntEnable           
20009de5  GPIO_IF_Get                           
20009d23  GPIO_IF_GetPortNPin                   
20009ae5  GPIO_IF_LedConfigure                  
20009bd7  GPIO_IF_LedOff                        
20009b23  GPIO_IF_LedOn                         
20009c8b  GPIO_IF_LedStatus                     
20009cf5  GPIO_IF_LedToggle                     
20009dab  GPIO_IF_Set                           
2000a433  GetCmd                                
2000aebd  GetRegisterValue                      
2000ffb5  I2CMasterControl                      
2000ffeb  I2CMasterDataGet                      
2000fecd  I2CMasterDataPut                      
2000fee3  I2CMasterEnable                       
2000f979  I2CMasterErr                          
2000e051  I2CMasterInitExpClk                   
2000ffc7  I2CMasterIntClearEx                   
2000fc3d  I2CMasterIntStatusEx                  
2000fb55  I2CMasterSlaveAddrSet                 
2000ffd9  I2CMasterTimeoutSet                   
2000a399  I2C_IF_Close                          
2000a351  I2C_IF_Open                           
2000a24b  I2C_IF_Read                           
2000a307  I2C_IF_ReadFrom                       
2000a195  I2C_IF_Write                          
2000a3b1  InitTerm                              
2000d605  IntDisable                            
2000d6ad  IntEnable                             
20010055  IntMasterEnable                       
2000ecad  IntPendClear                          
2000edb5  IntPrioritySet                        
2000fbfd  IntRegister                           
2000faa1  IntUnregister                         
2000ff79  IntVTableBaseSet                      
20006309  IpAddressParser                       
2000a3cf  Message                               
20010025  NwpMaskInterrupt                      
2000f5f1  NwpPowerOff                           
2000f9a5  NwpPowerOn                            
2000e0d5  NwpPowerOnPreamble                    
2000fa79  NwpRegisterInterruptHandler           
20010031  NwpUnMaskInterrupt                    
20010570  OpcodeTranslateTable                  
2000be2d  PRCMCC3200MCUInit                     
2000fef9  PRCMHIBRegRead                        
2000ff0f  PRCMHIBRegWrite                       
2000fa51  PRCMPeripheralClkDisable              
2000f489  PRCMPeripheralClkEnable               
2000d9c9  PRCMPeripheralClockGet                
2000ed05  PRCMPeripheralReset                   
2000f705  PRCMPeripheralStatusGet               
2000f9d1  PRCMSysResetCauseGet                  
2000ddad  PinConfigSet                          
2000f38d  PinModeSet                            
2000e635  PinMuxConfig                          
2000f7a1  PinTypeGPIO                           
2000fc97  PinTypeI2C                            
2000fd5b  PinTypeUART                           
2000a581  Report                                
20010015  ResetISR                              
200193f0  RxIrqCnt                              
20010668  RxMsgClassLUT                         
UNDEFED   SHT$$INIT_ARRAY$$Base                 
UNDEFED   SHT$$INIT_ARRAY$$Limit                
2000fdf5  SPICSDisable                          
2000fe0d  SPICSEnable                           
2000d755  SPIConfigSetExpClk                    
2000fe25  SPIDisable                            
2000fd75  SPIDmaDisable                         
2000fd8f  SPIDmaEnable                          
2000fe3d  SPIEnable                             
2000fda9  SPIFIFODisable                        
2000fdc3  SPIFIFOEnable                         
2000f739  SPIFIFOLevelSet                       
2000f115  SPIIntClear                           
2000ef01  SPIIntEnable                          
2000fb77  SPIReset                              
2000fb99  SPIWordCountSet                       
20005897  SendThread                            
2000aee7  SetRegisterValue                      
20005839  SimpleLinkGeneralEventHandler         
20005811  SimpleLinkHttpServerCallback          
20005779  SimpleLinkNetAppEventHandler          
2000584f  SimpleLinkSockEventHandler            
20005671  SimpleLinkWlanEventHandler            
200107f0  StartResponseLUT                      
20009571  TMP006DrvGetTemp                      
200092d9  TMP006DrvOpen                         
2000a4e9  TrimSpace                             
2000fcb3  UARTCharGetNonBlocking                
2000fc5b  UARTCharPut                           
2000fe55  UARTCharsAvail                        
2000e5bd  UARTConfigSetExpClk                   
2000f7d1  UARTDisable                           
2000fac5  UARTEnable                            
2001005f  UtilsDelay                            
20009105  VDeleteSimpleLinkSpawnTask            
200090b5  VStartSimpleLinkSpawnTask             
20006469  WlanStationMode                       
2000fa27  _Dclass                               
200194a8  _Denorm                               
2000d0e5  _Dint                                 
2000d1a5  _Dnorm                                
2000c3d9  _Dscale                               
2000ea01  _Dunscale                             
200194b8  _Eps                                  
20019654  _Errno                                
2000aacd  _Exp                                  
20019528  _FDenorm                              
20019538  _FEps                                 
20019548  _FInf                                 
20019558  _FNan                                 
20019578  _FRteps                               
20019568  _FSnan                                
20019588  _FXbig                                
2001958c  _FZero                                
20019648  _Fenv                                 
2000f831  _Feraise                              
200194c8  _Hugeval                              
200194d8  _Inf                                  
20009e3d  _Log                                  
200194e8  _Nan                                  
20019508  _Rteps                                
200106a0  _SlAcceptCmdCtrl                      
200105e8  _SlActionLookupTable                  
2000d499  _SlAsyncEventGenericHandler           
200107d8  _SlDeviceGetCmdCtrl                   
200107dc  _SlDeviceSetCmdCtrl                   
2000f15d  _SlDrvBasicCmd                        
2000cdb1  _SlDrvClassifyRxMsg                   
2000e1dd  _SlDrvCmdOp                           
2000e71d  _SlDrvCmdSend                         
2000c08d  _SlDrvDataReadOp                      
2000c6f9  _SlDrvDataWriteOp                     
2000f801  _SlDrvDeviceEventHandler              
2000caf1  _SlDrvDriverCBDeinit                  
2000b78d  _SlDrvDriverCBInit                    
2000ff25  _SlDrvMemZero                         
200083d1  _SlDrvMsgRead                         
2000d265  _SlDrvMsgReadCmdCtx                   
2000d7f5  _SlDrvMsgReadSpawnCtx                 
2000b279  _SlDrvMsgWrite                        
2000c7fd  _SlDrvNetAppEventHandler              
2000fccf  _SlDrvObjLockWaitForever              
2000fe6d  _SlDrvObjUnLock                       
2000ef4d  _SlDrvProtectAsyncRespSetting         
2000fae9  _SlDrvProtectionObjLockWaitForever    
2000fc1d  _SlDrvProtectionObjUnLock             
2000b0a9  _SlDrvReleasePoolObj                  
2000fff9  _SlDrvResetCmdExt                     
2000a641  _SlDrvRxHdrRead                       
2000ef99  _SlDrvRxIrqHandler                    
2000fe85  _SlDrvSyncObjSignal                   
2000fceb  _SlDrvSyncObjWaitForever              
2000b5fd  _SlDrvWaitForPoolObj                  
200107d4  _SlEventMaskGetCmdCtrl                
200107d0  _SlEventMaskSetCmdCtrl                
2000b901  _SlFindAndSetActiveObj                
2001075c  _SlGetHostByNameCtrl                  
20010758  _SlGetHostByServiceCtrl               
20010750  _SlGetServiceListeCtrl                
200106ac  _SlGetSockOptCmdCtrl                  
2001069c  _SlListenCmdCtrl                      
20010768  _SlNetAppGetCmdCtrl                   
20010764  _SlNetAppSendTokenValueCmdCtrl        
20010760  _SlNetAppSetCmdCtrl                   
20010748  _SlNetAppStartCtrl                    
2001074c  _SlNetAppStopCtrl                     
200107fc  _SlNetCfgGetCmdCtrl                   
200107f8  _SlNetCfgSetCmdCtrl                   
200107e0  _SlPayloadByProtocolLUT               
200105b0  _SlPolicyGetCmdCtrl                   
200105ac  _SlPolicySetCmdCtrl                   
200105b8  _SlProfileDelCmdCtrl                  
200105b4  _SlProfileGetCmdCtrl                  
200106a4  _SlRecvCmdCtrl                        
20010694  _SlRecvfomCmdCtrl                     
20010754  _SlRegisterServiceCtrl                
2000d025  _SlRemoveFromList                     
200105c0  _SlRxFilterAddtCmdCtrl                
200105c8  _SlRxFilterGetCmdCtrl                 
200105c4  _SlRxFilterSetCmdCtrl                 
200106b0  _SlSelectCmdCtrl                      
20010698  _SlSendCmdCtrl                        
200106a8  _SlSetSockOptCmdCtrl                  
200105cc  _SlSmartConfigStartCmdCtrl            
20010690  _SlSockCloseCmdCtrl                   
2001068c  _SlSockSocketCmdCtrl                  
200107cc  _SlStopCmdCtrl                        
200105d8  _SlWlanCfgGetCmdCtrl                  
200105d4  _SlWlanCfgSetCmdCtrl                  
200105bc  _SlWlanGetNetworkListCtrl             
200105d0  _SlWlanSetModeCmdCtrl                 
200194f8  _Snan                                 
2001964c  _Tls_setup__Fenv                      
20019518  _Xbig                                 
20019520  _Zero                                 
20030000  __STACK_END                           
00001000  __STACK_SIZE                          
00002000  __SYSMEM_SIZE                         
200108b8  __TI_CINIT_Base                       
200108c8  __TI_CINIT_Limit                      
200108a4  __TI_Handler_Table_Base               
200108b0  __TI_Handler_Table_Limit              
2000e789  __TI_auto_init                        
20019640  __TI_cleanup_ptr                      
20010007  __TI_decompress_none                  
20010065  __TI_decompress_rle24                 
20019644  __TI_dtors_ptr                        
200075a5  __TI_printfi                          
20010800  __TI_static_base__                    
2001003d  __TI_zero_init                        
2000df45  __aeabi_cdcmpeq                       
2000df45  __aeabi_cdcmple                       
2000dfcb  __aeabi_cdrcmple                      
2000f1ed  __aeabi_d2f                           
2000f1a5  __aeabi_d2iz                          
2000b44f  __aeabi_dadd                          
2000bcf5  __aeabi_ddiv                          
2000c8fb  __aeabi_dmul                          
2000b445  __aeabi_dsub                          
2000f661  __aeabi_f2d                           
2000c9fb  __aeabi_fadd                          
2000da5d  __aeabi_fdiv                          
2000e3d9  __aeabi_fmul                          
2000c9f7  __aeabi_fsub                          
2000f8f1  __aeabi_i2d                           
2000e453  __aeabi_memclr                        
2000e453  __aeabi_memclr4                       
2000e453  __aeabi_memclr8                       
2000d891  __aeabi_memcpy                        
2000d891  __aeabi_memcpy4                       
2000d891  __aeabi_memcpy8                       
2000e455  __aeabi_memset                        
2000e455  __aeabi_memset4                       
2000e455  __aeabi_memset8                       
2000acc9  __aeabi_uldivmod                      
ffffffff  __binit__                             
ffffffff  __c_args__                            
2002f000  __stack                               
2000feb5  _args_main                            
2000f501  _c_int00                              
20010078  _ctypes_                              
20019638  _lock                                 
2000ff9b  _nop                                  
2000ff93  _register_lock                        
2000ff8d  _register_unlock                      
2000efe5  _sl_BuildAddress                      
2000fe9d  _sl_GetStartResponseConvert           
2000eb31  _sl_HandleAsync_Accept                
2000e4cd  _sl_HandleAsync_Connect               
2000dc09  _sl_HandleAsync_DnsGetHostByName      
2000cf5d  _sl_HandleAsync_DnsGetHostByService   
2000e35d  _sl_HandleAsync_InitComplete          
2000dc95  _sl_HandleAsync_PingResponse          
2000ee09  _sl_HandleAsync_Select                
2000eeb1  _sl_HandleAsync_Stop                  
2000e861  _sl_NetAppSendTokenValue              
2000f4c5  _sl_TruncatePayloadByProtocol         
20017000  _sys_memory                           
20010071  _system_pre_init                      
2001963c  _unlock                               
2000f309  abort                                 
2000f031  atoi                                  
ffffffff  binit                                 
20009a75  calloc                                
200195e4  connect_flag                          
2000f07d  copy_in                               
20004691  eTaskGetState                         
2000f311  exit                                  
2000f76d  feraiseexcept                         
200097c3  free                                  
2000fbbb  frexp                                 
20019634  gFirstCmdMode                         
20010660  g_H2NCnysPattern                      
20010658  g_H2NSyncPattern                      
20019620  g_SpiFd                               
20019000  g_StatMem                             
200193f1  g_cAccX                               
200193f2  g_cAccY                               
200193f3  g_cAccZ                               
20019240  g_cBsdBuf                             
200193dc  g_cDummy                              
2001962c  g_pCB                                 
20019624  g_pHostIntHdl                         
20004000  g_pfnVectors                          
200193e0  g_sockID                              
200193e4  g_temp                                
200193cc  g_ucConnectionBSSID                   
20019344  g_ucConnectionSSID                    
200195dc  g_ucConnectionStatus                  
20019628  g_ucDMAEnabled                        
200192a4  g_ucDinDout                           
200193f4  g_ucLED1Pin                           
200193f5  g_ucLED2Pin                           
200193f6  g_ucLED3Pin                           
200195dd  g_ucSimplelinkstarted                 
200195fc  g_uiLED1Port                          
20019600  g_uiLED2Port                          
20019604  g_uiLED3Port                          
200195d4  g_uiPortNum                           
200195d0  g_ulDestinationIp                     
200195cc  g_ulGatewayIP                         
200195e0  g_ulIpAddr                            
200195d8  g_ulPacketCount                       
200195c8  g_ulPingPacketsRecv                   
200195c4  g_ulStatus                            
2000f235  ldexp                                 
2001006b  log                                   
2000ed5d  ltoa                                  
20006585  main                                  
20019658  main_func_sp                          
2000975b  malloc                                
20009209  mem_Free                              
200091fd  mem_Malloc                            
20009229  mem_copy                              
20009215  mem_set                               
20009991  memalign                              
2000fd07  memccpy                               
2000d891  memcpy                                
2000fb0d  memmove                               
2000e45b  memset                                
200096cd  minit                                 
2000927f  osi_ContextRestore                    
2000927d  osi_ContextSave                       
2000923d  osi_EnterCritical                     
20009247  osi_ExitCritical                      
20008e63  osi_InterruptDeRegister               
20008e3d  osi_InterruptRegister                 
20008f6d  osi_LockObjCreate                     
20008fe1  osi_LockObjDelete                     
20008ff1  osi_LockObjLock                       
2000901d  osi_LockObjUnlock                     
20009131  osi_MsgQCreate                        
20009175  osi_MsgQDelete                        
200091c1  osi_MsgQRead                          
2000918f  osi_MsgQWrite                         
20009259  osi_Sleep                             
20009047  osi_Spawn                             
20008f4b  osi_SyncObjClear                      
20008e75  osi_SyncObjCreate                     
20008ea5  osi_SyncObjDelete                     
20008ebf  osi_SyncObjSignal                     
20008ee7  osi_SyncObjSignalFromISR              
20008f1f  osi_SyncObjWait                       
20008f93  osi_TaskCreate                        
20008fd3  osi_TaskDelete                        
20009269  osi_TaskDisable                       
20009273  osi_TaskEnable                        
20009251  osi_start                             
20019630  pPingCallBackFunc                     
20004bb5  pcTaskGetTaskName                     
2000d491  portCLZ                               
200089bd  pow                                   
2000d479  prvPortStartFirstTask                 
2000f629  pvPortMalloc                          
20019590  pxCurrentTCB                          
2000c2c9  pxPortInitialiseStack                 
2000f91f  raise                                 
20009885  realloc                               
20005ca7  sendPacket                            
2000f3cd  signal                                
2000bbbd  sl_Accept                             
2000debd  sl_Bind                               
2000f861  sl_Close                              
2000c4e9  sl_Connect                            
2000d92d  sl_DevGet                             
2000f349  sl_Htonl                              
2000f53d  sl_Htons                              
2000f579  sl_Listen                             
2000d551  sl_NetAppMDNSRegisterUnregisterService
2000f6cf  sl_NetAppMDNSUnRegisterService        
2000e8c9  sl_NetCfgSet                          
2000e6a9  sl_Recv                               
2000c5f1  sl_Send                               
2000e931  sl_SetSockOpt                         
2000ec51  sl_Socket                             
2000d321  sl_Start                              
2000ce89  sl_Stop                               
2000a889  sl_WlanConnect                        
20010049  sl_WlanDisconnect                     
2000ebf1  sl_WlanPolicySet                      
2000f891  sl_WlanProfileDel                     
2000ee5d  sl_WlanRxFilterSet                    
2000e999  sl_WlanSet                            
2000f8c1  sl_WlanSetMode                        
2000e545  spi_Close                             
2000ba71  spi_Open                              
2000ccd5  spi_Read                              
2000dd21  spi_Write                             
2000eb91  sprintf                               
2000ff3b  strchr                                
2000fb31  strcspn                               
2000ffa1  strlen                                
2000f9fd  strspn                                
2000f40d  strtok                                
2000c1b5  strtoul                               
2000f0c9  uDMAChannelAssign                     
2000ea69  uDMAChannelAttributeDisable           
2000eacd  uDMAChannelAttributeEnable            
2000f5b5  uDMAChannelControlSet                 
2000fd25  uDMAChannelEnable                     
2000cbe5  uDMAChannelTransferSet                
2000802d  ucQueueGetQueueType                   
2000d3e1  ulPortSetInterruptMask                
2000c043  uxListRemove                          
2000800d  uxQueueGetQueueNumber                 
20007fa1  uxQueueMessagesWaiting                
20007fd7  uxQueueMessagesWaitingFromISR         
20007fb7  uxQueueSpacesAvailable                
20004ba9  uxTaskGetNumberOfTasks                
20004bd9  uxTaskGetSystemState                  
200050c9  uxTaskGetTaskNumber                   
20004725  uxTaskPriorityGet                     
20005621  uxTaskResetEventItemValue             
20005663  vApplicationIdleHook                  
20005665  vApplicationMallocFailedHook          
20005667  vApplicationStackOverflowHook         
20005659  vAssertCalled                         
2000bf61  vListInitialise                       
2000bf91  vListInitialiseItem                   
2000bfdd  vListInsert                           
2000bfa1  vListInsertEnd                        
2000d3f7  vPortClearInterruptMask               
2000c345  vPortEndScheduler                     
2000c359  vPortEnterCritical                    
2000c371  vPortExitCritical                     
2000f649  vPortFree                             
2000d451  vPortSVCHandler                       
2000c3a5  vPortSetupTimerInterrupt              
2000c347  vPortYield                            
20008247  vQueueAddToRegistry                   
20007fe9  vQueueDelete                          
2000801b  vQueueSetQueueNumber                  
20008289  vQueueUnregisterQueue                 
2000463b  vTaskDelay                            
2000459f  vTaskDelayUntil                       
2000450f  vTaskDelete                           
20004a8d  vTaskEndScheduler                     
200050bb  vTaskMissedYield                      
20004e51  vTaskPlaceOnEventList                 
20004eb5  vTaskPlaceOnUnorderedEventList        
20005597  vTaskPriorityDisinherit               
200054dd  vTaskPriorityInherit                  
2000475d  vTaskPrioritySet                      
20004955  vTaskResume                           
200050e9  vTaskSetTaskNumber                    
2000501b  vTaskSetTimeOutState                  
20004a43  vTaskStartScheduler                   
20004861  vTaskSuspend                          
20004a9f  vTaskSuspendAll                       
20004dd1  vTaskSwitchContext                    
2000de35  vsnprintf                             
20019608  xHigherPriorityTaskWoken              
2000d405  xPortPendSVHandler                    
2000c319  xPortStartScheduler                   
2000c389  xPortSysTickHandler                   
200082d7  xQueueAddToSet                        
20007c09  xQueueAltGenericReceive               
20007b5d  xQueueAltGenericSend                  
20007a31  xQueueCreateCountingSemaphore         
200079b3  xQueueCreateMutex                     
200082c3  xQueueCreateSet                       
2000793d  xQueueGenericCreate                   
20007da3  xQueueGenericReceive                  
200078ad  xQueueGenericReset                    
20007a51  xQueueGenericSend                     
20007d07  xQueueGenericSendFromISR              
200081e3  xQueueIsQueueEmptyFromISR             
20008225  xQueueIsQueueFullFromISR              
20007f5d  xQueuePeekFromISR                     
20007ee5  xQueueReceiveFromISR                  
200192f4  xQueueRegistry                        
2000830b  xQueueRemoveFromSet                   
2000834d  xQueueSelectFromSet                   
20008367  xQueueSelectFromSetFromISR            
2001960c  xSimpleLinkSpawnQueue                 
20019610  xSimpleLinkSpawnTaskHndl              
20005041  xTaskCheckForTimeOut                  
20004401  xTaskGenericCreate                    
20005491  xTaskGetCurrentTaskHandle             
20004c97  xTaskGetIdleTaskHandle                
200054a5  xTaskGetSchedulerState                
20004b7d  xTaskGetTickCount                     
20004b91  xTaskGetTickCountFromISR              
20004cb5  xTaskIncrementTick                    
20004f25  xTaskRemoveFromEventList              
20004fad  xTaskRemoveFromUnorderedEventList     
20004ab1  xTaskResumeAll                        
200049c9  xTaskResumeFromISR                    


GLOBAL SYMBOLS: SORTED BY Symbol Address 

address   name                                  
-------   ----                                  
00001000  __STACK_SIZE                          
00002000  __SYSMEM_SIZE                         
20004000  g_pfnVectors                          
20004401  xTaskGenericCreate                    
2000450f  vTaskDelete                           
2000459f  vTaskDelayUntil                       
2000463b  vTaskDelay                            
20004691  eTaskGetState                         
20004725  uxTaskPriorityGet                     
2000475d  vTaskPrioritySet                      
20004861  vTaskSuspend                          
20004955  vTaskResume                           
200049c9  xTaskResumeFromISR                    
20004a43  vTaskStartScheduler                   
20004a8d  vTaskEndScheduler                     
20004a9f  vTaskSuspendAll                       
20004ab1  xTaskResumeAll                        
20004b7d  xTaskGetTickCount                     
20004b91  xTaskGetTickCountFromISR              
20004ba9  uxTaskGetNumberOfTasks                
20004bb5  pcTaskGetTaskName                     
20004bd9  uxTaskGetSystemState                  
20004c97  xTaskGetIdleTaskHandle                
20004cb5  xTaskIncrementTick                    
20004dd1  vTaskSwitchContext                    
20004e51  vTaskPlaceOnEventList                 
20004eb5  vTaskPlaceOnUnorderedEventList        
20004f25  xTaskRemoveFromEventList              
20004fad  xTaskRemoveFromUnorderedEventList     
2000501b  vTaskSetTimeOutState                  
20005041  xTaskCheckForTimeOut                  
200050bb  vTaskMissedYield                      
200050c9  uxTaskGetTaskNumber                   
200050e9  vTaskSetTaskNumber                    
20005491  xTaskGetCurrentTaskHandle             
200054a5  xTaskGetSchedulerState                
200054dd  vTaskPriorityInherit                  
20005597  vTaskPriorityDisinherit               
20005621  uxTaskResetEventItemValue             
20005659  vAssertCalled                         
20005663  vApplicationIdleHook                  
20005665  vApplicationMallocFailedHook          
20005667  vApplicationStackOverflowHook         
20005671  SimpleLinkWlanEventHandler            
20005779  SimpleLinkNetAppEventHandler          
20005811  SimpleLinkHttpServerCallback          
20005839  SimpleLinkGeneralEventHandler         
2000584f  SimpleLinkSockEventHandler            
20005897  SendThread                            
20005b95  BsdTcpClient                          
20005ca7  sendPacket                            
20005d01  BsdTcpServer                          
20006309  IpAddressParser                       
20006469  WlanStationMode                       
20006541  CollectTmp                            
20006559  CollectAcc                            
20006585  main                                  
200075a5  __TI_printfi                          
200078ad  xQueueGenericReset                    
2000793d  xQueueGenericCreate                   
200079b3  xQueueCreateMutex                     
20007a31  xQueueCreateCountingSemaphore         
20007a51  xQueueGenericSend                     
20007b5d  xQueueAltGenericSend                  
20007c09  xQueueAltGenericReceive               
20007d07  xQueueGenericSendFromISR              
20007da3  xQueueGenericReceive                  
20007ee5  xQueueReceiveFromISR                  
20007f5d  xQueuePeekFromISR                     
20007fa1  uxQueueMessagesWaiting                
20007fb7  uxQueueSpacesAvailable                
20007fd7  uxQueueMessagesWaitingFromISR         
20007fe9  vQueueDelete                          
2000800d  uxQueueGetQueueNumber                 
2000801b  vQueueSetQueueNumber                  
2000802d  ucQueueGetQueueType                   
200081e3  xQueueIsQueueEmptyFromISR             
20008225  xQueueIsQueueFullFromISR              
20008247  vQueueAddToRegistry                   
20008289  vQueueUnregisterQueue                 
200082c3  xQueueCreateSet                       
200082d7  xQueueAddToSet                        
2000830b  xQueueRemoveFromSet                   
2000834d  xQueueSelectFromSet                   
20008367  xQueueSelectFromSetFromISR            
200083d1  _SlDrvMsgRead                         
200089bd  pow                                   
20008e3d  osi_InterruptRegister                 
20008e63  osi_InterruptDeRegister               
20008e75  osi_SyncObjCreate                     
20008ea5  osi_SyncObjDelete                     
20008ebf  osi_SyncObjSignal                     
20008ee7  osi_SyncObjSignalFromISR              
20008f1f  osi_SyncObjWait                       
20008f4b  osi_SyncObjClear                      
20008f6d  osi_LockObjCreate                     
20008f93  osi_TaskCreate                        
20008fd3  osi_TaskDelete                        
20008fe1  osi_LockObjDelete                     
20008ff1  osi_LockObjLock                       
2000901d  osi_LockObjUnlock                     
20009047  osi_Spawn                             
200090b5  VStartSimpleLinkSpawnTask             
20009105  VDeleteSimpleLinkSpawnTask            
20009131  osi_MsgQCreate                        
20009175  osi_MsgQDelete                        
2000918f  osi_MsgQWrite                         
200091c1  osi_MsgQRead                          
200091fd  mem_Malloc                            
20009209  mem_Free                              
20009215  mem_set                               
20009229  mem_copy                              
2000923d  osi_EnterCritical                     
20009247  osi_ExitCritical                      
20009251  osi_start                             
20009259  osi_Sleep                             
20009269  osi_TaskDisable                       
20009273  osi_TaskEnable                        
2000927d  osi_ContextSave                       
2000927f  osi_ContextRestore                    
200092d9  TMP006DrvOpen                         
20009571  TMP006DrvGetTemp                      
200096cd  minit                                 
2000975b  malloc                                
200097c3  free                                  
20009885  realloc                               
20009991  memalign                              
20009a75  calloc                                
20009ae5  GPIO_IF_LedConfigure                  
20009b23  GPIO_IF_LedOn                         
20009bd7  GPIO_IF_LedOff                        
20009c8b  GPIO_IF_LedStatus                     
20009cf5  GPIO_IF_LedToggle                     
20009d23  GPIO_IF_GetPortNPin                   
20009d69  GPIO_IF_ConfigureNIntEnable           
20009dab  GPIO_IF_Set                           
20009de5  GPIO_IF_Get                           
20009e3d  _Log                                  
2000a195  I2C_IF_Write                          
2000a24b  I2C_IF_Read                           
2000a307  I2C_IF_ReadFrom                       
2000a351  I2C_IF_Open                           
2000a399  I2C_IF_Close                          
2000a3b1  InitTerm                              
2000a3cf  Message                               
2000a3f1  ClearTerm                             
2000a3fb  Error                                 
2000a433  GetCmd                                
2000a4e9  TrimSpace                             
2000a581  Report                                
2000a641  _SlDrvRxHdrRead                       
2000a889  sl_WlanConnect                        
2000aacd  _Exp                                  
2000acc9  __aeabi_uldivmod                      
2000aebd  GetRegisterValue                      
2000aee7  SetRegisterValue                      
2000af21  BlockRead                             
2000af57  BMA222Open                            
2000af79  BMA222Close                           
2000af7d  BMA222Read                            
2000aff9  BMA222ReadNew                         
2000b0a9  _SlDrvReleasePoolObj                  
2000b279  _SlDrvMsgWrite                        
2000b445  __aeabi_dsub                          
2000b44f  __aeabi_dadd                          
2000b5fd  _SlDrvWaitForPoolObj                  
2000b78d  _SlDrvDriverCBInit                    
2000b901  _SlFindAndSetActiveObj                
2000ba71  spi_Open                              
2000bbbd  sl_Accept                             
2000bcf5  __aeabi_ddiv                          
2000be2d  PRCMCC3200MCUInit                     
2000bf61  vListInitialise                       
2000bf91  vListInitialiseItem                   
2000bfa1  vListInsertEnd                        
2000bfdd  vListInsert                           
2000c043  uxListRemove                          
2000c08d  _SlDrvDataReadOp                      
2000c1b5  strtoul                               
2000c2c9  pxPortInitialiseStack                 
2000c319  xPortStartScheduler                   
2000c345  vPortEndScheduler                     
2000c347  vPortYield                            
2000c359  vPortEnterCritical                    
2000c371  vPortExitCritical                     
2000c389  xPortSysTickHandler                   
2000c3a5  vPortSetupTimerInterrupt              
2000c3d9  _Dscale                               
2000c4e9  sl_Connect                            
2000c5f1  sl_Send                               
2000c6f9  _SlDrvDataWriteOp                     
2000c7fd  _SlDrvNetAppEventHandler              
2000c8fb  __aeabi_dmul                          
2000c9f7  __aeabi_fsub                          
2000c9fb  __aeabi_fadd                          
2000caf1  _SlDrvDriverCBDeinit                  
2000cbe5  uDMAChannelTransferSet                
2000ccd5  spi_Read                              
2000cdb1  _SlDrvClassifyRxMsg                   
2000ce89  sl_Stop                               
2000cf5d  _sl_HandleAsync_DnsGetHostByService   
2000d025  _SlRemoveFromList                     
2000d0e5  _Dint                                 
2000d1a5  _Dnorm                                
2000d265  _SlDrvMsgReadCmdCtx                   
2000d321  sl_Start                              
2000d3e1  ulPortSetInterruptMask                
2000d3f7  vPortClearInterruptMask               
2000d405  xPortPendSVHandler                    
2000d451  vPortSVCHandler                       
2000d479  prvPortStartFirstTask                 
2000d491  portCLZ                               
2000d499  _SlAsyncEventGenericHandler           
2000d551  sl_NetAppMDNSRegisterUnregisterService
2000d605  IntDisable                            
2000d6ad  IntEnable                             
2000d755  SPIConfigSetExpClk                    
2000d7f5  _SlDrvMsgReadSpawnCtx                 
2000d891  __aeabi_memcpy                        
2000d891  __aeabi_memcpy4                       
2000d891  __aeabi_memcpy8                       
2000d891  memcpy                                
2000d92d  sl_DevGet                             
2000d9c9  PRCMPeripheralClockGet                
2000da5d  __aeabi_fdiv                          
2000dc09  _sl_HandleAsync_DnsGetHostByName      
2000dc95  _sl_HandleAsync_PingResponse          
2000dd21  spi_Write                             
2000ddad  PinConfigSet                          
2000de35  vsnprintf                             
2000debd  sl_Bind                               
2000df45  __aeabi_cdcmpeq                       
2000df45  __aeabi_cdcmple                       
2000dfcb  __aeabi_cdrcmple                      
2000e051  I2CMasterInitExpClk                   
2000e0d5  NwpPowerOnPreamble                    
2000e159  GPIOIntTypeSet                        
2000e1dd  _SlDrvCmdOp                           
2000e35d  _sl_HandleAsync_InitComplete          
2000e3d9  __aeabi_fmul                          
2000e453  __aeabi_memclr                        
2000e453  __aeabi_memclr4                       
2000e453  __aeabi_memclr8                       
2000e455  __aeabi_memset                        
2000e455  __aeabi_memset4                       
2000e455  __aeabi_memset8                       
2000e45b  memset                                
2000e4cd  _sl_HandleAsync_Connect               
2000e545  spi_Close                             
2000e5bd  UARTConfigSetExpClk                   
2000e635  PinMuxConfig                          
2000e6a9  sl_Recv                               
2000e71d  _SlDrvCmdSend                         
2000e789  __TI_auto_init                        
2000e861  _sl_NetAppSendTokenValue              
2000e8c9  sl_NetCfgSet                          
2000e931  sl_SetSockOpt                         
2000e999  sl_WlanSet                            
2000ea01  _Dunscale                             
2000ea69  uDMAChannelAttributeDisable           
2000eacd  uDMAChannelAttributeEnable            
2000eb31  _sl_HandleAsync_Accept                
2000eb91  sprintf                               
2000ebf1  sl_WlanPolicySet                      
2000ec51  sl_Socket                             
2000ecad  IntPendClear                          
2000ed05  PRCMPeripheralReset                   
2000ed5d  ltoa                                  
2000edb5  IntPrioritySet                        
2000ee09  _sl_HandleAsync_Select                
2000ee5d  sl_WlanRxFilterSet                    
2000eeb1  _sl_HandleAsync_Stop                  
2000ef01  SPIIntEnable                          
2000ef4d  _SlDrvProtectAsyncRespSetting         
2000ef99  _SlDrvRxIrqHandler                    
2000efe5  _sl_BuildAddress                      
2000f031  atoi                                  
2000f07d  copy_in                               
2000f0c9  uDMAChannelAssign                     
2000f115  SPIIntClear                           
2000f15d  _SlDrvBasicCmd                        
2000f1a5  __aeabi_d2iz                          
2000f1ed  __aeabi_d2f                           
2000f235  ldexp                                 
2000f305  C$$EXIT                               
2000f309  abort                                 
2000f311  exit                                  
2000f349  sl_Htonl                              
2000f38d  PinModeSet                            
2000f3cd  signal                                
2000f40d  strtok                                
2000f44d  CopyPingResultsToReport               
2000f489  PRCMPeripheralClkEnable               
2000f4c5  _sl_TruncatePayloadByProtocol         
2000f501  _c_int00                              
2000f53d  sl_Htons                              
2000f579  sl_Listen                             
2000f5b5  uDMAChannelControlSet                 
2000f5f1  NwpPowerOff                           
2000f629  pvPortMalloc                          
2000f649  vPortFree                             
2000f661  __aeabi_f2d                           
2000f699  GPIODirModeSet                        
2000f6cf  sl_NetAppMDNSUnRegisterService        
2000f705  PRCMPeripheralStatusGet               
2000f739  SPIFIFOLevelSet                       
2000f76d  feraiseexcept                         
2000f7a1  PinTypeGPIO                           
2000f7d1  UARTDisable                           
2000f801  _SlDrvDeviceEventHandler              
2000f831  _Feraise                              
2000f861  sl_Close                              
2000f891  sl_WlanProfileDel                     
2000f8c1  sl_WlanSetMode                        
2000f8f1  __aeabi_i2d                           
2000f91f  raise                                 
2000f94d  DmaSpiSwIntHandler                    
2000f979  I2CMasterErr                          
2000f9a5  NwpPowerOn                            
2000f9d1  PRCMSysResetCauseGet                  
2000f9fd  strspn                                
2000fa27  _Dclass                               
2000fa51  PRCMPeripheralClkDisable              
2000fa79  NwpRegisterInterruptHandler           
2000faa1  IntUnregister                         
2000fac5  UARTEnable                            
2000fae9  _SlDrvProtectionObjLockWaitForever    
2000fb0d  memmove                               
2000fb31  strcspn                               
2000fb55  I2CMasterSlaveAddrSet                 
2000fb77  SPIReset                              
2000fb99  SPIWordCountSet                       
2000fbbb  frexp                                 
2000fbdd  GPIOPinWrite                          
2000fbfd  IntRegister                           
2000fc1d  _SlDrvProtectionObjUnLock             
2000fc3d  I2CMasterIntStatusEx                  
2000fc5b  UARTCharPut                           
2000fc97  PinTypeI2C                            
2000fcb3  UARTCharGetNonBlocking                
2000fccf  _SlDrvObjLockWaitForever              
2000fceb  _SlDrvSyncObjWaitForever              
2000fd07  memccpy                               
2000fd25  uDMAChannelEnable                     
2000fd41  GPIOIntEnable                         
2000fd5b  PinTypeUART                           
2000fd75  SPIDmaDisable                         
2000fd8f  SPIDmaEnable                          
2000fda9  SPIFIFODisable                        
2000fdc3  SPIFIFOEnable                         
2000fddd  GPIOPinRead                           
2000fdf5  SPICSDisable                          
2000fe0d  SPICSEnable                           
2000fe25  SPIDisable                            
2000fe3d  SPIEnable                             
2000fe55  UARTCharsAvail                        
2000fe6d  _SlDrvObjUnLock                       
2000fe85  _SlDrvSyncObjSignal                   
2000fe9d  _sl_GetStartResponseConvert           
2000feb5  _args_main                            
2000fecd  I2CMasterDataPut                      
2000fee3  I2CMasterEnable                       
2000fef9  PRCMHIBRegRead                        
2000ff0f  PRCMHIBRegWrite                       
2000ff25  _SlDrvMemZero                         
2000ff3b  strchr                                
2000ff51  CPUcpsie                              
2000ff65  GPIOIntClear                          
2000ff79  IntVTableBaseSet                      
2000ff8d  _register_unlock                      
2000ff93  _register_lock                        
2000ff9b  _nop                                  
2000ffa1  strlen                                
2000ffb5  I2CMasterControl                      
2000ffc7  I2CMasterIntClearEx                   
2000ffd9  I2CMasterTimeoutSet                   
2000ffeb  I2CMasterDataGet                      
2000fff9  _SlDrvResetCmdExt                     
20010007  __TI_decompress_none                  
20010015  ResetISR                              
20010025  NwpMaskInterrupt                      
20010031  NwpUnMaskInterrupt                    
2001003d  __TI_zero_init                        
20010049  sl_WlanDisconnect                     
20010055  IntMasterEnable                       
2001005f  UtilsDelay                            
20010065  __TI_decompress_rle24                 
2001006b  log                                   
20010071  _system_pre_init                      
20010078  _ctypes_                              
20010570  OpcodeTranslateTable                  
200105ac  _SlPolicySetCmdCtrl                   
200105b0  _SlPolicyGetCmdCtrl                   
200105b4  _SlProfileGetCmdCtrl                  
200105b8  _SlProfileDelCmdCtrl                  
200105bc  _SlWlanGetNetworkListCtrl             
200105c0  _SlRxFilterAddtCmdCtrl                
200105c4  _SlRxFilterSetCmdCtrl                 
200105c8  _SlRxFilterGetCmdCtrl                 
200105cc  _SlSmartConfigStartCmdCtrl            
200105d0  _SlWlanSetModeCmdCtrl                 
200105d4  _SlWlanCfgSetCmdCtrl                  
200105d8  _SlWlanCfgGetCmdCtrl                  
200105e8  _SlActionLookupTable                  
20010658  g_H2NSyncPattern                      
20010660  g_H2NCnysPattern                      
20010668  RxMsgClassLUT                         
2001068c  _SlSockSocketCmdCtrl                  
20010690  _SlSockCloseCmdCtrl                   
20010694  _SlRecvfomCmdCtrl                     
20010698  _SlSendCmdCtrl                        
2001069c  _SlListenCmdCtrl                      
200106a0  _SlAcceptCmdCtrl                      
200106a4  _SlRecvCmdCtrl                        
200106a8  _SlSetSockOptCmdCtrl                  
200106ac  _SlGetSockOptCmdCtrl                  
200106b0  _SlSelectCmdCtrl                      
20010748  _SlNetAppStartCtrl                    
2001074c  _SlNetAppStopCtrl                     
20010750  _SlGetServiceListeCtrl                
20010754  _SlRegisterServiceCtrl                
20010758  _SlGetHostByServiceCtrl               
2001075c  _SlGetHostByNameCtrl                  
20010760  _SlNetAppSetCmdCtrl                   
20010764  _SlNetAppSendTokenValueCmdCtrl        
20010768  _SlNetAppGetCmdCtrl                   
200107cc  _SlStopCmdCtrl                        
200107d0  _SlEventMaskSetCmdCtrl                
200107d4  _SlEventMaskGetCmdCtrl                
200107d8  _SlDeviceGetCmdCtrl                   
200107dc  _SlDeviceSetCmdCtrl                   
200107e0  _SlPayloadByProtocolLUT               
200107f0  StartResponseLUT                      
200107f8  _SlNetCfgSetCmdCtrl                   
200107fc  _SlNetCfgGetCmdCtrl                   
20010800  __TI_static_base__                    
200108a4  __TI_Handler_Table_Base               
200108b0  __TI_Handler_Table_Limit              
200108b8  __TI_CINIT_Base                       
200108c8  __TI_CINIT_Limit                      
20017000  _sys_memory                           
20019000  g_StatMem                             
20019240  g_cBsdBuf                             
200192a4  g_ucDinDout                           
200192f4  xQueueRegistry                        
20019344  g_ucConnectionSSID                    
200193cc  g_ucConnectionBSSID                   
200193d4  DMAMsgQ                               
200193dc  g_cDummy                              
200193e0  g_sockID                              
200193e4  g_temp                                
200193f0  RxIrqCnt                              
200193f1  g_cAccX                               
200193f2  g_cAccY                               
200193f3  g_cAccZ                               
200193f4  g_ucLED1Pin                           
200193f5  g_ucLED2Pin                           
200193f6  g_ucLED3Pin                           
200194a8  _Denorm                               
200194b8  _Eps                                  
200194c8  _Hugeval                              
200194d8  _Inf                                  
200194e8  _Nan                                  
200194f8  _Snan                                 
20019508  _Rteps                                
20019518  _Xbig                                 
20019520  _Zero                                 
20019528  _FDenorm                              
20019538  _FEps                                 
20019548  _FInf                                 
20019558  _FNan                                 
20019568  _FSnan                                
20019578  _FRteps                               
20019588  _FXbig                                
2001958c  _FZero                                
20019590  pxCurrentTCB                          
200195c4  g_ulStatus                            
200195c8  g_ulPingPacketsRecv                   
200195cc  g_ulGatewayIP                         
200195d0  g_ulDestinationIp                     
200195d4  g_uiPortNum                           
200195d8  g_ulPacketCount                       
200195dc  g_ucConnectionStatus                  
200195dd  g_ucSimplelinkstarted                 
200195e0  g_ulIpAddr                            
200195e4  connect_flag                          
200195fc  g_uiLED1Port                          
20019600  g_uiLED2Port                          
20019604  g_uiLED3Port                          
20019608  xHigherPriorityTaskWoken              
2001960c  xSimpleLinkSpawnQueue                 
20019610  xSimpleLinkSpawnTaskHndl              
20019620  g_SpiFd                               
20019624  g_pHostIntHdl                         
20019628  g_ucDMAEnabled                        
2001962c  g_pCB                                 
20019630  pPingCallBackFunc                     
20019634  gFirstCmdMode                         
20019638  _lock                                 
2001963c  _unlock                               
20019640  __TI_cleanup_ptr                      
20019644  __TI_dtors_ptr                        
20019648  _Fenv                                 
2001964c  _Tls_setup__Fenv                      
20019654  _Errno                                
20019658  main_func_sp                          
2002f000  __stack                               
20030000  __STACK_END                           
ffffffff  __binit__                             
ffffffff  __c_args__                            
ffffffff  binit                                 
UNDEFED   SHT$$INIT_ARRAY$$Base                 
UNDEFED   SHT$$INIT_ARRAY$$Limit                

[513 symbols]
