<?xml version="1.0"?>
<link_info>
   <banner>TI ARM Linker PC v5.2.5</banner>
   <copyright>Copyright (c) 1996-2015 Texas Instruments Incorporated</copyright>
   <link_time>0x566e72b2</link_time>
   <link_errors>0x0</link_errors>
   <output_file>oob.out</output_file>
   <entry_point>
      <name>_c_int00</name>
      <address>0x2000f501</address>
   </entry_point>
   <input_file_list>
      <input_file id="fl-2">
         <path>.\</path>
         <kind>object</kind>
         <file>bma222drv.obj</file>
         <name>bma222drv.obj</name>
      </input_file>
      <input_file id="fl-3">
         <path>.\</path>
         <kind>object</kind>
         <file>device_status.obj</file>
         <name>device_status.obj</name>
      </input_file>
      <input_file id="fl-4">
         <path>.\</path>
         <kind>object</kind>
         <file>gpio_if.obj</file>
         <name>gpio_if.obj</name>
      </input_file>
      <input_file id="fl-5">
         <path>.\</path>
         <kind>object</kind>
         <file>i2c_if.obj</file>
         <name>i2c_if.obj</name>
      </input_file>
      <input_file id="fl-6">
         <path>.\</path>
         <kind>object</kind>
         <file>main.obj</file>
         <name>main.obj</name>
      </input_file>
      <input_file id="fl-7">
         <path>.\</path>
         <kind>object</kind>
         <file>pinmux.obj</file>
         <name>pinmux.obj</name>
      </input_file>
      <input_file id="fl-8">
         <path>.\</path>
         <kind>object</kind>
         <file>smartconfig.obj</file>
         <name>smartconfig.obj</name>
      </input_file>
      <input_file id="fl-9">
         <path>.\</path>
         <kind>object</kind>
         <file>startup_ccs.obj</file>
         <name>startup_ccs.obj</name>
      </input_file>
      <input_file id="fl-a">
         <path>.\</path>
         <kind>object</kind>
         <file>tmp006drv.obj</file>
         <name>tmp006drv.obj</name>
      </input_file>
      <input_file id="fl-b">
         <path>.\</path>
         <kind>object</kind>
         <file>uart_if.obj</file>
         <name>uart_if.obj</name>
      </input_file>
      <input_file id="fl-134">
         <path>C:\ti\ccsv6\tools\compiler\ti-cgt-arm_5.2.5\lib\</path>
         <kind>archive</kind>
         <file>rtsv7M4_T_le_eabi.lib</file>
         <name>boot.obj</name>
      </input_file>
      <input_file id="fl-135">
         <path>C:\ti\ccsv6\tools\compiler\ti-cgt-arm_5.2.5\lib\</path>
         <kind>archive</kind>
         <file>rtsv7M4_T_le_eabi.lib</file>
         <name>copy_decompress_none.obj</name>
      </input_file>
      <input_file id="fl-136">
         <path>C:\ti\ccsv6\tools\compiler\ti-cgt-arm_5.2.5\lib\</path>
         <kind>archive</kind>
         <file>rtsv7M4_T_le_eabi.lib</file>
         <name>copy_decompress_rle.obj</name>
      </input_file>
      <input_file id="fl-137">
         <path>C:\ti\ccsv6\tools\compiler\ti-cgt-arm_5.2.5\lib\</path>
         <kind>archive</kind>
         <file>rtsv7M4_T_le_eabi.lib</file>
         <name>copy_zero_init.obj</name>
      </input_file>
      <input_file id="fl-138">
         <path>C:\ti\ccsv6\tools\compiler\ti-cgt-arm_5.2.5\lib\</path>
         <kind>archive</kind>
         <file>rtsv7M4_T_le_eabi.lib</file>
         <name>exit.obj</name>
      </input_file>
      <input_file id="fl-139">
         <path>C:\ti\ccsv6\tools\compiler\ti-cgt-arm_5.2.5\lib\</path>
         <kind>archive</kind>
         <file>rtsv7M4_T_le_eabi.lib</file>
         <name>fd_add_t2.obj</name>
      </input_file>
      <input_file id="fl-13a">
         <path>C:\ti\ccsv6\tools\compiler\ti-cgt-arm_5.2.5\lib\</path>
         <kind>archive</kind>
         <file>rtsv7M4_T_le_eabi.lib</file>
         <name>fd_div_t2.obj</name>
      </input_file>
      <input_file id="fl-13b">
         <path>C:\ti\ccsv6\tools\compiler\ti-cgt-arm_5.2.5\lib\</path>
         <kind>archive</kind>
         <file>rtsv7M4_T_le_eabi.lib</file>
         <name>fd_mul_t2.obj</name>
      </input_file>
      <input_file id="fl-13c">
         <path>C:\ti\ccsv6\tools\compiler\ti-cgt-arm_5.2.5\lib\</path>
         <kind>archive</kind>
         <file>rtsv7M4_T_le_eabi.lib</file>
         <name>fd_tos_t2.obj</name>
      </input_file>
      <input_file id="fl-13d">
         <path>C:\ti\ccsv6\tools\compiler\ti-cgt-arm_5.2.5\lib\</path>
         <kind>archive</kind>
         <file>rtsv7M4_T_le_eabi.lib</file>
         <name>fs_add_t2.obj</name>
      </input_file>
      <input_file id="fl-13e">
         <path>C:\ti\ccsv6\tools\compiler\ti-cgt-arm_5.2.5\lib\</path>
         <kind>archive</kind>
         <file>rtsv7M4_T_le_eabi.lib</file>
         <name>fs_div_t2.obj</name>
      </input_file>
      <input_file id="fl-13f">
         <path>C:\ti\ccsv6\tools\compiler\ti-cgt-arm_5.2.5\lib\</path>
         <kind>archive</kind>
         <file>rtsv7M4_T_le_eabi.lib</file>
         <name>fs_mul_t2.obj</name>
      </input_file>
      <input_file id="fl-140">
         <path>C:\ti\ccsv6\tools\compiler\ti-cgt-arm_5.2.5\lib\</path>
         <kind>archive</kind>
         <file>rtsv7M4_T_le_eabi.lib</file>
         <name>fs_tod_t2.obj</name>
      </input_file>
      <input_file id="fl-141">
         <path>C:\ti\ccsv6\tools\compiler\ti-cgt-arm_5.2.5\lib\</path>
         <kind>archive</kind>
         <file>rtsv7M4_T_le_eabi.lib</file>
         <name>i_tofd_t2.obj</name>
      </input_file>
      <input_file id="fl-142">
         <path>C:\ti\ccsv6\tools\compiler\ti-cgt-arm_5.2.5\lib\</path>
         <kind>archive</kind>
         <file>rtsv7M4_T_le_eabi.lib</file>
         <name>memcpy_t2.obj</name>
      </input_file>
      <input_file id="fl-143">
         <path>C:\ti\ccsv6\tools\compiler\ti-cgt-arm_5.2.5\lib\</path>
         <kind>archive</kind>
         <file>rtsv7M4_T_le_eabi.lib</file>
         <name>memmov.obj</name>
      </input_file>
      <input_file id="fl-144">
         <path>C:\ti\ccsv6\tools\compiler\ti-cgt-arm_5.2.5\lib\</path>
         <kind>archive</kind>
         <file>rtsv7M4_T_le_eabi.lib</file>
         <name>memory.obj</name>
      </input_file>
      <input_file id="fl-145">
         <path>C:\ti\ccsv6\tools\compiler\ti-cgt-arm_5.2.5\lib\</path>
         <kind>archive</kind>
         <file>rtsv7M4_T_le_eabi.lib</file>
         <name>memset_t2.obj</name>
      </input_file>
      <input_file id="fl-146">
         <path>C:\ti\ccsv6\tools\compiler\ti-cgt-arm_5.2.5\lib\</path>
         <kind>archive</kind>
         <file>rtsv7M4_T_le_eabi.lib</file>
         <name>pow.obj</name>
      </input_file>
      <input_file id="fl-147">
         <path>C:\ti\ccsv6\tools\compiler\ti-cgt-arm_5.2.5\lib\</path>
         <kind>archive</kind>
         <file>rtsv7M4_T_le_eabi.lib</file>
         <name>pre_init.obj</name>
      </input_file>
      <input_file id="fl-148">
         <path>C:\ti\ccsv6\tools\compiler\ti-cgt-arm_5.2.5\lib\</path>
         <kind>archive</kind>
         <file>rtsv7M4_T_le_eabi.lib</file>
         <name>sprintf.obj</name>
      </input_file>
      <input_file id="fl-149">
         <path>C:\ti\ccsv6\tools\compiler\ti-cgt-arm_5.2.5\lib\</path>
         <kind>archive</kind>
         <file>rtsv7M4_T_le_eabi.lib</file>
         <name>stkdepth_vars.obj</name>
      </input_file>
      <input_file id="fl-14a">
         <path>C:\ti\ccsv6\tools\compiler\ti-cgt-arm_5.2.5\lib\</path>
         <kind>archive</kind>
         <file>rtsv7M4_T_le_eabi.lib</file>
         <name>strlen.obj</name>
      </input_file>
      <input_file id="fl-14b">
         <path>C:\ti\ccsv6\tools\compiler\ti-cgt-arm_5.2.5\lib\</path>
         <kind>archive</kind>
         <file>rtsv7M4_T_le_eabi.lib</file>
         <name>strtok.obj</name>
      </input_file>
      <input_file id="fl-14c">
         <path>C:\ti\ccsv6\tools\compiler\ti-cgt-arm_5.2.5\lib\</path>
         <kind>archive</kind>
         <file>rtsv7M4_T_le_eabi.lib</file>
         <name>strtoul.obj</name>
      </input_file>
      <input_file id="fl-14d">
         <path>C:\ti\ccsv6\tools\compiler\ti-cgt-arm_5.2.5\lib\</path>
         <kind>archive</kind>
         <file>rtsv7M4_T_le_eabi.lib</file>
         <name>vsnprintf.obj</name>
      </input_file>
      <input_file id="fl-14e">
         <path>C:\ti\ccsv6\tools\compiler\ti-cgt-arm_5.2.5\lib\</path>
         <kind>archive</kind>
         <file>rtsv7M4_T_le_eabi.lib</file>
         <name>xdint.obj</name>
      </input_file>
      <input_file id="fl-14f">
         <path>C:\ti\ccsv6\tools\compiler\ti-cgt-arm_5.2.5\lib\</path>
         <kind>archive</kind>
         <file>rtsv7M4_T_le_eabi.lib</file>
         <name>xdunscal.obj</name>
      </input_file>
      <input_file id="fl-150">
         <path>C:\ti\ccsv6\tools\compiler\ti-cgt-arm_5.2.5\lib\</path>
         <kind>archive</kind>
         <file>rtsv7M4_T_le_eabi.lib</file>
         <name>xexp.obj</name>
      </input_file>
      <input_file id="fl-151">
         <path>C:\ti\ccsv6\tools\compiler\ti-cgt-arm_5.2.5\lib\</path>
         <kind>archive</kind>
         <file>rtsv7M4_T_le_eabi.lib</file>
         <name>xferaise.obj</name>
      </input_file>
      <input_file id="fl-152">
         <path>C:\ti\ccsv6\tools\compiler\ti-cgt-arm_5.2.5\lib\</path>
         <kind>archive</kind>
         <file>rtsv7M4_T_le_eabi.lib</file>
         <name>xvalues.obj</name>
      </input_file>
      <input_file id="fl-153">
         <path>C:\ti\ccsv6\tools\compiler\ti-cgt-arm_5.2.5\lib\</path>
         <kind>archive</kind>
         <file>rtsv7M4_T_le_eabi.lib</file>
         <name>_lock.obj</name>
      </input_file>
      <input_file id="fl-154">
         <path>C:\ti\ccsv6\tools\compiler\ti-cgt-arm_5.2.5\lib\</path>
         <kind>archive</kind>
         <file>rtsv7M4_T_le_eabi.lib</file>
         <name>_printfi.obj</name>
      </input_file>
      <input_file id="fl-155">
         <path>C:\ti\ccsv6\tools\compiler\ti-cgt-arm_5.2.5\lib\</path>
         <kind>archive</kind>
         <file>rtsv7M4_T_le_eabi.lib</file>
         <name>args_main.obj</name>
      </input_file>
      <input_file id="fl-156">
         <path>C:\ti\ccsv6\tools\compiler\ti-cgt-arm_5.2.5\lib\</path>
         <kind>archive</kind>
         <file>rtsv7M4_T_le_eabi.lib</file>
         <name>atoi.obj</name>
      </input_file>
      <input_file id="fl-157">
         <path>C:\ti\ccsv6\tools\compiler\ti-cgt-arm_5.2.5\lib\</path>
         <kind>archive</kind>
         <file>rtsv7M4_T_le_eabi.lib</file>
         <name>autoinit.obj</name>
      </input_file>
      <input_file id="fl-158">
         <path>C:\ti\ccsv6\tools\compiler\ti-cgt-arm_5.2.5\lib\</path>
         <kind>archive</kind>
         <file>rtsv7M4_T_le_eabi.lib</file>
         <name>cpy_tbl.obj</name>
      </input_file>
      <input_file id="fl-159">
         <path>C:\ti\ccsv6\tools\compiler\ti-cgt-arm_5.2.5\lib\</path>
         <kind>archive</kind>
         <file>rtsv7M4_T_le_eabi.lib</file>
         <name>ctype.obj</name>
      </input_file>
      <input_file id="fl-15a">
         <path>C:\ti\ccsv6\tools\compiler\ti-cgt-arm_5.2.5\lib\</path>
         <kind>archive</kind>
         <file>rtsv7M4_T_le_eabi.lib</file>
         <name>errno.obj</name>
      </input_file>
      <input_file id="fl-15b">
         <path>C:\ti\ccsv6\tools\compiler\ti-cgt-arm_5.2.5\lib\</path>
         <kind>archive</kind>
         <file>rtsv7M4_T_le_eabi.lib</file>
         <name>fd_cmp_t2.obj</name>
      </input_file>
      <input_file id="fl-15c">
         <path>C:\ti\ccsv6\tools\compiler\ti-cgt-arm_5.2.5\lib\</path>
         <kind>archive</kind>
         <file>rtsv7M4_T_le_eabi.lib</file>
         <name>fd_toi_t2.obj</name>
      </input_file>
      <input_file id="fl-15d">
         <path>C:\ti\ccsv6\tools\compiler\ti-cgt-arm_5.2.5\lib\</path>
         <kind>archive</kind>
         <file>rtsv7M4_T_le_eabi.lib</file>
         <name>feraiseexcept.obj</name>
      </input_file>
      <input_file id="fl-15e">
         <path>C:\ti\ccsv6\tools\compiler\ti-cgt-arm_5.2.5\lib\</path>
         <kind>archive</kind>
         <file>rtsv7M4_T_le_eabi.lib</file>
         <name>frexp.obj</name>
      </input_file>
      <input_file id="fl-15f">
         <path>C:\ti\ccsv6\tools\compiler\ti-cgt-arm_5.2.5\lib\</path>
         <kind>archive</kind>
         <file>rtsv7M4_T_le_eabi.lib</file>
         <name>ldexp.obj</name>
      </input_file>
      <input_file id="fl-160">
         <path>C:\ti\ccsv6\tools\compiler\ti-cgt-arm_5.2.5\lib\</path>
         <kind>archive</kind>
         <file>rtsv7M4_T_le_eabi.lib</file>
         <name>log.obj</name>
      </input_file>
      <input_file id="fl-161">
         <path>C:\ti\ccsv6\tools\compiler\ti-cgt-arm_5.2.5\lib\</path>
         <kind>archive</kind>
         <file>rtsv7M4_T_le_eabi.lib</file>
         <name>ltoa.obj</name>
      </input_file>
      <input_file id="fl-162">
         <path>C:\ti\ccsv6\tools\compiler\ti-cgt-arm_5.2.5\lib\</path>
         <kind>archive</kind>
         <file>rtsv7M4_T_le_eabi.lib</file>
         <name>memccpy.obj</name>
      </input_file>
      <input_file id="fl-163">
         <path>C:\ti\ccsv6\tools\compiler\ti-cgt-arm_5.2.5\lib\</path>
         <kind>archive</kind>
         <file>rtsv7M4_T_le_eabi.lib</file>
         <name>raise.obj</name>
      </input_file>
      <input_file id="fl-164">
         <path>C:\ti\ccsv6\tools\compiler\ti-cgt-arm_5.2.5\lib\</path>
         <kind>archive</kind>
         <file>rtsv7M4_T_le_eabi.lib</file>
         <name>signal.obj</name>
      </input_file>
      <input_file id="fl-165">
         <path>C:\ti\ccsv6\tools\compiler\ti-cgt-arm_5.2.5\lib\</path>
         <kind>archive</kind>
         <file>rtsv7M4_T_le_eabi.lib</file>
         <name>strchr.obj</name>
      </input_file>
      <input_file id="fl-166">
         <path>C:\ti\ccsv6\tools\compiler\ti-cgt-arm_5.2.5\lib\</path>
         <kind>archive</kind>
         <file>rtsv7M4_T_le_eabi.lib</file>
         <name>strcspn.obj</name>
      </input_file>
      <input_file id="fl-167">
         <path>C:\ti\ccsv6\tools\compiler\ti-cgt-arm_5.2.5\lib\</path>
         <kind>archive</kind>
         <file>rtsv7M4_T_le_eabi.lib</file>
         <name>strspn.obj</name>
      </input_file>
      <input_file id="fl-168">
         <path>C:\ti\ccsv6\tools\compiler\ti-cgt-arm_5.2.5\lib\</path>
         <kind>archive</kind>
         <file>rtsv7M4_T_le_eabi.lib</file>
         <name>ull_div_t2.obj</name>
      </input_file>
      <input_file id="fl-169">
         <path>C:\ti\ccsv6\tools\compiler\ti-cgt-arm_5.2.5\lib\</path>
         <kind>archive</kind>
         <file>rtsv7M4_T_le_eabi.lib</file>
         <name>xdclass.obj</name>
      </input_file>
      <input_file id="fl-16a">
         <path>C:\ti\ccsv6\tools\compiler\ti-cgt-arm_5.2.5\lib\</path>
         <kind>archive</kind>
         <file>rtsv7M4_T_le_eabi.lib</file>
         <name>xdnorm.obj</name>
      </input_file>
      <input_file id="fl-16b">
         <path>C:\ti\ccsv6\tools\compiler\ti-cgt-arm_5.2.5\lib\</path>
         <kind>archive</kind>
         <file>rtsv7M4_T_le_eabi.lib</file>
         <name>xdscale.obj</name>
      </input_file>
      <input_file id="fl-16c">
         <path>C:\ti\ccsv6\tools\compiler\ti-cgt-arm_5.2.5\lib\</path>
         <kind>archive</kind>
         <file>rtsv7M4_T_le_eabi.lib</file>
         <name>xlog.obj</name>
      </input_file>
      <input_file id="fl-16d">
         <path>C:\ti\ccsv6\tools\compiler\ti-cgt-arm_5.2.5\lib\</path>
         <kind>archive</kind>
         <file>rtsv7M4_T_le_eabi.lib</file>
         <name>xfvalues.obj</name>
      </input_file>
      <input_file id="fl-16e">
         <path>C:\ti\CC3200SDK_1.1.0\cc3200-sdk\driverlib\ccs\Release\</path>
         <kind>archive</kind>
         <file>driverlib.a</file>
         <name>gpio.obj</name>
      </input_file>
      <input_file id="fl-16f">
         <path>C:\ti\CC3200SDK_1.1.0\cc3200-sdk\driverlib\ccs\Release\</path>
         <kind>archive</kind>
         <file>driverlib.a</file>
         <name>i2c.obj</name>
      </input_file>
      <input_file id="fl-170">
         <path>C:\ti\CC3200SDK_1.1.0\cc3200-sdk\driverlib\ccs\Release\</path>
         <kind>archive</kind>
         <file>driverlib.a</file>
         <name>interrupt.obj</name>
      </input_file>
      <input_file id="fl-171">
         <path>C:\ti\CC3200SDK_1.1.0\cc3200-sdk\driverlib\ccs\Release\</path>
         <kind>archive</kind>
         <file>driverlib.a</file>
         <name>pin.obj</name>
      </input_file>
      <input_file id="fl-172">
         <path>C:\ti\CC3200SDK_1.1.0\cc3200-sdk\driverlib\ccs\Release\</path>
         <kind>archive</kind>
         <file>driverlib.a</file>
         <name>prcm.obj</name>
      </input_file>
      <input_file id="fl-173">
         <path>C:\ti\CC3200SDK_1.1.0\cc3200-sdk\driverlib\ccs\Release\</path>
         <kind>archive</kind>
         <file>driverlib.a</file>
         <name>uart.obj</name>
      </input_file>
      <input_file id="fl-174">
         <path>C:\ti\CC3200SDK_1.1.0\cc3200-sdk\driverlib\ccs\Release\</path>
         <kind>archive</kind>
         <file>driverlib.a</file>
         <name>utils.obj</name>
      </input_file>
      <input_file id="fl-175">
         <path>C:\ti\CC3200SDK_1.1.0\cc3200-sdk\driverlib\ccs\Release\</path>
         <kind>archive</kind>
         <file>driverlib.a</file>
         <name>cpu.obj</name>
      </input_file>
      <input_file id="fl-176">
         <path>C:\ti\CC3200SDK_1.1.0\cc3200-sdk\driverlib\ccs\Release\</path>
         <kind>archive</kind>
         <file>driverlib.a</file>
         <name>flash.obj</name>
      </input_file>
      <input_file id="fl-177">
         <path>C:\ti\CC3200SDK_1.1.0\cc3200-sdk\simplelink\ccs\OS\</path>
         <kind>archive</kind>
         <file>simplelink.a</file>
         <name>device.obj</name>
      </input_file>
      <input_file id="fl-178">
         <path>C:\ti\CC3200SDK_1.1.0\cc3200-sdk\simplelink\ccs\OS\</path>
         <kind>archive</kind>
         <file>simplelink.a</file>
         <name>driver.obj</name>
      </input_file>
      <input_file id="fl-179">
         <path>C:\ti\CC3200SDK_1.1.0\cc3200-sdk\simplelink\ccs\OS\</path>
         <kind>archive</kind>
         <file>simplelink.a</file>
         <name>netapp.obj</name>
      </input_file>
      <input_file id="fl-17a">
         <path>C:\ti\CC3200SDK_1.1.0\cc3200-sdk\simplelink\ccs\OS\</path>
         <kind>archive</kind>
         <file>simplelink.a</file>
         <name>netcfg.obj</name>
      </input_file>
      <input_file id="fl-17b">
         <path>C:\ti\CC3200SDK_1.1.0\cc3200-sdk\simplelink\ccs\OS\</path>
         <kind>archive</kind>
         <file>simplelink.a</file>
         <name>socket.obj</name>
      </input_file>
      <input_file id="fl-17c">
         <path>C:\ti\CC3200SDK_1.1.0\cc3200-sdk\simplelink\ccs\OS\</path>
         <kind>archive</kind>
         <file>simplelink.a</file>
         <name>wlan.obj</name>
      </input_file>
      <input_file id="fl-17d">
         <path>C:\ti\CC3200SDK_1.1.0\cc3200-sdk\simplelink\ccs\OS\</path>
         <kind>archive</kind>
         <file>simplelink.a</file>
         <name>cc_pal.obj</name>
      </input_file>
      <input_file id="fl-17e">
         <path>C:\ti\CC3200SDK_1.1.0\cc3200-sdk\oslib\ccs\free_rtos\</path>
         <kind>archive</kind>
         <file>free_rtos.a</file>
         <name>osi_freertos.obj</name>
      </input_file>
      <input_file id="fl-17f">
         <path>C:\ti\CC3200SDK_1.1.0\cc3200-sdk\oslib\ccs\free_rtos\</path>
         <kind>archive</kind>
         <file>free_rtos.a</file>
         <name>port.obj</name>
      </input_file>
      <input_file id="fl-180">
         <path>C:\ti\CC3200SDK_1.1.0\cc3200-sdk\oslib\ccs\free_rtos\</path>
         <kind>archive</kind>
         <file>free_rtos.a</file>
         <name>portasm.obj</name>
      </input_file>
      <input_file id="fl-181">
         <path>C:\ti\CC3200SDK_1.1.0\cc3200-sdk\oslib\ccs\free_rtos\</path>
         <kind>archive</kind>
         <file>free_rtos.a</file>
         <name>queue.obj</name>
      </input_file>
      <input_file id="fl-182">
         <path>C:\ti\CC3200SDK_1.1.0\cc3200-sdk\oslib\ccs\free_rtos\</path>
         <kind>archive</kind>
         <file>free_rtos.a</file>
         <name>tasks.obj</name>
      </input_file>
      <input_file id="fl-183">
         <path>C:\ti\CC3200SDK_1.1.0\cc3200-sdk\oslib\ccs\free_rtos\</path>
         <kind>archive</kind>
         <file>free_rtos.a</file>
         <name>heap_3.obj</name>
      </input_file>
      <input_file id="fl-184">
         <path>C:\ti\CC3200SDK_1.1.0\cc3200-sdk\oslib\ccs\free_rtos\</path>
         <kind>archive</kind>
         <file>free_rtos.a</file>
         <name>list.obj</name>
      </input_file>
      <input_file id="fl-185">
         <path>C:\ti\ccsv6\tools\compiler\ti-cgt-arm_5.2.5\lib\</path>
         <kind>archive</kind>
         <file>rtsv7M4_T_le_eabi.lib</file>
         <name>ll_lsr_t2.obj</name>
      </input_file>
      <input_file id="fl-186">
         <path>C:\ti\CC3200SDK_1.1.0\cc3200-sdk\driverlib\ccs\Release\</path>
         <kind>archive</kind>
         <file>driverlib.a</file>
         <name>spi.obj</name>
      </input_file>
      <input_file id="fl-187">
         <path>C:\ti\CC3200SDK_1.1.0\cc3200-sdk\driverlib\ccs\Release\</path>
         <kind>archive</kind>
         <file>driverlib.a</file>
         <name>udma.obj</name>
      </input_file>
   </input_file_list>
   <object_component_list>
      <object_component id="oc-f">
         <name>.intvecs</name>
         <load_address>0x20004000</load_address>
         <run_address>0x20004000</run_address>
         <size>0x400</size>
         <input_file_ref idref="fl-9"/>
      </object_component>
      <object_component id="oc-87">
         <name>.text</name>
         <load_address>0x20004400</load_address>
         <run_address>0x20004400</run_address>
         <size>0x1258</size>
         <input_file_ref idref="fl-182"/>
      </object_component>
      <object_component id="oc-c3">
         <name>.text</name>
         <load_address>0x20005658</load_address>
         <run_address>0x20005658</run_address>
         <size>0x11ac</size>
         <input_file_ref idref="fl-6"/>
      </object_component>
      <object_component id="oc-318">
         <name>.text</name>
         <load_address>0x20006804</load_address>
         <run_address>0x20006804</run_address>
         <size>0x10a6</size>
         <input_file_ref idref="fl-154"/>
      </object_component>
      <object_component id="oc-674">
         <name>.text:IntDefaultHandler</name>
         <load_address>0x200078aa</load_address>
         <run_address>0x200078aa</run_address>
         <size>0x2</size>
         <input_file_ref idref="fl-170"/>
      </object_component>
      <object_component id="oc-415">
         <name>.text</name>
         <load_address>0x200078ac</load_address>
         <run_address>0x200078ac</run_address>
         <size>0xb24</size>
         <input_file_ref idref="fl-181"/>
      </object_component>
      <object_component id="oc-6f6">
         <name>.text:_SlDrvMsgRead</name>
         <load_address>0x200083d0</load_address>
         <run_address>0x200083d0</run_address>
         <size>0x5ec</size>
         <input_file_ref idref="fl-178"/>
      </object_component>
      <object_component id="oc-45a">
         <name>.text</name>
         <load_address>0x200089bc</load_address>
         <run_address>0x200089bc</run_address>
         <size>0x480</size>
         <input_file_ref idref="fl-146"/>
      </object_component>
      <object_component id="oc-1e6">
         <name>.text</name>
         <load_address>0x20008e3c</load_address>
         <run_address>0x20008e3c</run_address>
         <size>0x45c</size>
         <input_file_ref idref="fl-17e"/>
      </object_component>
      <object_component id="oc-204">
         <name>.text</name>
         <load_address>0x20009298</load_address>
         <run_address>0x20009298</run_address>
         <size>0x434</size>
         <input_file_ref idref="fl-a"/>
      </object_component>
      <object_component id="oc-261">
         <name>.text</name>
         <load_address>0x200096cc</load_address>
         <run_address>0x200096cc</run_address>
         <size>0x3dc</size>
         <input_file_ref idref="fl-144"/>
      </object_component>
      <object_component id="oc-1e0">
         <name>.text</name>
         <load_address>0x20009aa8</load_address>
         <run_address>0x20009aa8</run_address>
         <size>0x394</size>
         <input_file_ref idref="fl-4"/>
      </object_component>
      <object_component id="oc-799">
         <name>.text</name>
         <load_address>0x20009e3c</load_address>
         <run_address>0x20009e3c</run_address>
         <size>0x2e4</size>
         <input_file_ref idref="fl-16c"/>
      </object_component>
      <object_component id="oc-21c">
         <name>.text</name>
         <load_address>0x2000a120</load_address>
         <run_address>0x2000a120</run_address>
         <size>0x290</size>
         <input_file_ref idref="fl-5"/>
      </object_component>
      <object_component id="oc-11f">
         <name>.text</name>
         <load_address>0x2000a3b0</load_address>
         <run_address>0x2000a3b0</run_address>
         <size>0x290</size>
         <input_file_ref idref="fl-b"/>
      </object_component>
      <object_component id="oc-7cc">
         <name>.text:_SlDrvRxHdrRead</name>
         <load_address>0x2000a640</load_address>
         <run_address>0x2000a640</run_address>
         <size>0x248</size>
         <input_file_ref idref="fl-178"/>
      </object_component>
      <object_component id="oc-1da">
         <name>.text:sl_WlanConnect</name>
         <load_address>0x2000a888</load_address>
         <run_address>0x2000a888</run_address>
         <size>0x244</size>
         <input_file_ref idref="fl-17c"/>
      </object_component>
      <object_component id="oc-6a8">
         <name>.text</name>
         <load_address>0x2000aacc</load_address>
         <run_address>0x2000aacc</run_address>
         <size>0x1fc</size>
         <input_file_ref idref="fl-150"/>
      </object_component>
      <object_component id="oc-559">
         <name>.text</name>
         <load_address>0x2000acc8</load_address>
         <run_address>0x2000acc8</run_address>
         <size>0x1f4</size>
         <input_file_ref idref="fl-168"/>
      </object_component>
      <object_component id="oc-20a">
         <name>.text</name>
         <load_address>0x2000aebc</load_address>
         <run_address>0x2000aebc</run_address>
         <size>0x1ec</size>
         <input_file_ref idref="fl-2"/>
      </object_component>
      <object_component id="oc-302">
         <name>.text:_SlDrvReleasePoolObj</name>
         <load_address>0x2000b0a8</load_address>
         <run_address>0x2000b0a8</run_address>
         <size>0x1d0</size>
         <input_file_ref idref="fl-178"/>
      </object_component>
      <object_component id="oc-519">
         <name>.text:_SlDrvMsgWrite</name>
         <load_address>0x2000b278</load_address>
         <run_address>0x2000b278</run_address>
         <size>0x1cc</size>
         <input_file_ref idref="fl-178"/>
      </object_component>
      <object_component id="oc-450">
         <name>.text</name>
         <load_address>0x2000b444</load_address>
         <run_address>0x2000b444</run_address>
         <size>0x1b6</size>
         <input_file_ref idref="fl-139"/>
      </object_component>
      <object_component id="oc-531">
         <name>.text:_SlDrvWaitForPoolObj</name>
         <load_address>0x2000b5fc</load_address>
         <run_address>0x2000b5fc</run_address>
         <size>0x190</size>
         <input_file_ref idref="fl-178"/>
      </object_component>
      <object_component id="oc-346">
         <name>.text:_SlDrvDriverCBInit</name>
         <load_address>0x2000b78c</load_address>
         <run_address>0x2000b78c</run_address>
         <size>0x174</size>
         <input_file_ref idref="fl-178"/>
      </object_component>
      <object_component id="oc-7de">
         <name>.text:_SlFindAndSetActiveObj</name>
         <load_address>0x2000b900</load_address>
         <run_address>0x2000b900</run_address>
         <size>0x170</size>
         <input_file_ref idref="fl-178"/>
      </object_component>
      <object_component id="oc-34c">
         <name>.text:spi_Open</name>
         <load_address>0x2000ba70</load_address>
         <run_address>0x2000ba70</run_address>
         <size>0x14c</size>
         <input_file_ref idref="fl-17d"/>
      </object_component>
      <object_component id="oc-171">
         <name>.text:sl_Accept</name>
         <load_address>0x2000bbbc</load_address>
         <run_address>0x2000bbbc</run_address>
         <size>0x138</size>
         <input_file_ref idref="fl-17b"/>
      </object_component>
      <object_component id="oc-460">
         <name>.text</name>
         <load_address>0x2000bcf4</load_address>
         <run_address>0x2000bcf4</run_address>
         <size>0x136</size>
         <input_file_ref idref="fl-13a"/>
      </object_component>
      <object_component id="oc-1fe">
         <name>.text:PRCMCC3200MCUInit</name>
         <load_address>0x2000be2c</load_address>
         <run_address>0x2000be2c</run_address>
         <size>0x134</size>
         <input_file_ref idref="fl-172"/>
      </object_component>
      <object_component id="oc-e2">
         <name>.text</name>
         <load_address>0x2000bf60</load_address>
         <run_address>0x2000bf60</run_address>
         <size>0x12a</size>
         <input_file_ref idref="fl-184"/>
      </object_component>
      <object_component id="oc-337">
         <name>.text:_SlDrvDataReadOp</name>
         <load_address>0x2000c08c</load_address>
         <run_address>0x2000c08c</run_address>
         <size>0x128</size>
         <input_file_ref idref="fl-178"/>
      </object_component>
      <object_component id="oc-1d4">
         <name>.text</name>
         <load_address>0x2000c1b4</load_address>
         <run_address>0x2000c1b4</run_address>
         <size>0x114</size>
         <input_file_ref idref="fl-14c"/>
      </object_component>
      <object_component id="oc-38">
         <name>.text</name>
         <load_address>0x2000c2c8</load_address>
         <run_address>0x2000c2c8</run_address>
         <size>0x110</size>
         <input_file_ref idref="fl-17f"/>
      </object_component>
      <object_component id="oc-713">
         <name>.text</name>
         <load_address>0x2000c3d8</load_address>
         <run_address>0x2000c3d8</run_address>
         <size>0x110</size>
         <input_file_ref idref="fl-16b"/>
      </object_component>
      <object_component id="oc-140">
         <name>.text:sl_Connect</name>
         <load_address>0x2000c4e8</load_address>
         <run_address>0x2000c4e8</run_address>
         <size>0x108</size>
         <input_file_ref idref="fl-17b"/>
      </object_component>
      <object_component id="oc-157">
         <name>.text:sl_Send</name>
         <load_address>0x2000c5f0</load_address>
         <run_address>0x2000c5f0</run_address>
         <size>0x108</size>
         <input_file_ref idref="fl-17b"/>
      </object_component>
      <object_component id="oc-32c">
         <name>.text:_SlDrvDataWriteOp</name>
         <load_address>0x2000c6f8</load_address>
         <run_address>0x2000c6f8</run_address>
         <size>0x104</size>
         <input_file_ref idref="fl-178"/>
      </object_component>
      <object_component id="oc-834">
         <name>.text:_SlDrvNetAppEventHandler</name>
         <load_address>0x2000c7fc</load_address>
         <run_address>0x2000c7fc</run_address>
         <size>0xfe</size>
         <input_file_ref idref="fl-179"/>
      </object_component>
      <object_component id="oc-455">
         <name>.text</name>
         <load_address>0x2000c8fa</load_address>
         <run_address>0x2000c8fa</run_address>
         <size>0xfc</size>
         <input_file_ref idref="fl-13b"/>
      </object_component>
      <object_component id="oc-479">
         <name>.text</name>
         <load_address>0x2000c9f6</load_address>
         <run_address>0x2000c9f6</run_address>
         <size>0xfa</size>
         <input_file_ref idref="fl-13d"/>
      </object_component>
      <object_component id="oc-382">
         <name>.text:_SlDrvDriverCBDeinit</name>
         <load_address>0x2000caf0</load_address>
         <run_address>0x2000caf0</run_address>
         <size>0xf4</size>
         <input_file_ref idref="fl-178"/>
      </object_component>
      <object_component id="oc-880">
         <name>.text:uDMAChannelTransferSet</name>
         <load_address>0x2000cbe4</load_address>
         <run_address>0x2000cbe4</run_address>
         <size>0xf0</size>
         <input_file_ref idref="fl-187"/>
      </object_component>
      <object_component id="oc-7d8">
         <name>.text:spi_Read</name>
         <load_address>0x2000ccd4</load_address>
         <run_address>0x2000ccd4</run_address>
         <size>0xdc</size>
         <input_file_ref idref="fl-17d"/>
      </object_component>
      <object_component id="oc-7d2">
         <name>.text:_SlDrvClassifyRxMsg</name>
         <load_address>0x2000cdb0</load_address>
         <run_address>0x2000cdb0</run_address>
         <size>0xd8</size>
         <input_file_ref idref="fl-178"/>
      </object_component>
      <object_component id="oc-191">
         <name>.text:sl_Stop</name>
         <load_address>0x2000ce88</load_address>
         <run_address>0x2000ce88</run_address>
         <size>0xd4</size>
         <input_file_ref idref="fl-177"/>
      </object_component>
      <object_component id="oc-893">
         <name>.text:_sl_HandleAsync_DnsGetHostByService</name>
         <load_address>0x2000cf5c</load_address>
         <run_address>0x2000cf5c</run_address>
         <size>0xc8</size>
         <input_file_ref idref="fl-179"/>
      </object_component>
      <object_component id="oc-545">
         <name>.text:_SlRemoveFromList</name>
         <load_address>0x2000d024</load_address>
         <run_address>0x2000d024</run_address>
         <size>0xc0</size>
         <input_file_ref idref="fl-178"/>
      </object_component>
      <object_component id="oc-696">
         <name>.text</name>
         <load_address>0x2000d0e4</load_address>
         <run_address>0x2000d0e4</run_address>
         <size>0xc0</size>
         <input_file_ref idref="fl-14e"/>
      </object_component>
      <object_component id="oc-786">
         <name>.text</name>
         <load_address>0x2000d1a4</load_address>
         <run_address>0x2000d1a4</run_address>
         <size>0xbe</size>
         <input_file_ref idref="fl-16a"/>
      </object_component>
      <object_component id="oc-51f">
         <name>.text:_SlDrvMsgReadCmdCtx</name>
         <load_address>0x2000d264</load_address>
         <run_address>0x2000d264</run_address>
         <size>0xbc</size>
         <input_file_ref idref="fl-178"/>
      </object_component>
      <object_component id="oc-185">
         <name>.text:sl_Start</name>
         <load_address>0x2000d320</load_address>
         <run_address>0x2000d320</run_address>
         <size>0xbc</size>
         <input_file_ref idref="fl-177"/>
      </object_component>
      <object_component id="oc-33">
         <name>.text</name>
         <load_address>0x2000d3dc</load_address>
         <run_address>0x2000d3dc</run_address>
         <size>0xba</size>
         <input_file_ref idref="fl-180"/>
      </object_component>
      <object_component id="oc-6fc">
         <name>.text:_SlAsyncEventGenericHandler</name>
         <load_address>0x2000d498</load_address>
         <run_address>0x2000d498</run_address>
         <size>0xb8</size>
         <input_file_ref idref="fl-178"/>
      </object_component>
      <object_component id="oc-3a6">
         <name>.text:sl_NetAppMDNSRegisterUnregisterService</name>
         <load_address>0x2000d550</load_address>
         <run_address>0x2000d550</run_address>
         <size>0xb4</size>
         <input_file_ref idref="fl-179"/>
      </object_component>
      <object_component id="oc-409">
         <name>.text:IntDisable</name>
         <load_address>0x2000d604</load_address>
         <run_address>0x2000d604</run_address>
         <size>0xa8</size>
         <input_file_ref idref="fl-170"/>
      </object_component>
      <object_component id="oc-1f8">
         <name>.text:IntEnable</name>
         <load_address>0x2000d6ac</load_address>
         <run_address>0x2000d6ac</run_address>
         <size>0xa8</size>
         <input_file_ref idref="fl-170"/>
      </object_component>
      <object_component id="oc-5c4">
         <name>.text:SPIConfigSetExpClk</name>
         <load_address>0x2000d754</load_address>
         <run_address>0x2000d754</run_address>
         <size>0xa0</size>
         <input_file_ref idref="fl-186"/>
      </object_component>
      <object_component id="oc-61d">
         <name>.text:_SlDrvMsgReadSpawnCtx</name>
         <load_address>0x2000d7f4</load_address>
         <run_address>0x2000d7f4</run_address>
         <size>0x9c</size>
         <input_file_ref idref="fl-178"/>
      </object_component>
      <object_component id="oc-41">
         <name>.text</name>
         <load_address>0x2000d890</load_address>
         <run_address>0x2000d890</run_address>
         <size>0x9c</size>
         <input_file_ref idref="fl-142"/>
      </object_component>
      <object_component id="oc-197">
         <name>.text:sl_DevGet</name>
         <load_address>0x2000d92c</load_address>
         <run_address>0x2000d92c</run_address>
         <size>0x9c</size>
         <input_file_ref idref="fl-177"/>
      </object_component>
      <object_component id="oc-28b">
         <name>.text:PRCMPeripheralClockGet</name>
         <load_address>0x2000d9c8</load_address>
         <run_address>0x2000d9c8</run_address>
         <size>0x94</size>
         <input_file_ref idref="fl-172"/>
      </object_component>
      <object_component id="oc-474">
         <name>.text</name>
         <load_address>0x2000da5c</load_address>
         <run_address>0x2000da5c</run_address>
         <size>0x92</size>
         <input_file_ref idref="fl-13e"/>
      </object_component>
      <object_component id="oc-841">
         <name>.text:SetupDMAReceive</name>
         <load_address>0x2000daf0</load_address>
         <run_address>0x2000daf0</run_address>
         <size>0x8c</size>
         <input_file_ref idref="fl-17d"/>
      </object_component>
      <object_component id="oc-7b3">
         <name>.text:SetupDMASend</name>
         <load_address>0x2000db7c</load_address>
         <run_address>0x2000db7c</run_address>
         <size>0x8c</size>
         <input_file_ref idref="fl-17d"/>
      </object_component>
      <object_component id="oc-88d">
         <name>.text:_sl_HandleAsync_DnsGetHostByName</name>
         <load_address>0x2000dc08</load_address>
         <run_address>0x2000dc08</run_address>
         <size>0x8c</size>
         <input_file_ref idref="fl-179"/>
      </object_component>
      <object_component id="oc-83a">
         <name>.text:_sl_HandleAsync_PingResponse</name>
         <load_address>0x2000dc94</load_address>
         <run_address>0x2000dc94</run_address>
         <size>0x8c</size>
         <input_file_ref idref="fl-179"/>
      </object_component>
      <object_component id="oc-6ef">
         <name>.text:spi_Write</name>
         <load_address>0x2000dd20</load_address>
         <run_address>0x2000dd20</run_address>
         <size>0x8c</size>
         <input_file_ref idref="fl-17d"/>
      </object_component>
      <object_component id="oc-216">
         <name>.text:PinConfigSet</name>
         <load_address>0x2000ddac</load_address>
         <run_address>0x2000ddac</run_address>
         <size>0x88</size>
         <input_file_ref idref="fl-171"/>
      </object_component>
      <object_component id="oc-29d">
         <name>.text</name>
         <load_address>0x2000de34</load_address>
         <run_address>0x2000de34</run_address>
         <size>0x88</size>
         <input_file_ref idref="fl-14d"/>
      </object_component>
      <object_component id="oc-15f">
         <name>.text:sl_Bind</name>
         <load_address>0x2000debc</load_address>
         <run_address>0x2000debc</run_address>
         <size>0x88</size>
         <input_file_ref idref="fl-17b"/>
      </object_component>
      <object_component id="oc-55e">
         <name>.text:__aeabi_cdcmple</name>
         <load_address>0x2000df44</load_address>
         <run_address>0x2000df44</run_address>
         <size>0x86</size>
         <input_file_ref idref="fl-15b"/>
      </object_component>
      <object_component id="oc-563">
         <name>.text:__aeabi_cdrcmple</name>
         <load_address>0x2000dfca</load_address>
         <run_address>0x2000dfca</run_address>
         <size>0x86</size>
         <input_file_ref idref="fl-15b"/>
      </object_component>
      <object_component id="oc-4cf">
         <name>.text:I2CMasterInitExpClk</name>
         <load_address>0x2000e050</load_address>
         <run_address>0x2000e050</run_address>
         <size>0x84</size>
         <input_file_ref idref="fl-16f"/>
      </object_component>
      <object_component id="oc-340">
         <name>.text:NwpPowerOnPreamble</name>
         <load_address>0x2000e0d4</load_address>
         <run_address>0x2000e0d4</run_address>
         <size>0x84</size>
         <input_file_ref idref="fl-17d"/>
      </object_component>
      <object_component id="oc-3d6">
         <name>.text:GPIOIntTypeSet</name>
         <load_address>0x2000e158</load_address>
         <run_address>0x2000e158</run_address>
         <size>0x82</size>
         <input_file_ref idref="fl-16e"/>
      </object_component>
      <object_component id="oc-2e1">
         <name>.text:_SlDrvCmdOp</name>
         <load_address>0x2000e1dc</load_address>
         <run_address>0x2000e1dc</run_address>
         <size>0x80</size>
         <input_file_ref idref="fl-178"/>
      </object_component>
      <object_component id="oc-847">
         <name>.text:spi_Read_CPU</name>
         <load_address>0x2000e25c</load_address>
         <run_address>0x2000e25c</run_address>
         <size>0x80</size>
         <input_file_ref idref="fl-17d"/>
      </object_component>
      <object_component id="oc-7c5">
         <name>.text:spi_Write_CPU</name>
         <load_address>0x2000e2dc</load_address>
         <run_address>0x2000e2dc</run_address>
         <size>0x80</size>
         <input_file_ref idref="fl-17d"/>
      </object_component>
      <object_component id="oc-800">
         <name>.text:_sl_HandleAsync_InitComplete</name>
         <load_address>0x2000e35c</load_address>
         <run_address>0x2000e35c</run_address>
         <size>0x7c</size>
         <input_file_ref idref="fl-177"/>
      </object_component>
      <object_component id="oc-46f">
         <name>.text</name>
         <load_address>0x2000e3d8</load_address>
         <run_address>0x2000e3d8</run_address>
         <size>0x7a</size>
         <input_file_ref idref="fl-13f"/>
      </object_component>
      <object_component id="oc-5a">
         <name>.text</name>
         <load_address>0x2000e452</load_address>
         <run_address>0x2000e452</run_address>
         <size>0x7a</size>
         <input_file_ref idref="fl-145"/>
      </object_component>
      <object_component id="oc-8af">
         <name>.text:_sl_HandleAsync_Connect</name>
         <load_address>0x2000e4cc</load_address>
         <run_address>0x2000e4cc</run_address>
         <size>0x78</size>
         <input_file_ref idref="fl-17b"/>
      </object_component>
      <object_component id="oc-37c">
         <name>.text:spi_Close</name>
         <load_address>0x2000e544</load_address>
         <run_address>0x2000e544</run_address>
         <size>0x78</size>
         <input_file_ref idref="fl-17d"/>
      </object_component>
      <object_component id="oc-291">
         <name>.text:UARTConfigSetExpClk</name>
         <load_address>0x2000e5bc</load_address>
         <run_address>0x2000e5bc</run_address>
         <size>0x76</size>
         <input_file_ref idref="fl-173"/>
      </object_component>
      <object_component id="oc-210">
         <name>.text</name>
         <load_address>0x2000e634</load_address>
         <run_address>0x2000e634</run_address>
         <size>0x74</size>
         <input_file_ref idref="fl-7"/>
      </object_component>
      <object_component id="oc-178">
         <name>.text:sl_Recv</name>
         <load_address>0x2000e6a8</load_address>
         <run_address>0x2000e6a8</run_address>
         <size>0x74</size>
         <input_file_ref idref="fl-17b"/>
      </object_component>
      <object_component id="oc-8d4">
         <name>.text:_SlDrvCmdSend</name>
         <load_address>0x2000e71c</load_address>
         <run_address>0x2000e71c</run_address>
         <size>0x6c</size>
         <input_file_ref idref="fl-178"/>
      </object_component>
      <object_component id="oc-6c">
         <name>.text</name>
         <load_address>0x2000e788</load_address>
         <run_address>0x2000e788</run_address>
         <size>0x6c</size>
         <input_file_ref idref="fl-157"/>
      </object_component>
      <object_component id="oc-4d">
         <name>.text</name>
         <load_address>0x2000e7f4</load_address>
         <run_address>0x2000e7f4</run_address>
         <size>0x6a</size>
         <input_file_ref idref="fl-136"/>
      </object_component>
      <object_component id="oc-899">
         <name>.text:_sl_NetAppSendTokenValue</name>
         <load_address>0x2000e860</load_address>
         <run_address>0x2000e860</run_address>
         <size>0x68</size>
         <input_file_ref idref="fl-179"/>
      </object_component>
      <object_component id="oc-1af">
         <name>.text:sl_NetCfgSet</name>
         <load_address>0x2000e8c8</load_address>
         <run_address>0x2000e8c8</run_address>
         <size>0x68</size>
         <input_file_ref idref="fl-17a"/>
      </object_component>
      <object_component id="oc-16b">
         <name>.text:sl_SetSockOpt</name>
         <load_address>0x2000e930</load_address>
         <run_address>0x2000e930</run_address>
         <size>0x68</size>
         <input_file_ref idref="fl-17b"/>
      </object_component>
      <object_component id="oc-1b5">
         <name>.text:sl_WlanSet</name>
         <load_address>0x2000e998</load_address>
         <run_address>0x2000e998</run_address>
         <size>0x68</size>
         <input_file_ref idref="fl-17c"/>
      </object_component>
      <object_component id="oc-690">
         <name>.text</name>
         <load_address>0x2000ea00</load_address>
         <run_address>0x2000ea00</run_address>
         <size>0x66</size>
         <input_file_ref idref="fl-14f"/>
      </object_component>
      <object_component id="oc-739">
         <name>.text:uDMAChannelAttributeDisable</name>
         <load_address>0x2000ea68</load_address>
         <run_address>0x2000ea68</run_address>
         <size>0x64</size>
         <input_file_ref idref="fl-187"/>
      </object_component>
      <object_component id="oc-87a">
         <name>.text:uDMAChannelAttributeEnable</name>
         <load_address>0x2000eacc</load_address>
         <run_address>0x2000eacc</run_address>
         <size>0x64</size>
         <input_file_ref idref="fl-187"/>
      </object_component>
      <object_component id="oc-8a9">
         <name>.text:_sl_HandleAsync_Accept</name>
         <load_address>0x2000eb30</load_address>
         <run_address>0x2000eb30</run_address>
         <size>0x60</size>
         <input_file_ref idref="fl-17b"/>
      </object_component>
      <object_component id="oc-151">
         <name>.text</name>
         <load_address>0x2000eb90</load_address>
         <run_address>0x2000eb90</run_address>
         <size>0x60</size>
         <input_file_ref idref="fl-148"/>
      </object_component>
      <object_component id="oc-19d">
         <name>.text:sl_WlanPolicySet</name>
         <load_address>0x2000ebf0</load_address>
         <run_address>0x2000ebf0</run_address>
         <size>0x60</size>
         <input_file_ref idref="fl-17c"/>
      </object_component>
      <object_component id="oc-13a">
         <name>.text:sl_Socket</name>
         <load_address>0x2000ec50</load_address>
         <run_address>0x2000ec50</run_address>
         <size>0x5c</size>
         <input_file_ref idref="fl-17b"/>
      </object_component>
      <object_component id="oc-60b">
         <name>.text:IntPendClear</name>
         <load_address>0x2000ecac</load_address>
         <run_address>0x2000ecac</run_address>
         <size>0x58</size>
         <input_file_ref idref="fl-170"/>
      </object_component>
      <object_component id="oc-43d">
         <name>.text:PRCMPeripheralReset</name>
         <load_address>0x2000ed04</load_address>
         <run_address>0x2000ed04</run_address>
         <size>0x58</size>
         <input_file_ref idref="fl-172"/>
      </object_component>
      <object_component id="oc-56d">
         <name>.text</name>
         <load_address>0x2000ed5c</load_address>
         <run_address>0x2000ed5c</run_address>
         <size>0x56</size>
         <input_file_ref idref="fl-161"/>
      </object_component>
      <object_component id="oc-403">
         <name>.text:IntPrioritySet</name>
         <load_address>0x2000edb4</load_address>
         <run_address>0x2000edb4</run_address>
         <size>0x54</size>
         <input_file_ref idref="fl-170"/>
      </object_component>
      <object_component id="oc-8b5">
         <name>.text:_sl_HandleAsync_Select</name>
         <load_address>0x2000ee08</load_address>
         <run_address>0x2000ee08</run_address>
         <size>0x54</size>
         <input_file_ref idref="fl-17b"/>
      </object_component>
      <object_component id="oc-1c7">
         <name>.text:sl_WlanRxFilterSet</name>
         <load_address>0x2000ee5c</load_address>
         <run_address>0x2000ee5c</run_address>
         <size>0x54</size>
         <input_file_ref idref="fl-17c"/>
      </object_component>
      <object_component id="oc-806">
         <name>.text:_sl_HandleAsync_Stop</name>
         <load_address>0x2000eeb0</load_address>
         <run_address>0x2000eeb0</run_address>
         <size>0x50</size>
         <input_file_ref idref="fl-177"/>
      </object_component>
      <object_component id="oc-5e8">
         <name>.text:SPIIntEnable</name>
         <load_address>0x2000ef00</load_address>
         <run_address>0x2000ef00</run_address>
         <size>0x4c</size>
         <input_file_ref idref="fl-186"/>
      </object_component>
      <object_component id="oc-2f6">
         <name>.text:_SlDrvProtectAsyncRespSetting</name>
         <load_address>0x2000ef4c</load_address>
         <run_address>0x2000ef4c</run_address>
         <size>0x4c</size>
         <input_file_ref idref="fl-178"/>
      </object_component>
      <object_component id="oc-36a">
         <name>.text:_SlDrvRxIrqHandler</name>
         <load_address>0x2000ef98</load_address>
         <run_address>0x2000ef98</run_address>
         <size>0x4c</size>
         <input_file_ref idref="fl-178"/>
      </object_component>
      <object_component id="oc-2f0">
         <name>.text:_sl_BuildAddress</name>
         <load_address>0x2000efe4</load_address>
         <run_address>0x2000efe4</run_address>
         <size>0x4c</size>
         <input_file_ref idref="fl-17b"/>
      </object_component>
      <object_component id="oc-591">
         <name>.text</name>
         <load_address>0x2000f030</load_address>
         <run_address>0x2000f030</run_address>
         <size>0x4c</size>
         <input_file_ref idref="fl-156"/>
      </object_component>
      <object_component id="oc-bb">
         <name>.text</name>
         <load_address>0x2000f07c</load_address>
         <run_address>0x2000f07c</run_address>
         <size>0x4c</size>
         <input_file_ref idref="fl-158"/>
      </object_component>
      <object_component id="oc-733">
         <name>.text:uDMAChannelAssign</name>
         <load_address>0x2000f0c8</load_address>
         <run_address>0x2000f0c8</run_address>
         <size>0x4c</size>
         <input_file_ref idref="fl-187"/>
      </object_component>
      <object_component id="oc-74f">
         <name>.text:SPIIntClear</name>
         <load_address>0x2000f114</load_address>
         <run_address>0x2000f114</run_address>
         <size>0x48</size>
         <input_file_ref idref="fl-186"/>
      </object_component>
      <object_component id="oc-394">
         <name>.text:_SlDrvBasicCmd</name>
         <load_address>0x2000f15c</load_address>
         <run_address>0x2000f15c</run_address>
         <size>0x48</size>
         <input_file_ref idref="fl-178"/>
      </object_component>
      <object_component id="oc-568">
         <name>.text</name>
         <load_address>0x2000f1a4</load_address>
         <run_address>0x2000f1a4</run_address>
         <size>0x48</size>
         <input_file_ref idref="fl-15c"/>
      </object_component>
      <object_component id="oc-46a">
         <name>.text</name>
         <load_address>0x2000f1ec</load_address>
         <run_address>0x2000f1ec</run_address>
         <size>0x48</size>
         <input_file_ref idref="fl-13c"/>
      </object_component>
      <object_component id="oc-579">
         <name>.text</name>
         <load_address>0x2000f234</load_address>
         <run_address>0x2000f234</run_address>
         <size>0x46</size>
         <input_file_ref idref="fl-15f"/>
      </object_component>
      <object_component id="oc-743">
         <name>.text:SPIDmaMaskGet</name>
         <load_address>0x2000f27c</load_address>
         <run_address>0x2000f27c</run_address>
         <size>0x44</size>
         <input_file_ref idref="fl-186"/>
      </object_component>
      <object_component id="oc-829">
         <name>.text:cc_SetupTransfer</name>
         <load_address>0x2000f2c0</load_address>
         <run_address>0x2000f2c0</run_address>
         <size>0x44</size>
         <input_file_ref idref="fl-17d"/>
      </object_component>
      <object_component id="oc-78">
         <name>.text</name>
         <load_address>0x2000f304</load_address>
         <run_address>0x2000f304</run_address>
         <size>0x44</size>
         <input_file_ref idref="fl-138"/>
      </object_component>
      <object_component id="oc-134">
         <name>.text:sl_Htonl</name>
         <load_address>0x2000f348</load_address>
         <run_address>0x2000f348</run_address>
         <size>0x42</size>
         <input_file_ref idref="fl-17b"/>
      </object_component>
      <object_component id="oc-6bd">
         <name>.text:PinModeSet</name>
         <load_address>0x2000f38c</load_address>
         <run_address>0x2000f38c</run_address>
         <size>0x40</size>
         <input_file_ref idref="fl-171"/>
      </object_component>
      <object_component id="oc-85d">
         <name>.text</name>
         <load_address>0x2000f3cc</load_address>
         <run_address>0x2000f3cc</run_address>
         <size>0x40</size>
         <input_file_ref idref="fl-164"/>
      </object_component>
      <object_component id="oc-1ce">
         <name>.text</name>
         <load_address>0x2000f40c</load_address>
         <run_address>0x2000f40c</run_address>
         <size>0x40</size>
         <input_file_ref idref="fl-14b"/>
      </object_component>
      <object_component id="oc-8a0">
         <name>.text:CopyPingResultsToReport</name>
         <load_address>0x2000f44c</load_address>
         <run_address>0x2000f44c</run_address>
         <size>0x3c</size>
         <input_file_ref idref="fl-179"/>
      </object_component>
      <object_component id="oc-437">
         <name>.text:PRCMPeripheralClkEnable</name>
         <load_address>0x2000f488</load_address>
         <run_address>0x2000f488</run_address>
         <size>0x3c</size>
         <input_file_ref idref="fl-172"/>
      </object_component>
      <object_component id="oc-326">
         <name>.text:_sl_TruncatePayloadByProtocol</name>
         <load_address>0x2000f4c4</load_address>
         <run_address>0x2000f4c4</run_address>
         <size>0x3c</size>
         <input_file_ref idref="fl-17b"/>
      </object_component>
      <object_component id="oc-24">
         <name>.text</name>
         <load_address>0x2000f500</load_address>
         <run_address>0x2000f500</run_address>
         <size>0x3c</size>
         <input_file_ref idref="fl-134"/>
      </object_component>
      <object_component id="oc-12e">
         <name>.text:sl_Htons</name>
         <load_address>0x2000f53c</load_address>
         <run_address>0x2000f53c</run_address>
         <size>0x3c</size>
         <input_file_ref idref="fl-17b"/>
      </object_component>
      <object_component id="oc-165">
         <name>.text:sl_Listen</name>
         <load_address>0x2000f578</load_address>
         <run_address>0x2000f578</run_address>
         <size>0x3c</size>
         <input_file_ref idref="fl-17b"/>
      </object_component>
      <object_component id="oc-874">
         <name>.text:uDMAChannelControlSet</name>
         <load_address>0x2000f5b4</load_address>
         <run_address>0x2000f5b4</run_address>
         <size>0x3c</size>
         <input_file_ref idref="fl-187"/>
      </object_component>
      <object_component id="oc-352">
         <name>.text:NwpPowerOff</name>
         <load_address>0x2000f5f0</load_address>
         <run_address>0x2000f5f0</run_address>
         <size>0x38</size>
         <input_file_ref idref="fl-17d"/>
      </object_component>
      <object_component id="oc-f2">
         <name>.text</name>
         <load_address>0x2000f628</load_address>
         <run_address>0x2000f628</run_address>
         <size>0x38</size>
         <input_file_ref idref="fl-183"/>
      </object_component>
      <object_component id="oc-14c">
         <name>.text</name>
         <load_address>0x2000f660</load_address>
         <run_address>0x2000f660</run_address>
         <size>0x38</size>
         <input_file_ref idref="fl-140"/>
      </object_component>
      <object_component id="oc-48e">
         <name>.text:GPIODirModeSet</name>
         <load_address>0x2000f698</load_address>
         <run_address>0x2000f698</run_address>
         <size>0x36</size>
         <input_file_ref idref="fl-16e"/>
      </object_component>
      <object_component id="oc-1bb">
         <name>.text:sl_NetAppMDNSUnRegisterService</name>
         <load_address>0x2000f6ce</load_address>
         <run_address>0x2000f6ce</run_address>
         <size>0x36</size>
         <input_file_ref idref="fl-179"/>
      </object_component>
      <object_component id="oc-5ca">
         <name>.text:PRCMPeripheralStatusGet</name>
         <load_address>0x2000f704</load_address>
         <run_address>0x2000f704</run_address>
         <size>0x34</size>
         <input_file_ref idref="fl-172"/>
      </object_component>
      <object_component id="oc-5e2">
         <name>.text:SPIFIFOLevelSet</name>
         <load_address>0x2000f738</load_address>
         <run_address>0x2000f738</run_address>
         <size>0x34</size>
         <input_file_ref idref="fl-186"/>
      </object_component>
      <object_component id="oc-792">
         <name>.text</name>
         <load_address>0x2000f76c</load_address>
         <run_address>0x2000f76c</run_address>
         <size>0x34</size>
         <input_file_ref idref="fl-15d"/>
      </object_component>
      <object_component id="oc-488">
         <name>.text:PinTypeGPIO</name>
         <load_address>0x2000f7a0</load_address>
         <run_address>0x2000f7a0</run_address>
         <size>0x30</size>
         <input_file_ref idref="fl-171"/>
      </object_component>
      <object_component id="oc-4e5">
         <name>.text:UARTDisable</name>
         <load_address>0x2000f7d0</load_address>
         <run_address>0x2000f7d0</run_address>
         <size>0x30</size>
         <input_file_ref idref="fl-173"/>
      </object_component>
      <object_component id="oc-766">
         <name>.text:_SlDrvDeviceEventHandler</name>
         <load_address>0x2000f800</load_address>
         <run_address>0x2000f800</run_address>
         <size>0x30</size>
         <input_file_ref idref="fl-177"/>
      </object_component>
      <object_component id="oc-69c">
         <name>.text</name>
         <load_address>0x2000f830</load_address>
         <run_address>0x2000f830</run_address>
         <size>0x30</size>
         <input_file_ref idref="fl-151"/>
      </object_component>
      <object_component id="oc-146">
         <name>.text:sl_Close</name>
         <load_address>0x2000f860</load_address>
         <run_address>0x2000f860</run_address>
         <size>0x30</size>
         <input_file_ref idref="fl-17b"/>
      </object_component>
      <object_component id="oc-1a3">
         <name>.text:sl_WlanProfileDel</name>
         <load_address>0x2000f890</load_address>
         <run_address>0x2000f890</run_address>
         <size>0x30</size>
         <input_file_ref idref="fl-17c"/>
      </object_component>
      <object_component id="oc-18b">
         <name>.text:sl_WlanSetMode</name>
         <load_address>0x2000f8c0</load_address>
         <run_address>0x2000f8c0</run_address>
         <size>0x30</size>
         <input_file_ref idref="fl-17c"/>
      </object_component>
      <object_component id="oc-465">
         <name>.text</name>
         <load_address>0x2000f8f0</load_address>
         <run_address>0x2000f8f0</run_address>
         <size>0x2e</size>
         <input_file_ref idref="fl-141"/>
      </object_component>
      <object_component id="oc-813">
         <name>.text</name>
         <load_address>0x2000f91e</load_address>
         <run_address>0x2000f91e</run_address>
         <size>0x2e</size>
         <input_file_ref idref="fl-163"/>
      </object_component>
      <object_component id="oc-5fa">
         <name>.text:DmaSpiSwIntHandler</name>
         <load_address>0x2000f94c</load_address>
         <run_address>0x2000f94c</run_address>
         <size>0x2c</size>
         <input_file_ref idref="fl-17d"/>
      </object_component>
      <object_component id="oc-4b7">
         <name>.text:I2CMasterErr</name>
         <load_address>0x2000f978</load_address>
         <run_address>0x2000f978</run_address>
         <size>0x2c</size>
         <input_file_ref idref="fl-16f"/>
      </object_component>
      <object_component id="oc-35e">
         <name>.text:NwpPowerOn</name>
         <load_address>0x2000f9a4</load_address>
         <run_address>0x2000f9a4</run_address>
         <size>0x2c</size>
         <input_file_ref idref="fl-17d"/>
      </object_component>
      <object_component id="oc-449">
         <name>.text:PRCMSysResetCauseGet</name>
         <load_address>0x2000f9d0</load_address>
         <run_address>0x2000f9d0</run_address>
         <size>0x2c</size>
         <input_file_ref idref="fl-172"/>
      </object_component>
      <object_component id="oc-3b3">
         <name>.text</name>
         <load_address>0x2000f9fc</load_address>
         <run_address>0x2000f9fc</run_address>
         <size>0x2a</size>
         <input_file_ref idref="fl-167"/>
      </object_component>
      <object_component id="oc-585">
         <name>.text</name>
         <load_address>0x2000fa26</load_address>
         <run_address>0x2000fa26</run_address>
         <size>0x2a</size>
         <input_file_ref idref="fl-169"/>
      </object_component>
      <object_component id="oc-443">
         <name>.text:PRCMPeripheralClkDisable</name>
         <load_address>0x2000fa50</load_address>
         <run_address>0x2000fa50</run_address>
         <size>0x28</size>
         <input_file_ref idref="fl-172"/>
      </object_component>
      <object_component id="oc-358">
         <name>.text:NwpRegisterInterruptHandler</name>
         <load_address>0x2000fa78</load_address>
         <run_address>0x2000fa78</run_address>
         <size>0x26</size>
         <input_file_ref idref="fl-17d"/>
      </object_component>
      <object_component id="oc-40f">
         <name>.text:IntUnregister</name>
         <load_address>0x2000faa0</load_address>
         <run_address>0x2000faa0</run_address>
         <size>0x24</size>
         <input_file_ref idref="fl-170"/>
      </object_component>
      <object_component id="oc-4eb">
         <name>.text:UARTEnable</name>
         <load_address>0x2000fac4</load_address>
         <run_address>0x2000fac4</run_address>
         <size>0x24</size>
         <input_file_ref idref="fl-173"/>
      </object_component>
      <object_component id="oc-537">
         <name>.text:_SlDrvProtectionObjLockWaitForever</name>
         <load_address>0x2000fae8</load_address>
         <run_address>0x2000fae8</run_address>
         <size>0x24</size>
         <input_file_ref idref="fl-178"/>
      </object_component>
      <object_component id="oc-2b5">
         <name>.text</name>
         <load_address>0x2000fb0c</load_address>
         <run_address>0x2000fb0c</run_address>
         <size>0x24</size>
         <input_file_ref idref="fl-143"/>
      </object_component>
      <object_component id="oc-3b9">
         <name>.text</name>
         <load_address>0x2000fb30</load_address>
         <run_address>0x2000fb30</run_address>
         <size>0x24</size>
         <input_file_ref idref="fl-166"/>
      </object_component>
      <object_component id="oc-4bd">
         <name>.text:I2CMasterSlaveAddrSet</name>
         <load_address>0x2000fb54</load_address>
         <run_address>0x2000fb54</run_address>
         <size>0x22</size>
         <input_file_ref idref="fl-16f"/>
      </object_component>
      <object_component id="oc-5be">
         <name>.text:SPIReset</name>
         <load_address>0x2000fb76</load_address>
         <run_address>0x2000fb76</run_address>
         <size>0x22</size>
         <input_file_ref idref="fl-186"/>
      </object_component>
      <object_component id="oc-7bf">
         <name>.text:SPIWordCountSet</name>
         <load_address>0x2000fb98</load_address>
         <run_address>0x2000fb98</run_address>
         <size>0x22</size>
         <input_file_ref idref="fl-186"/>
      </object_component>
      <object_component id="oc-573">
         <name>.text</name>
         <load_address>0x2000fbba</load_address>
         <run_address>0x2000fbba</run_address>
         <size>0x22</size>
         <input_file_ref idref="fl-15e"/>
      </object_component>
      <object_component id="oc-3e8">
         <name>.text:GPIOPinWrite</name>
         <load_address>0x2000fbdc</load_address>
         <run_address>0x2000fbdc</run_address>
         <size>0x20</size>
         <input_file_ref idref="fl-16e"/>
      </object_component>
      <object_component id="oc-3fd">
         <name>.text:IntRegister</name>
         <load_address>0x2000fbfc</load_address>
         <run_address>0x2000fbfc</run_address>
         <size>0x20</size>
         <input_file_ref idref="fl-170"/>
      </object_component>
      <object_component id="oc-53d">
         <name>.text:_SlDrvProtectionObjUnLock</name>
         <load_address>0x2000fc1c</load_address>
         <run_address>0x2000fc1c</run_address>
         <size>0x20</size>
         <input_file_ref idref="fl-178"/>
      </object_component>
      <object_component id="oc-49f">
         <name>.text:I2CMasterIntStatusEx</name>
         <load_address>0x2000fc3c</load_address>
         <run_address>0x2000fc3c</run_address>
         <size>0x1e</size>
         <input_file_ref idref="fl-16f"/>
      </object_component>
      <object_component id="oc-297">
         <name>.text:UARTCharPut</name>
         <load_address>0x2000fc5a</load_address>
         <run_address>0x2000fc5a</run_address>
         <size>0x1e</size>
         <input_file_ref idref="fl-173"/>
      </object_component>
      <object_component id="oc-5d0">
         <name>.text:cc_UDMAChannelSelect</name>
         <load_address>0x2000fc78</load_address>
         <run_address>0x2000fc78</run_address>
         <size>0x1e</size>
         <input_file_ref idref="fl-17d"/>
      </object_component>
      <object_component id="oc-494">
         <name>.text:PinTypeI2C</name>
         <load_address>0x2000fc96</load_address>
         <run_address>0x2000fc96</run_address>
         <size>0x1c</size>
         <input_file_ref idref="fl-171"/>
      </object_component>
      <object_component id="oc-2a9">
         <name>.text:UARTCharGetNonBlocking</name>
         <load_address>0x2000fcb2</load_address>
         <run_address>0x2000fcb2</run_address>
         <size>0x1c</size>
         <input_file_ref idref="fl-173"/>
      </object_component>
      <object_component id="oc-513">
         <name>.text:_SlDrvObjLockWaitForever</name>
         <load_address>0x2000fcce</load_address>
         <run_address>0x2000fcce</run_address>
         <size>0x1c</size>
         <input_file_ref idref="fl-178"/>
      </object_component>
      <object_component id="oc-2fc">
         <name>.text:_SlDrvSyncObjWaitForever</name>
         <load_address>0x2000fcea</load_address>
         <run_address>0x2000fcea</run_address>
         <size>0x1c</size>
         <input_file_ref idref="fl-178"/>
      </object_component>
      <object_component id="oc-58b">
         <name>.text</name>
         <load_address>0x2000fd06</load_address>
         <run_address>0x2000fd06</run_address>
         <size>0x1c</size>
         <input_file_ref idref="fl-162"/>
      </object_component>
      <object_component id="oc-886">
         <name>.text:uDMAChannelEnable</name>
         <load_address>0x2000fd24</load_address>
         <run_address>0x2000fd24</run_address>
         <size>0x1c</size>
         <input_file_ref idref="fl-187"/>
      </object_component>
      <object_component id="oc-3e2">
         <name>.text:GPIOIntEnable</name>
         <load_address>0x2000fd40</load_address>
         <run_address>0x2000fd40</run_address>
         <size>0x1a</size>
         <input_file_ref idref="fl-16e"/>
      </object_component>
      <object_component id="oc-482">
         <name>.text:PinTypeUART</name>
         <load_address>0x2000fd5a</load_address>
         <run_address>0x2000fd5a</run_address>
         <size>0x1a</size>
         <input_file_ref idref="fl-171"/>
      </object_component>
      <object_component id="oc-630">
         <name>.text:SPIDmaDisable</name>
         <load_address>0x2000fd74</load_address>
         <run_address>0x2000fd74</run_address>
         <size>0x1a</size>
         <input_file_ref idref="fl-186"/>
      </object_component>
      <object_component id="oc-5dc">
         <name>.text:SPIDmaEnable</name>
         <load_address>0x2000fd8e</load_address>
         <run_address>0x2000fd8e</run_address>
         <size>0x1a</size>
         <input_file_ref idref="fl-186"/>
      </object_component>
      <object_component id="oc-62a">
         <name>.text:SPIFIFODisable</name>
         <load_address>0x2000fda8</load_address>
         <run_address>0x2000fda8</run_address>
         <size>0x1a</size>
         <input_file_ref idref="fl-186"/>
      </object_component>
      <object_component id="oc-5d6">
         <name>.text:SPIFIFOEnable</name>
         <load_address>0x2000fdc2</load_address>
         <run_address>0x2000fdc2</run_address>
         <size>0x1a</size>
         <input_file_ref idref="fl-186"/>
      </object_component>
      <object_component id="oc-3ee">
         <name>.text:GPIOPinRead</name>
         <load_address>0x2000fddc</load_address>
         <run_address>0x2000fddc</run_address>
         <size>0x18</size>
         <input_file_ref idref="fl-16e"/>
      </object_component>
      <object_component id="oc-5b2">
         <name>.text:SPICSDisable</name>
         <load_address>0x2000fdf4</load_address>
         <run_address>0x2000fdf4</run_address>
         <size>0x18</size>
         <input_file_ref idref="fl-186"/>
      </object_component>
      <object_component id="oc-7b9">
         <name>.text:SPICSEnable</name>
         <load_address>0x2000fe0c</load_address>
         <run_address>0x2000fe0c</run_address>
         <size>0x18</size>
         <input_file_ref idref="fl-186"/>
      </object_component>
      <object_component id="oc-5b8">
         <name>.text:SPIDisable</name>
         <load_address>0x2000fe24</load_address>
         <run_address>0x2000fe24</run_address>
         <size>0x18</size>
         <input_file_ref idref="fl-186"/>
      </object_component>
      <object_component id="oc-5ee">
         <name>.text:SPIEnable</name>
         <load_address>0x2000fe3c</load_address>
         <run_address>0x2000fe3c</run_address>
         <size>0x18</size>
         <input_file_ref idref="fl-186"/>
      </object_component>
      <object_component id="oc-2a3">
         <name>.text:UARTCharsAvail</name>
         <load_address>0x2000fe54</load_address>
         <run_address>0x2000fe54</run_address>
         <size>0x18</size>
         <input_file_ref idref="fl-173"/>
      </object_component>
      <object_component id="oc-525">
         <name>.text:_SlDrvObjUnLock</name>
         <load_address>0x2000fe6c</load_address>
         <run_address>0x2000fe6c</run_address>
         <size>0x18</size>
         <input_file_ref idref="fl-178"/>
      </object_component>
      <object_component id="oc-54b">
         <name>.text:_SlDrvSyncObjSignal</name>
         <load_address>0x2000fe84</load_address>
         <run_address>0x2000fe84</run_address>
         <size>0x18</size>
         <input_file_ref idref="fl-178"/>
      </object_component>
      <object_component id="oc-364">
         <name>.text:_sl_GetStartResponseConvert</name>
         <load_address>0x2000fe9c</load_address>
         <run_address>0x2000fe9c</run_address>
         <size>0x18</size>
         <input_file_ref idref="fl-177"/>
      </object_component>
      <object_component id="oc-72">
         <name>.text</name>
         <load_address>0x2000feb4</load_address>
         <run_address>0x2000feb4</run_address>
         <size>0x18</size>
         <input_file_ref idref="fl-155"/>
      </object_component>
      <object_component id="oc-4c3">
         <name>.text:I2CMasterDataPut</name>
         <load_address>0x2000fecc</load_address>
         <run_address>0x2000fecc</run_address>
         <size>0x16</size>
         <input_file_ref idref="fl-16f"/>
      </object_component>
      <object_component id="oc-6d2">
         <name>.text:I2CMasterEnable</name>
         <load_address>0x2000fee2</load_address>
         <run_address>0x2000fee2</run_address>
         <size>0x16</size>
         <input_file_ref idref="fl-16f"/>
      </object_component>
      <object_component id="oc-42b">
         <name>.text:PRCMHIBRegRead</name>
         <load_address>0x2000fef8</load_address>
         <run_address>0x2000fef8</run_address>
         <size>0x16</size>
         <input_file_ref idref="fl-172"/>
      </object_component>
      <object_component id="oc-431">
         <name>.text:PRCMHIBRegWrite</name>
         <load_address>0x2000ff0e</load_address>
         <run_address>0x2000ff0e</run_address>
         <size>0x16</size>
         <input_file_ref idref="fl-172"/>
      </object_component>
      <object_component id="oc-3cc">
         <name>.text:_SlDrvMemZero</name>
         <load_address>0x2000ff24</load_address>
         <run_address>0x2000ff24</run_address>
         <size>0x16</size>
         <input_file_ref idref="fl-178"/>
      </object_component>
      <object_component id="oc-57f">
         <name>.text</name>
         <load_address>0x2000ff3a</load_address>
         <run_address>0x2000ff3a</run_address>
         <size>0x16</size>
         <input_file_ref idref="fl-165"/>
      </object_component>
      <object_component id="oc-420">
         <name>.text:CPUcpsie</name>
         <load_address>0x2000ff50</load_address>
         <run_address>0x2000ff50</run_address>
         <size>0x14</size>
         <input_file_ref idref="fl-175"/>
      </object_component>
      <object_component id="oc-3dc">
         <name>.text:GPIOIntClear</name>
         <load_address>0x2000ff64</load_address>
         <run_address>0x2000ff64</run_address>
         <size>0x14</size>
         <input_file_ref idref="fl-16e"/>
      </object_component>
      <object_component id="oc-1ec">
         <name>.text:IntVTableBaseSet</name>
         <load_address>0x2000ff78</load_address>
         <run_address>0x2000ff78</run_address>
         <size>0x14</size>
         <input_file_ref idref="fl-170"/>
      </object_component>
      <object_component id="oc-23e">
         <name>.text</name>
         <load_address>0x2000ff8c</load_address>
         <run_address>0x2000ff8c</run_address>
         <size>0x14</size>
         <input_file_ref idref="fl-153"/>
      </object_component>
      <object_component id="oc-2af">
         <name>.text</name>
         <load_address>0x2000ffa0</load_address>
         <run_address>0x2000ffa0</run_address>
         <size>0x14</size>
         <input_file_ref idref="fl-14a"/>
      </object_component>
      <object_component id="oc-4b1">
         <name>.text:I2CMasterControl</name>
         <load_address>0x2000ffb4</load_address>
         <run_address>0x2000ffb4</run_address>
         <size>0x12</size>
         <input_file_ref idref="fl-16f"/>
      </object_component>
      <object_component id="oc-4a5">
         <name>.text:I2CMasterIntClearEx</name>
         <load_address>0x2000ffc6</load_address>
         <run_address>0x2000ffc6</run_address>
         <size>0x12</size>
         <input_file_ref idref="fl-16f"/>
      </object_component>
      <object_component id="oc-4ab">
         <name>.text:I2CMasterTimeoutSet</name>
         <load_address>0x2000ffd8</load_address>
         <run_address>0x2000ffd8</run_address>
         <size>0x12</size>
         <input_file_ref idref="fl-16f"/>
      </object_component>
      <object_component id="oc-4c9">
         <name>.text:I2CMasterDataGet</name>
         <load_address>0x2000ffea</load_address>
         <run_address>0x2000ffea</run_address>
         <size>0xe</size>
         <input_file_ref idref="fl-16f"/>
      </object_component>
      <object_component id="oc-320">
         <name>.text:_SlDrvResetCmdExt</name>
         <load_address>0x2000fff8</load_address>
         <run_address>0x2000fff8</run_address>
         <size>0xe</size>
         <input_file_ref idref="fl-178"/>
      </object_component>
      <object_component id="oc-12">
         <name>.text:decompress:none</name>
         <load_address>0x20010006</load_address>
         <run_address>0x20010006</run_address>
         <size>0xe</size>
         <input_file_ref idref="fl-135"/>
      </object_component>
      <object_component id="oc-2d">
         <name>.text</name>
         <load_address>0x20010014</load_address>
         <run_address>0x20010014</run_address>
         <size>0xe</size>
         <input_file_ref idref="fl-9"/>
      </object_component>
      <object_component id="oc-604">
         <name>.text:NwpMaskInterrupt</name>
         <load_address>0x20010024</load_address>
         <run_address>0x20010024</run_address>
         <size>0xc</size>
         <input_file_ref idref="fl-17d"/>
      </object_component>
      <object_component id="oc-612">
         <name>.text:NwpUnMaskInterrupt</name>
         <load_address>0x20010030</load_address>
         <run_address>0x20010030</run_address>
         <size>0xc</size>
         <input_file_ref idref="fl-17d"/>
      </object_component>
      <object_component id="oc-1e">
         <name>.text:decompress:ZI</name>
         <load_address>0x2001003c</load_address>
         <run_address>0x2001003c</run_address>
         <size>0xc</size>
         <input_file_ref idref="fl-137"/>
      </object_component>
      <object_component id="oc-1a9">
         <name>.text:sl_WlanDisconnect</name>
         <load_address>0x20010048</load_address>
         <run_address>0x20010048</run_address>
         <size>0xc</size>
         <input_file_ref idref="fl-17c"/>
      </object_component>
      <object_component id="oc-1f2">
         <name>.text:IntMasterEnable</name>
         <load_address>0x20010054</load_address>
[...]
      <symbol id="sm-1393">
         <name>osi_SyncObjClear</name>
         <value>0x20008f4b</value>
         <object_component_ref idref="oc-1e6"/>
      </symbol>
      <symbol id="sm-1394">
         <name>VStartSimpleLinkSpawnTask</name>
         <value>0x200090b5</value>
         <object_component_ref idref="oc-1e6"/>
      </symbol>
      <symbol id="sm-1395">
         <name>osi_MsgQWrite</name>
         <value>0x2000918f</value>
         <object_component_ref idref="oc-1e6"/>
      </symbol>
      <symbol id="sm-1396">
         <name>osi_Sleep</name>
         <value>0x20009259</value>
         <object_component_ref idref="oc-1e6"/>
      </symbol>
      <symbol id="sm-1397">
         <name>osi_SyncObjDelete</name>
         <value>0x20008ea5</value>
         <object_component_ref idref="oc-1e6"/>
      </symbol>
      <symbol id="sm-1398">
         <name>osi_TaskDisable</name>
         <value>0x20009269</value>
         <object_component_ref idref="oc-1e6"/>
      </symbol>
      <symbol id="sm-1399">
         <name>osi_Spawn</name>
         <value>0x20009047</value>
         <object_component_ref idref="oc-1e6"/>
      </symbol>
      <symbol id="sm-139a">
         <name>mem_Free</name>
         <value>0x20009209</value>
         <object_component_ref idref="oc-1e6"/>
      </symbol>
      <symbol id="sm-139b">
         <name>osi_ContextSave</name>
         <value>0x2000927d</value>
         <object_component_ref idref="oc-1e6"/>
      </symbol>
      <symbol id="sm-139c">
         <name>xSimpleLinkSpawnQueue</name>
         <value>0x2001960c</value>
         <object_component_ref idref="oc-41b"/>
      </symbol>
      <symbol id="sm-139d">
         <name>xSimpleLinkSpawnTaskHndl</name>
         <value>0x20019610</value>
         <object_component_ref idref="oc-41b"/>
      </symbol>
      <symbol id="sm-13c5">
         <name>vPortSetupTimerInterrupt</name>
         <value>0x2000c3a5</value>
         <object_component_ref idref="oc-38"/>
      </symbol>
      <symbol id="sm-13c6">
         <name>vPortEndScheduler</name>
         <value>0x2000c345</value>
         <object_component_ref idref="oc-38"/>
      </symbol>
      <symbol id="sm-13c7">
         <name>vPortYield</name>
         <value>0x2000c347</value>
         <object_component_ref idref="oc-38"/>
      </symbol>
      <symbol id="sm-13c8">
         <name>xPortSysTickHandler</name>
         <value>0x2000c389</value>
         <object_component_ref idref="oc-38"/>
      </symbol>
      <symbol id="sm-13c9">
         <name>pxPortInitialiseStack</name>
         <value>0x2000c2c9</value>
         <object_component_ref idref="oc-38"/>
      </symbol>
      <symbol id="sm-13ca">
         <name>vPortExitCritical</name>
         <value>0x2000c371</value>
         <object_component_ref idref="oc-38"/>
      </symbol>
      <symbol id="sm-13cb">
         <name>xPortStartScheduler</name>
         <value>0x2000c319</value>
         <object_component_ref idref="oc-38"/>
      </symbol>
      <symbol id="sm-13cc">
         <name>vPortEnterCritical</name>
         <value>0x2000c359</value>
         <object_component_ref idref="oc-38"/>
      </symbol>
      <symbol id="sm-13dd">
         <name>portCLZ</name>
         <value>0x2000d491</value>
         <object_component_ref idref="oc-33"/>
      </symbol>
      <symbol id="sm-13de">
         <name>xPortPendSVHandler</name>
         <value>0x2000d405</value>
         <object_component_ref idref="oc-33"/>
      </symbol>
      <symbol id="sm-13df">
         <name>vPortClearInterruptMask</name>
         <value>0x2000d3f7</value>
         <object_component_ref idref="oc-33"/>
      </symbol>
      <symbol id="sm-13e0">
         <name>ulPortSetInterruptMask</name>
         <value>0x2000d3e1</value>
         <object_component_ref idref="oc-33"/>
      </symbol>
      <symbol id="sm-13e1">
         <name>prvPortStartFirstTask</name>
         <value>0x2000d479</value>
         <object_component_ref idref="oc-33"/>
      </symbol>
      <symbol id="sm-13e2">
         <name>vPortSVCHandler</name>
         <value>0x2000d451</value>
         <object_component_ref idref="oc-33"/>
      </symbol>
      <symbol id="sm-1496">
         <name>xQueuePeekFromISR</name>
         <value>0x20007f5d</value>
         <object_component_ref idref="oc-415"/>
      </symbol>
      <symbol id="sm-1497">
         <name>xQueueIsQueueEmptyFromISR</name>
         <value>0x200081e3</value>
         <object_component_ref idref="oc-415"/>
      </symbol>
      <symbol id="sm-1498">
         <name>xQueueGenericSendFromISR</name>
         <value>0x20007d07</value>
         <object_component_ref idref="oc-415"/>
      </symbol>
      <symbol id="sm-1499">
         <name>uxQueueMessagesWaiting</name>
         <value>0x20007fa1</value>
         <object_component_ref idref="oc-415"/>
      </symbol>
      <symbol id="sm-149a">
         <name>vQueueAddToRegistry</name>
         <value>0x20008247</value>
         <object_component_ref idref="oc-415"/>
      </symbol>
      <symbol id="sm-149b">
         <name>xQueueIsQueueFullFromISR</name>
         <value>0x20008225</value>
         <object_component_ref idref="oc-415"/>
      </symbol>
      <symbol id="sm-149c">
         <name>xQueueSelectFromSet</name>
         <value>0x2000834d</value>
         <object_component_ref idref="oc-415"/>
      </symbol>
      <symbol id="sm-149d">
         <name>xQueueGenericCreate</name>
         <value>0x2000793d</value>
         <object_component_ref idref="oc-415"/>
      </symbol>
      <symbol id="sm-149e">
         <name>xQueueSelectFromSetFromISR</name>
         <value>0x20008367</value>
         <object_component_ref idref="oc-415"/>
      </symbol>
      <symbol id="sm-149f">
         <name>xQueueCreateMutex</name>
         <value>0x200079b3</value>
         <object_component_ref idref="oc-415"/>
      </symbol>
      <symbol id="sm-14a0">
         <name>vQueueSetQueueNumber</name>
         <value>0x2000801b</value>
         <object_component_ref idref="oc-415"/>
      </symbol>
      <symbol id="sm-14a1">
         <name>xQueueGenericSend</name>
         <value>0x20007a51</value>
         <object_component_ref idref="oc-415"/>
      </symbol>
      <symbol id="sm-14a2">
         <name>xQueueGenericReset</name>
         <value>0x200078ad</value>
         <object_component_ref idref="oc-415"/>
      </symbol>
      <symbol id="sm-14a3">
         <name>xQueueReceiveFromISR</name>
         <value>0x20007ee5</value>
         <object_component_ref idref="oc-415"/>
      </symbol>
      <symbol id="sm-14a4">
         <name>uxQueueSpacesAvailable</name>
         <value>0x20007fb7</value>
         <object_component_ref idref="oc-415"/>
      </symbol>
      <symbol id="sm-14a5">
         <name>xQueueRegistry</name>
         <value>0x200192f4</value>
         <object_component_ref idref="oc-67b"/>
      </symbol>
      <symbol id="sm-14a6">
         <name>vQueueUnregisterQueue</name>
         <value>0x20008289</value>
         <object_component_ref idref="oc-415"/>
      </symbol>
      <symbol id="sm-14a7">
         <name>xQueueAltGenericReceive</name>
         <value>0x20007c09</value>
         <object_component_ref idref="oc-415"/>
      </symbol>
      <symbol id="sm-14a8">
         <name>uxQueueMessagesWaitingFromISR</name>
         <value>0x20007fd7</value>
         <object_component_ref idref="oc-415"/>
      </symbol>
      <symbol id="sm-14a9">
         <name>uxQueueGetQueueNumber</name>
         <value>0x2000800d</value>
         <object_component_ref idref="oc-415"/>
      </symbol>
      <symbol id="sm-14aa">
         <name>xQueueGenericReceive</name>
         <value>0x20007da3</value>
         <object_component_ref idref="oc-415"/>
      </symbol>
      <symbol id="sm-14ab">
         <name>xQueueCreateCountingSemaphore</name>
         <value>0x20007a31</value>
         <object_component_ref idref="oc-415"/>
      </symbol>
      <symbol id="sm-14ac">
         <name>vQueueDelete</name>
         <value>0x20007fe9</value>
         <object_component_ref idref="oc-415"/>
      </symbol>
      <symbol id="sm-14ad">
         <name>xQueueAddToSet</name>
         <value>0x200082d7</value>
         <object_component_ref idref="oc-415"/>
      </symbol>
      <symbol id="sm-14ae">
         <name>xQueueAltGenericSend</name>
         <value>0x20007b5d</value>
         <object_component_ref idref="oc-415"/>
      </symbol>
      <symbol id="sm-14af">
         <name>xQueueCreateSet</name>
         <value>0x200082c3</value>
         <object_component_ref idref="oc-415"/>
      </symbol>
      <symbol id="sm-14b0">
         <name>xQueueRemoveFromSet</name>
         <value>0x2000830b</value>
         <object_component_ref idref="oc-415"/>
      </symbol>
      <symbol id="sm-14b1">
         <name>ucQueueGetQueueType</name>
         <value>0x2000802d</value>
         <object_component_ref idref="oc-415"/>
      </symbol>
      <symbol id="sm-1621">
         <name>vTaskDelay</name>
         <value>0x2000463b</value>
         <object_component_ref idref="oc-87"/>
      </symbol>
      <symbol id="sm-1622">
         <name>vTaskSuspendAll</name>
         <value>0x20004a9f</value>
         <object_component_ref idref="oc-87"/>
      </symbol>
      <symbol id="sm-1623">
         <name>vTaskPriorityInherit</name>
         <value>0x200054dd</value>
         <object_component_ref idref="oc-87"/>
      </symbol>
      <symbol id="sm-1624">
         <name>vTaskPlaceOnEventList</name>
         <value>0x20004e51</value>
         <object_component_ref idref="oc-87"/>
      </symbol>
      <symbol id="sm-1625">
         <name>vTaskSetTaskNumber</name>
         <value>0x200050e9</value>
         <object_component_ref idref="oc-87"/>
      </symbol>
      <symbol id="sm-1626">
         <name>xTaskCheckForTimeOut</name>
         <value>0x20005041</value>
         <object_component_ref idref="oc-87"/>
      </symbol>
      <symbol id="sm-1627">
         <name>xTaskRemoveFromUnorderedEventList</name>
         <value>0x20004fad</value>
         <object_component_ref idref="oc-87"/>
      </symbol>
      <symbol id="sm-1628">
         <name>vTaskPrioritySet</name>
         <value>0x2000475d</value>
         <object_component_ref idref="oc-87"/>
      </symbol>
      <symbol id="sm-1629">
         <name>vTaskStartScheduler</name>
         <value>0x20004a43</value>
         <object_component_ref idref="oc-87"/>
      </symbol>
      <symbol id="sm-162a">
         <name>pcTaskGetTaskName</name>
         <value>0x20004bb5</value>
         <object_component_ref idref="oc-87"/>
      </symbol>
      <symbol id="sm-162b">
         <name>vTaskPriorityDisinherit</name>
         <value>0x20005597</value>
         <object_component_ref idref="oc-87"/>
      </symbol>
      <symbol id="sm-162c">
         <name>vTaskDelayUntil</name>
         <value>0x2000459f</value>
         <object_component_ref idref="oc-87"/>
      </symbol>
      <symbol id="sm-162d">
         <name>uxTaskGetTaskNumber</name>
         <value>0x200050c9</value>
         <object_component_ref idref="oc-87"/>
      </symbol>
      <symbol id="sm-162e">
         <name>vTaskEndScheduler</name>
         <value>0x20004a8d</value>
         <object_component_ref idref="oc-87"/>
      </symbol>
      <symbol id="sm-162f">
         <name>vTaskMissedYield</name>
         <value>0x200050bb</value>
         <object_component_ref idref="oc-87"/>
      </symbol>
      <symbol id="sm-1630">
         <name>uxTaskGetNumberOfTasks</name>
         <value>0x20004ba9</value>
         <object_component_ref idref="oc-87"/>
      </symbol>
      <symbol id="sm-1631">
         <name>uxTaskPriorityGet</name>
         <value>0x20004725</value>
         <object_component_ref idref="oc-87"/>
      </symbol>
      <symbol id="sm-1632">
         <name>xTaskResumeAll</name>
         <value>0x20004ab1</value>
         <object_component_ref idref="oc-87"/>
      </symbol>
      <symbol id="sm-1633">
         <name>xTaskGetTickCount</name>
         <value>0x20004b7d</value>
         <object_component_ref idref="oc-87"/>
      </symbol>
      <symbol id="sm-1634">
         <name>xTaskGenericCreate</name>
         <value>0x20004401</value>
         <object_component_ref idref="oc-87"/>
      </symbol>
      <symbol id="sm-1635">
         <name>uxTaskGetSystemState</name>
         <value>0x20004bd9</value>
         <object_component_ref idref="oc-87"/>
      </symbol>
      <symbol id="sm-1636">
         <name>vTaskDelete</name>
         <value>0x2000450f</value>
         <object_component_ref idref="oc-87"/>
      </symbol>
      <symbol id="sm-1637">
         <name>pxCurrentTCB</name>
         <value>0x20019590</value>
         <object_component_ref idref="oc-8d"/>
      </symbol>
      <symbol id="sm-1638">
         <name>eTaskGetState</name>
         <value>0x20004691</value>
         <object_component_ref idref="oc-87"/>
      </symbol>
      <symbol id="sm-1639">
         <name>vTaskSuspend</name>
         <value>0x20004861</value>
         <object_component_ref idref="oc-87"/>
      </symbol>
      <symbol id="sm-163a">
         <name>xTaskGetIdleTaskHandle</name>
         <value>0x20004c97</value>
         <object_component_ref idref="oc-87"/>
      </symbol>
      <symbol id="sm-163b">
         <name>xTaskGetTickCountFromISR</name>
         <value>0x20004b91</value>
         <object_component_ref idref="oc-87"/>
      </symbol>
      <symbol id="sm-163c">
         <name>vTaskResume</name>
         <value>0x20004955</value>
         <object_component_ref idref="oc-87"/>
      </symbol>
      <symbol id="sm-163d">
         <name>vTaskSetTimeOutState</name>
         <value>0x2000501b</value>
         <object_component_ref idref="oc-87"/>
      </symbol>
      <symbol id="sm-163e">
         <name>xTaskIncrementTick</name>
         <value>0x20004cb5</value>
         <object_component_ref idref="oc-87"/>
      </symbol>
      <symbol id="sm-163f">
         <name>vTaskSwitchContext</name>
         <value>0x20004dd1</value>
         <object_component_ref idref="oc-87"/>
      </symbol>
      <symbol id="sm-1640">
         <name>uxTaskResetEventItemValue</name>
         <value>0x20005621</value>
         <object_component_ref idref="oc-87"/>
      </symbol>
      <symbol id="sm-1641">
         <name>xTaskGetSchedulerState</name>
         <value>0x200054a5</value>
         <object_component_ref idref="oc-87"/>
      </symbol>
      <symbol id="sm-1642">
         <name>xTaskResumeFromISR</name>
         <value>0x200049c9</value>
         <object_component_ref idref="oc-87"/>
      </symbol>
      <symbol id="sm-1643">
         <name>xTaskGetCurrentTaskHandle</name>
         <value>0x20005491</value>
         <object_component_ref idref="oc-87"/>
      </symbol>
      <symbol id="sm-1644">
         <name>vTaskPlaceOnUnorderedEventList</name>
         <value>0x20004eb5</value>
         <object_component_ref idref="oc-87"/>
      </symbol>
      <symbol id="sm-1645">
         <name>xTaskRemoveFromEventList</name>
         <value>0x20004f25</value>
         <object_component_ref idref="oc-87"/>
      </symbol>
      <symbol id="sm-1655">
         <name>pvPortMalloc</name>
         <value>0x2000f629</value>
         <object_component_ref idref="oc-f2"/>
      </symbol>
      <symbol id="sm-1656">
         <name>vPortFree</name>
         <value>0x2000f649</value>
         <object_component_ref idref="oc-f2"/>
      </symbol>
      <symbol id="sm-166c">
         <name>uxListRemove</name>
         <value>0x2000c043</value>
         <object_component_ref idref="oc-e2"/>
      </symbol>
      <symbol id="sm-166d">
         <name>vListInsert</name>
         <value>0x2000bfdd</value>
         <object_component_ref idref="oc-e2"/>
      </symbol>
      <symbol id="sm-166e">
         <name>vListInitialiseItem</name>
         <value>0x2000bf91</value>
         <object_component_ref idref="oc-e2"/>
      </symbol>
      <symbol id="sm-166f">
         <name>vListInsertEnd</name>
         <value>0x2000bfa1</value>
         <object_component_ref idref="oc-e2"/>
      </symbol>
      <symbol id="sm-1670">
         <name>vListInitialise</name>
         <value>0x2000bf61</value>
         <object_component_ref idref="oc-e2"/>
      </symbol>
      <symbol id="sm-1710">
         <name>SPIFIFODisable</name>
         <value>0x2000fda9</value>
         <object_component_ref idref="oc-62a"/>
      </symbol>
      <symbol id="sm-1711">
         <name>SPICSEnable</name>
         <value>0x2000fe0d</value>
         <object_component_ref idref="oc-7b9"/>
      </symbol>
      <symbol id="sm-1712">
         <name>SPIDisable</name>
         <value>0x2000fe25</value>
         <object_component_ref idref="oc-5b8"/>
      </symbol>
      <symbol id="sm-1713">
         <name>SPIFIFOEnable</name>
         <value>0x2000fdc3</value>
         <object_component_ref idref="oc-5d6"/>
      </symbol>
      <symbol id="sm-1714">
         <name>SPIWordCountSet</name>
         <value>0x2000fb99</value>
         <object_component_ref idref="oc-7bf"/>
      </symbol>
      <symbol id="sm-1715">
         <name>SPIEnable</name>
         <value>0x2000fe3d</value>
         <object_component_ref idref="oc-5ee"/>
      </symbol>
      <symbol id="sm-1716">
         <name>SPIDmaEnable</name>
         <value>0x2000fd8f</value>
         <object_component_ref idref="oc-5dc"/>
      </symbol>
      <symbol id="sm-1717">
         <name>SPIConfigSetExpClk</name>
         <value>0x2000d755</value>
         <object_component_ref idref="oc-5c4"/>
      </symbol>
      <symbol id="sm-1718">
         <name>SPIFIFOLevelSet</name>
         <value>0x2000f739</value>
         <object_component_ref idref="oc-5e2"/>
      </symbol>
      <symbol id="sm-1719">
         <name>SPIDmaDisable</name>
         <value>0x2000fd75</value>
         <object_component_ref idref="oc-630"/>
      </symbol>
      <symbol id="sm-171a">
         <name>SPIReset</name>
         <value>0x2000fb77</value>
         <object_component_ref idref="oc-5be"/>
      </symbol>
      <symbol id="sm-171b">
         <name>SPIIntEnable</name>
         <value>0x2000ef01</value>
         <object_component_ref idref="oc-5e8"/>
      </symbol>
      <symbol id="sm-171c">
         <name>SPIIntClear</name>
         <value>0x2000f115</value>
         <object_component_ref idref="oc-74f"/>
      </symbol>
      <symbol id="sm-171d">
         <name>SPICSDisable</name>
         <value>0x2000fdf5</value>
         <object_component_ref idref="oc-5b2"/>
      </symbol>
      <symbol id="sm-1774">
         <name>uDMAChannelControlSet</name>
         <value>0x2000f5b5</value>
         <object_component_ref idref="oc-874"/>
      </symbol>
      <symbol id="sm-1775">
         <name>uDMAChannelAttributeEnable</name>
         <value>0x2000eacd</value>
         <object_component_ref idref="oc-87a"/>
      </symbol>
      <symbol id="sm-1776">
         <name>uDMAChannelTransferSet</name>
         <value>0x2000cbe5</value>
         <object_component_ref idref="oc-880"/>
      </symbol>
      <symbol id="sm-1777">
         <name>uDMAChannelAssign</name>
         <value>0x2000f0c9</value>
         <object_component_ref idref="oc-733"/>
      </symbol>
      <symbol id="sm-1778">
         <name>uDMAChannelAttributeDisable</name>
         <value>0x2000ea69</value>
         <object_component_ref idref="oc-739"/>
      </symbol>
      <symbol id="sm-1779">
         <name>uDMAChannelEnable</name>
         <value>0x2000fd25</value>
         <object_component_ref idref="oc-886"/>
      </symbol>
      <symbol id="sm-177a">
         <name>__TI_static_base__</name>
         <value>0x20010800</value>
      </symbol>
      <symbol id="sm-177d">
         <name>SHT$$INIT_ARRAY$$Limit</name>
         <value>0x0</value>
      </symbol>
      <symbol id="sm-177e">
         <name>SHT$$INIT_ARRAY$$Base</name>
         <value>0x0</value>
      </symbol>
   </symbol_table>
   <title>Link successful</title>
</link_info>
